###############################################################################
#
# IAR ELF Linker V9.40.1.364/W64 for ARM                  29/May/2026  22:57:33
# Copyright 2007-2023 IAR Systems AB.
#
#    Output file  =
#        C:\Users\Administrator\Desktop\¬÷Õ»\ygcz_demo\project\iar\project_config\Debug_m7_0\Exe\cyt4bb7_cm_7_0.out
#    Map file     =
#        C:\Users\Administrator\Desktop\¬÷Õ»\ygcz_demo\project\iar\Debug_m7_0\List\cyt4bb7_cm_7_0.map
#    Command line =
#        -f
#        C:\Users\Administrator\Desktop\¬÷Õ»\ygcz_demo\project\iar\project_config\Debug_m7_0\Exe\cyt4bb7_cm_7_0.out.rsp
#        (C:\Users\Administrator\Desktop\¬÷Õ»\ygcz_demo\project\iar\Debug_m7_0\Obj\code_17896468042025673432.dir\camera.o
#        C:\Users\Administrator\Desktop\¬÷Õ»\ygcz_demo\project\iar\Debug_m7_0\Obj\code_17896468042025673432.dir\camera_image_processing.o
#        C:\Users\Administrator\Desktop\¬÷Õ»\ygcz_demo\project\iar\Debug_m7_0\Obj\user_8514941877209965082.dir\cm7_0_isr.o
#        C:\Users\Administrator\Desktop\¬÷Õ»\ygcz_demo\project\iar\Debug_m7_0\Obj\adc_11722776235721520015.dir\cy_adc.o
#        C:\Users\Administrator\Desktop\¬÷Õ»\ygcz_demo\project\iar\Debug_m7_0\Obj\button_4990804375159372270.dir\cy_button.o
#        C:\Users\Administrator\Desktop\¬÷Õ»\ygcz_demo\project\iar\Debug_m7_0\Obj\canfd_1800690984773873875.dir\cy_canfd.o
#        C:\Users\Administrator\Desktop\¬÷Õ»\ygcz_demo\project\iar\Debug_m7_0\Obj\cpu_15938736945165268644.dir\cy_cpu.o
#        C:\Users\Administrator\Desktop\¬÷Õ»\ygcz_demo\project\iar\Debug_m7_0\Obj\crypto_1190170608956581615.dir\cy_crypto_config.o
#        C:\Users\Administrator\Desktop\¬÷Õ»\ygcz_demo\project\iar\Debug_m7_0\Obj\eth_phy_18133017486186456677.dir\cy_dp83867.o
#        C:\Users\Administrator\Desktop\¬÷Õ»\ygcz_demo\project\iar\Debug_m7_0\Obj\ethernet_6029839089178797009.dir\cy_ethif.o
#        C:\Users\Administrator\Desktop\¬÷Õ»\ygcz_demo\project\iar\Debug_m7_0\Obj\evtgen_3404189088603873129.dir\cy_evtgen.o
#        C:\Users\Administrator\Desktop\¬÷Õ»\ygcz_demo\project\iar\Debug_m7_0\Obj\flash_8529866181315662935.dir\cy_flash.o
#        C:\Users\Administrator\Desktop\¬÷Õ»\ygcz_demo\project\iar\Debug_m7_0\Obj\gpio_3999404635324069351.dir\cy_gpio.o
#        C:\Users\Administrator\Desktop\¬÷Õ»\ygcz_demo\project\iar\Debug_m7_0\Obj\audioss_1346650047966882938.dir\cy_i2s.o
#        C:\Users\Administrator\Desktop\¬÷Õ»\ygcz_demo\project\iar\Debug_m7_0\Obj\rev_b_6162237342861132223.dir\cy_interrupt_map.o
#        C:\Users\Administrator\Desktop\¬÷Õ»\ygcz_demo\project\iar\Debug_m7_0\Obj\ipc_10145506163450686023.dir\cy_ipc_drv.o
#        C:\Users\Administrator\Desktop\¬÷Õ»\ygcz_demo\project\iar\Debug_m7_0\Obj\ipc_10145506163450686023.dir\cy_ipc_pipe.o
#        C:\Users\Administrator\Desktop\¬÷Õ»\ygcz_demo\project\iar\Debug_m7_0\Obj\ipc_10145506163450686023.dir\cy_ipc_sema.o
#        C:\Users\Administrator\Desktop\¬÷Õ»\ygcz_demo\project\iar\Debug_m7_0\Obj\lin_18429031207028094880.dir\cy_lin.o
#        C:\Users\Administrator\Desktop\¬÷Õ»\ygcz_demo\project\iar\Debug_m7_0\Obj\lvd_6353935867039560245.dir\cy_lvd.o
#        C:\Users\Administrator\Desktop\¬÷Õ»\ygcz_demo\project\iar\Debug_m7_0\Obj\mcwdt_4052485907822033969.dir\cy_mcwdt.o
#        C:\Users\Administrator\Desktop\¬÷Õ»\ygcz_demo\project\iar\Debug_m7_0\Obj\dma_12106025507578611576.dir\cy_mdma.o
#        C:\Users\Administrator\Desktop\¬÷Õ»\ygcz_demo\project\iar\Debug_m7_0\Obj\mpu_5663187252346826382.dir\cy_mpu.o
#        C:\Users\Administrator\Desktop\¬÷Õ»\ygcz_demo\project\iar\Debug_m7_0\Obj\flash_864493325053435817.dir\cy_mw_flash.o
#        C:\Users\Administrator\Desktop\¬÷Õ»\ygcz_demo\project\iar\Debug_m7_0\Obj\dma_12106025507578611576.dir\cy_pdma.o
#        C:\Users\Administrator\Desktop\¬÷Õ»\ygcz_demo\project\iar\Debug_m7_0\Obj\power_14453085144426420577.dir\cy_power.o
#        C:\Users\Administrator\Desktop\¬÷Õ»\ygcz_demo\project\iar\Debug_m7_0\Obj\prot_10722960861768657883.dir\cy_prot.o
#        C:\Users\Administrator\Desktop\¬÷Õ»\ygcz_demo\project\iar\Debug_m7_0\Obj\scb_15490842639181808494.dir\cy_scb_common.o
#        C:\Users\Administrator\Desktop\¬÷Õ»\ygcz_demo\project\iar\Debug_m7_0\Obj\scb_15490842639181808494.dir\cy_scb_ezi2c.o
#        C:\Users\Administrator\Desktop\¬÷Õ»\ygcz_demo\project\iar\Debug_m7_0\Obj\scb_15490842639181808494.dir\cy_scb_i2c.o
#        C:\Users\Administrator\Desktop\¬÷Õ»\ygcz_demo\project\iar\Debug_m7_0\Obj\scb_15490842639181808494.dir\cy_scb_spi.o
#        C:\Users\Administrator\Desktop\¬÷Õ»\ygcz_demo\project\iar\Debug_m7_0\Obj\scb_15490842639181808494.dir\cy_scb_uart.o
#        C:\Users\Administrator\Desktop\¬÷Õ»\ygcz_demo\project\iar\Debug_m7_0\Obj\sd_host_2982766354293506895.dir\cy_sd_host.o
#        C:\Users\Administrator\Desktop\¬÷Õ»\ygcz_demo\project\iar\Debug_m7_0\Obj\semihosting_143864889731838620.dir\cy_semihosting.o
#        C:\Users\Administrator\Desktop\¬÷Õ»\ygcz_demo\project\iar\Debug_m7_0\Obj\smartio_5451710003740070188.dir\cy_smartio.o
#        C:\Users\Administrator\Desktop\¬÷Õ»\ygcz_demo\project\iar\Debug_m7_0\Obj\smif_427648126384146252.dir\cy_smif.o
#        C:\Users\Administrator\Desktop\¬÷Õ»\ygcz_demo\project\iar\Debug_m7_0\Obj\smif_mem_6470536964353725183.dir\cy_smif_device_common.o
#        C:\Users\Administrator\Desktop\¬÷Õ»\ygcz_demo\project\iar\Debug_m7_0\Obj\smif_mem_6470536964353725183.dir\cy_smif_hb_flash.o
#        C:\Users\Administrator\Desktop\¬÷Õ»\ygcz_demo\project\iar\Debug_m7_0\Obj\smif_427648126384146252.dir\cy_smif_memslot.o
#        C:\Users\Administrator\Desktop\¬÷Õ»\ygcz_demo\project\iar\Debug_m7_0\Obj\smif_mem_6470536964353725183.dir\cy_smif_s25fl.o
#        C:\Users\Administrator\Desktop\¬÷Õ»\ygcz_demo\project\iar\Debug_m7_0\Obj\smif_mem_6470536964353725183.dir\cy_smif_s25fs.o
#        C:\Users\Administrator\Desktop\¬÷Õ»\ygcz_demo\project\iar\Debug_m7_0\Obj\smif_mem_6470536964353725183.dir\cy_smif_semp.o
#        C:\Users\Administrator\Desktop\¬÷Õ»\ygcz_demo\project\iar\Debug_m7_0\Obj\smif_427648126384146252.dir\cy_smif_ver_specific.o
#        C:\Users\Administrator\Desktop\¬÷Õ»\ygcz_demo\project\iar\Debug_m7_0\Obj\srom_13018798572330080582.dir\cy_srom.o
#        C:\Users\Administrator\Desktop\¬÷Õ»\ygcz_demo\project\iar\Debug_m7_0\Obj\sw_timer_4215635015939382130.dir\cy_sw_tmr.o
#        C:\Users\Administrator\Desktop\¬÷Õ»\ygcz_demo\project\iar\Debug_m7_0\Obj\sysclk_16149231235676103872.dir\cy_sysclk.o
#        C:\Users\Administrator\Desktop\¬÷Õ»\ygcz_demo\project\iar\Debug_m7_0\Obj\sysflt_12293435975120599261.dir\cy_sysflt.o
#        C:\Users\Administrator\Desktop\¬÷Õ»\ygcz_demo\project\iar\Debug_m7_0\Obj\sysint_7435970359207984181.dir\cy_sysint.o
#        C:\Users\Administrator\Desktop\¬÷Õ»\ygcz_demo\project\iar\Debug_m7_0\Obj\syslib_16330585751512546975.dir\cy_syslib.o
#        C:\Users\Administrator\Desktop\¬÷Õ»\ygcz_demo\project\iar\Debug_m7_0\Obj\syslib_16330585751512546975.dir\cy_syslib_iar.o
#        C:\Users\Administrator\Desktop\¬÷Õ»\ygcz_demo\project\iar\Debug_m7_0\Obj\syspm_10887939769544754770.dir\cy_syspm.o
#        C:\Users\Administrator\Desktop\¬÷Õ»\ygcz_demo\project\iar\Debug_m7_0\Obj\sysreghc_17676636058511625587.dir\cy_sysreghc.o
#        C:\Users\Administrator\Desktop\¬÷Õ»\ygcz_demo\project\iar\Debug_m7_0\Obj\sysreset_14586141425677365288.dir\cy_sysreset.o
#        C:\Users\Administrator\Desktop\¬÷Õ»\ygcz_demo\project\iar\Debug_m7_0\Obj\sysrtc_10747768817563771611.dir\cy_sysrtc.o
#        C:\Users\Administrator\Desktop\¬÷Õ»\ygcz_demo\project\iar\Debug_m7_0\Obj\systick_16016591671695740695.dir\cy_systick.o
#        C:\Users\Administrator\Desktop\¬÷Õ»\ygcz_demo\project\iar\Debug_m7_0\Obj\syswdt_9118657615806274156.dir\cy_syswdt.o
#        C:\Users\Administrator\Desktop\¬÷Õ»\ygcz_demo\project\iar\Debug_m7_0\Obj\tcpwm_422923530147891246.dir\cy_tcpwm.o
#        C:\Users\Administrator\Desktop\¬÷Õ»\ygcz_demo\project\iar\Debug_m7_0\Obj\tcpwm_422923530147891246.dir\cy_tcpwm_counter.o
#        C:\Users\Administrator\Desktop\¬÷Õ»\ygcz_demo\project\iar\Debug_m7_0\Obj\tcpwm_422923530147891246.dir\cy_tcpwm_pwm.o
#        C:\Users\Administrator\Desktop\¬÷Õ»\ygcz_demo\project\iar\Debug_m7_0\Obj\tcpwm_422923530147891246.dir\cy_tcpwm_quaddec.o
#        C:\Users\Administrator\Desktop\¬÷Õ»\ygcz_demo\project\iar\Debug_m7_0\Obj\tcpwm_422923530147891246.dir\cy_tcpwm_sr.o
#        C:\Users\Administrator\Desktop\¬÷Õ»\ygcz_demo\project\iar\Debug_m7_0\Obj\trigmux_9729677290734583340.dir\cy_trigmux.o
#        C:\Users\Administrator\Desktop\¬÷Õ»\ygcz_demo\project\iar\Debug_m7_0\Obj\ethernet_6029839089178797009.dir\edd.o
#        C:\Users\Administrator\Desktop\¬÷Õ»\ygcz_demo\project\iar\Debug_m7_0\Obj\ethernet_6029839089178797009.dir\edd_rx.o
#        C:\Users\Administrator\Desktop\¬÷Õ»\ygcz_demo\project\iar\Debug_m7_0\Obj\ethernet_6029839089178797009.dir\edd_tx.o
#        C:\Users\Administrator\Desktop\¬÷Õ»\ygcz_demo\project\iar\Debug_m7_0\Obj\code_17896468042025673432.dir\filter.o
#        C:\Users\Administrator\Desktop\¬÷Õ»\ygcz_demo\project\iar\Debug_m7_0\Obj\code_17896468042025673432.dir\flag_value.o
#        C:\Users\Administrator\Desktop\¬÷Õ»\ygcz_demo\project\iar\Debug_m7_0\Obj\code_17896468042025673432.dir\flash.o
#        C:\Users\Administrator\Desktop\¬÷Õ»\ygcz_demo\project\iar\Debug_m7_0\Obj\code_17896468042025673432.dir\imu.o
#        C:\Users\Administrator\Desktop\¬÷Õ»\ygcz_demo\project\iar\Debug_m7_0\Obj\code_17896468042025673432.dir\ins.o
#        C:\Users\Administrator\Desktop\¬÷Õ»\ygcz_demo\project\iar\Debug_m7_0\Obj\user_8514941877209965082.dir\main_cm7_0.o
#        C:\Users\Administrator\Desktop\¬÷Õ»\ygcz_demo\project\iar\Debug_m7_0\Obj\code_17896468042025673432.dir\pid.o
#        C:\Users\Administrator\Desktop\¬÷Õ»\ygcz_demo\project\iar\Debug_m7_0\Obj\code_17896468042025673432.dir\remote_control.o
#        C:\Users\Administrator\Desktop\¬÷Õ»\ygcz_demo\project\iar\Debug_m7_0\Obj\code_17896468042025673432.dir\screen.o
#        C:\Users\Administrator\Desktop\¬÷Õ»\ygcz_demo\project\iar\Debug_m7_0\Obj\zf_components_14936052685886095442.dir\seekfree_assistant.o
#        C:\Users\Administrator\Desktop\¬÷Õ»\ygcz_demo\project\iar\Debug_m7_0\Obj\zf_components_14936052685886095442.dir\seekfree_assistant_interface.o
#        C:\Users\Administrator\Desktop\¬÷Õ»\ygcz_demo\project\iar\Debug_m7_0\Obj\code_17896468042025673432.dir\servo.o
#        C:\Users\Administrator\Desktop\¬÷Õ»\ygcz_demo\project\iar\Debug_m7_0\Obj\code_17896468042025673432.dir\small_driver_uart_control.o
#        C:\Users\Administrator\Desktop\¬÷Õ»\ygcz_demo\project\iar\Debug_m7_0\Obj\startup_479057977785470282.dir\startup.o
#        C:\Users\Administrator\Desktop\¬÷Õ»\ygcz_demo\project\iar\Debug_m7_0\Obj\startup_479057977785470282.dir\startup_cm7.o
#        C:\Users\Administrator\Desktop\¬÷Õ»\ygcz_demo\project\iar\Debug_m7_0\Obj\rev_b_4986922561640112550.dir\system_tviibh4m_cm7.o
#        C:\Users\Administrator\Desktop\¬÷Õ»\ygcz_demo\project\iar\Debug_m7_0\Obj\zf_common_1201165462030747823.dir\zf_common_clock.o
#        C:\Users\Administrator\Desktop\¬÷Õ»\ygcz_demo\project\iar\Debug_m7_0\Obj\zf_common_1201165462030747823.dir\zf_common_debug.o
#        C:\Users\Administrator\Desktop\¬÷Õ»\ygcz_demo\project\iar\Debug_m7_0\Obj\zf_common_1201165462030747823.dir\zf_common_fifo.o
#        C:\Users\Administrator\Desktop\¬÷Õ»\ygcz_demo\project\iar\Debug_m7_0\Obj\zf_common_1201165462030747823.dir\zf_common_font.o
#        C:\Users\Administrator\Desktop\¬÷Õ»\ygcz_demo\project\iar\Debug_m7_0\Obj\zf_common_1201165462030747823.dir\zf_common_function.o
#        C:\Users\Administrator\Desktop\¬÷Õ»\ygcz_demo\project\iar\Debug_m7_0\Obj\zf_common_1201165462030747823.dir\zf_common_interrupt.o
#        C:\Users\Administrator\Desktop\¬÷Õ»\ygcz_demo\project\iar\Debug_m7_0\Obj\zf_device_6570275422786408770.dir\zf_device_ble6a20.o
#        C:\Users\Administrator\Desktop\¬÷Õ»\ygcz_demo\project\iar\Debug_m7_0\Obj\zf_device_6570275422786408770.dir\zf_device_dl1a.o
#        C:\Users\Administrator\Desktop\¬÷Õ»\ygcz_demo\project\iar\Debug_m7_0\Obj\zf_device_6570275422786408770.dir\zf_device_dl1b.o
#        C:\Users\Administrator\Desktop\¬÷Õ»\ygcz_demo\project\iar\Debug_m7_0\Obj\zf_device_6570275422786408770.dir\zf_device_gnss.o
#        C:\Users\Administrator\Desktop\¬÷Õ»\ygcz_demo\project\iar\Debug_m7_0\Obj\zf_device_6570275422786408770.dir\zf_device_icm20602.o
#        C:\Users\Administrator\Desktop\¬÷Õ»\ygcz_demo\project\iar\Debug_m7_0\Obj\zf_device_6570275422786408770.dir\zf_device_imu660ra.o
#        C:\Users\Administrator\Desktop\¬÷Õ»\ygcz_demo\project\iar\Debug_m7_0\Obj\zf_device_6570275422786408770.dir\zf_device_imu660rb.o
#        C:\Users\Administrator\Desktop\¬÷Õ»\ygcz_demo\project\iar\Debug_m7_0\Obj\zf_device_6570275422786408770.dir\zf_device_imu660rc.o
#        C:\Users\Administrator\Desktop\¬÷Õ»\ygcz_demo\project\iar\Debug_m7_0\Obj\zf_device_6570275422786408770.dir\zf_device_imu963ra.o
#        C:\Users\Administrator\Desktop\¬÷Õ»\ygcz_demo\project\iar\Debug_m7_0\Obj\zf_device_6570275422786408770.dir\zf_device_ips114.o
#        C:\Users\Administrator\Desktop\¬÷Õ»\ygcz_demo\project\iar\Debug_m7_0\Obj\zf_device_6570275422786408770.dir\zf_device_ips200.o
#        C:\Users\Administrator\Desktop\¬÷Õ»\ygcz_demo\project\iar\Debug_m7_0\Obj\zf_device_6570275422786408770.dir\zf_device_ips200pro.o
#        C:\Users\Administrator\Desktop\¬÷Õ»\ygcz_demo\project\iar\Debug_m7_0\Obj\zf_device_6570275422786408770.dir\zf_device_key.o
#        C:\Users\Administrator\Desktop\¬÷Õ»\ygcz_demo\project\iar\Debug_m7_0\Obj\zf_device_6570275422786408770.dir\zf_device_lora3a22.o
#        C:\Users\Administrator\Desktop\¬÷Õ»\ygcz_demo\project\iar\Debug_m7_0\Obj\zf_device_6570275422786408770.dir\zf_device_menc15a.o
#        C:\Users\Administrator\Desktop\¬÷Õ»\ygcz_demo\project\iar\Debug_m7_0\Obj\zf_device_6570275422786408770.dir\zf_device_mt9v03x.o
#        C:\Users\Administrator\Desktop\¬÷Õ»\ygcz_demo\project\iar\Debug_m7_0\Obj\zf_device_6570275422786408770.dir\zf_device_oled.o
#        C:\Users\Administrator\Desktop\¬÷Õ»\ygcz_demo\project\iar\Debug_m7_0\Obj\zf_device_6570275422786408770.dir\zf_device_pmw3901.o
#        C:\Users\Administrator\Desktop\¬÷Õ»\ygcz_demo\project\iar\Debug_m7_0\Obj\zf_device_6570275422786408770.dir\zf_device_tft180.o
#        C:\Users\Administrator\Desktop\¬÷Õ»\ygcz_demo\project\iar\Debug_m7_0\Obj\zf_device_6570275422786408770.dir\zf_device_tsl1401.o
#        C:\Users\Administrator\Desktop\¬÷Õ»\ygcz_demo\project\iar\Debug_m7_0\Obj\zf_device_6570275422786408770.dir\zf_device_type.o
#        C:\Users\Administrator\Desktop\¬÷Õ»\ygcz_demo\project\iar\Debug_m7_0\Obj\zf_device_6570275422786408770.dir\zf_device_uart_receiver.o
#        C:\Users\Administrator\Desktop\¬÷Õ»\ygcz_demo\project\iar\Debug_m7_0\Obj\zf_device_6570275422786408770.dir\zf_device_wifi_spi.o
#        C:\Users\Administrator\Desktop\¬÷Õ»\ygcz_demo\project\iar\Debug_m7_0\Obj\zf_device_6570275422786408770.dir\zf_device_wifi_uart.o
#        C:\Users\Administrator\Desktop\¬÷Õ»\ygcz_demo\project\iar\Debug_m7_0\Obj\zf_device_6570275422786408770.dir\zf_device_wireless_uart.o
#        C:\Users\Administrator\Desktop\¬÷Õ»\ygcz_demo\project\iar\Debug_m7_0\Obj\zf_driver_11922370083829174090.dir\zf_driver_adc.o
#        C:\Users\Administrator\Desktop\¬÷Õ»\ygcz_demo\project\iar\Debug_m7_0\Obj\zf_driver_11922370083829174090.dir\zf_driver_delay.o
#        C:\Users\Administrator\Desktop\¬÷Õ»\ygcz_demo\project\iar\Debug_m7_0\Obj\zf_driver_11922370083829174090.dir\zf_driver_dma.o
#        C:\Users\Administrator\Desktop\¬÷Õ»\ygcz_demo\project\iar\Debug_m7_0\Obj\zf_driver_11922370083829174090.dir\zf_driver_encoder.o
#        C:\Users\Administrator\Desktop\¬÷Õ»\ygcz_demo\project\iar\Debug_m7_0\Obj\zf_driver_11922370083829174090.dir\zf_driver_exti.o
#        C:\Users\Administrator\Desktop\¬÷Õ»\ygcz_demo\project\iar\Debug_m7_0\Obj\zf_driver_11922370083829174090.dir\zf_driver_flash.o
#        C:\Users\Administrator\Desktop\¬÷Õ»\ygcz_demo\project\iar\Debug_m7_0\Obj\zf_driver_11922370083829174090.dir\zf_driver_gpio.o
#        C:\Users\Administrator\Desktop\¬÷Õ»\ygcz_demo\project\iar\Debug_m7_0\Obj\zf_driver_11922370083829174090.dir\zf_driver_ipc.o
#        C:\Users\Administrator\Desktop\¬÷Õ»\ygcz_demo\project\iar\Debug_m7_0\Obj\zf_driver_11922370083829174090.dir\zf_driver_pit.o
#        C:\Users\Administrator\Desktop\¬÷Õ»\ygcz_demo\project\iar\Debug_m7_0\Obj\zf_driver_11922370083829174090.dir\zf_driver_pwm.o
#        C:\Users\Administrator\Desktop\¬÷Õ»\ygcz_demo\project\iar\Debug_m7_0\Obj\zf_driver_11922370083829174090.dir\zf_driver_soft_iic.o
#        C:\Users\Administrator\Desktop\¬÷Õ»\ygcz_demo\project\iar\Debug_m7_0\Obj\zf_driver_11922370083829174090.dir\zf_driver_soft_spi.o
#        C:\Users\Administrator\Desktop\¬÷Õ»\ygcz_demo\project\iar\Debug_m7_0\Obj\zf_driver_11922370083829174090.dir\zf_driver_spi.o
#        C:\Users\Administrator\Desktop\¬÷Õ»\ygcz_demo\project\iar\Debug_m7_0\Obj\zf_driver_11922370083829174090.dir\zf_driver_timer.o
#        C:\Users\Administrator\Desktop\¬÷Õ»\ygcz_demo\project\iar\Debug_m7_0\Obj\zf_driver_11922370083829174090.dir\zf_driver_uart.o
#        --no_out_extension -o
#        C:\Users\Administrator\Desktop\¬÷Õ»\ygcz_demo\project\iar\project_config\Debug_m7_0\Exe\cyt4bb7_cm_7_0.out
#        --config_def _CORE_cm7_0_=0 --config_def _LINK_flash_=0 --map
#        C:\Users\Administrator\Desktop\¬÷Õ»\ygcz_demo\project\iar\Debug_m7_0\List\cyt4bb7_cm_7_0.map
#        --config
#        C:\Users\Administrator\Desktop\¬÷Õ»\ygcz_demo\project\iar\project_config\..\icf\linker_directives_tviibh.icf
#        --semihosting
#        C:\Users\Administrator\Desktop\¬÷Õ»\ygcz_demo\project\iar\project_config\..\..\..\libraries\sdk\tviibh4m\src\drivers\crypto\libs\libcrypto_server_cm0plus_iar.a
#        C:\Users\Administrator\Desktop\¬÷Õ»\ygcz_demo\project\iar\project_config\..\..\..\libraries\zf_device\zf_device_config.a
#        C:\Users\Administrator\Desktop\¬÷Õ»\ygcz_demo\project\iar\project_config\..\..\..\libraries\sdk\common\hdr\cmsis\dsp\iar_cortexM7lf_math.a
#        --entry __iar_program_start --vfe --text_out locale --cpu=Cortex-M7
#        --fpu=VFPv5_d16) --dependencies=n
#        C:\Users\Administrator\Desktop\¬÷Õ»\ygcz_demo\project\iar\project_config\Debug_m7_0\Exe\cyt4bb7_cm_7_0.out.iar_deps
#
###############################################################################

*******************************************************************************
*** RUNTIME MODEL ATTRIBUTES
***

CppFlavor       = *
__CPP_Runtime   = 1
__Heap_Handler  = Basic
__SystemLibrary = DLib
__dlib_version  = 6


*******************************************************************************
*** HEAP SELECTION
***

The basic heap was selected because --advanced_heap
was not specified and the application did not appear to
be primarily optimized for speed.


*******************************************************************************
*** PLACEMENT SUMMARY
***

"A0":  place at start of [from 0x1008'0000 to 0x1027'ffff] { section .intvec };
"P1":  place in [from 0x1008'0000 to 0x1027'ffff] { ro };
"P2":  place in [from 0x2802'0000 to 0x2807'ffff] { rw };
define block HEAP with size = 1K, alignment = 8 { };
define block CSTACK with size = 8K, alignment = 8 { };
define block HEAP_STACK { block HEAP, last block CSTACK };
"A1":  place at end of [from 0x2802'0000 to 0x2807'ffff] { block HEAP_STACK };
do not initialize { section .intvec_ram };
initialize by copy { rw };

No sections matched the following patterns:

  ro section .sflash_app_prot  in "P6"
  ro section .sflash_nar       in "P4"
  ro section .sflash_pkey      in "P5"
  ro section .sflash_toc2      in "P7"
  ro section .sflash_uf_rows   in "P3"
  ro section .work_flash       in "P8"
  section .global_ram_data     in "P9"


  Section            Kind         Address    Size  Object
  -------            ----         -------    ----  ------
"A0":                                        0x80
  .intvec            ro code  0x1008'0000    0x80  startup_cm7.o [31]
                            - 0x1008'0080    0x80

"P1":                                      0xb36d
  .text              ro code  0x1008'0080   0xeae  xprintffull_nomb.o [50]
  .text              ro code  0x1008'0f2e    0x7e  lz77_init_single.o [52]
  .text              ro code  0x1008'0fac    0x16  strchr.o [52]
  .text              ro code  0x1008'0fc2     0xa  xsprout.o [50]
  .text              ro code  0x1008'0fcc    0x40  xfail_s.o [50]
  .text              ro code  0x1008'100c    0x36  strlen.o [52]
  .rodata            const    0x1008'1042     0x1  servo.o [5]
  .text              ro code  0x1008'1044    0x58  memchr.o [52]
  .text              ro code  0x1008'109c    0xa6  ABImemcpy.o [52]
  .text              ro code  0x1008'1144    0x70  frexp.o [51]
  .text              ro code  0x1008'11b4    0x34  DblCmpLe.o [51]
  .text              ro code  0x1008'11e8    0x34  DblCmpGe.o [51]
  .text              ro code  0x1008'121c   0x104  ldexp.o [51]
  .text              ro code  0x1008'1320     0xe  DblToS32.o [51]
  .text              ro code  0x1008'132e     0xe  S32ToDbl.o [51]
  .text              ro code  0x1008'133c    0x12  DblSub.o [51]
  .text              ro code  0x1008'134e    0x12  DblDiv.o [51]
  .text              ro code  0x1008'1360     0xe  DblToU32.o [51]
  .text              ro code  0x1008'136e     0xe  U32ToDbl.o [51]
  .text              ro code  0x1008'137c    0x12  DblMul.o [51]
  .text              ro code  0x1008'1390   0x230  I64DivMod.o [52]
  .text              ro code  0x1008'15c0     0x6  abort.o [50]
  .text              ro code  0x1008'15c8     0x2  I64DivZer.o [52]
  .text              ro code  0x1008'15cc    0x14  exit.o [53]
  .text              ro code  0x1008'15e0   0xe18  zf_driver_pwm.o [49]
  .text              ro code  0x1008'23f8   0x444  zf_common_debug.o [46]
  .text              ro code  0x1008'283c    0x66  ABImemset.o [52]
  .text              ro code  0x1008'28a4   0x194  cy_gpio.o [14]
  .text              ro code  0x1008'2a38   0x20a  cy_tcpwm_pwm.o [43]
  .text              ro code  0x1008'2c42     0xc  cy_tcpwm.o [43]
  .text              ro code  0x1008'2c50   0xd7c  zf_driver_uart.o [49]
  .text              ro code  0x1008'39cc    0x40  sprintf.o [50]
  .text              ro code  0x1008'3a0c   0x3d4  zf_common_fifo.o [46]
  .text              ro code  0x1008'3de0    0xe2  zf_common_interrupt.o [46]
  .text              ro code  0x1008'3ec4     0x6  ABImemclr4.o [52]
  .text              ro code  0x1008'3ecc   0x314  cy_scb_uart.o [24]
  .text              ro code  0x1008'41e0    0xac  cy_sysint.o [35]
  .text              ro code  0x1008'428c    0x32  ABImemset48.o [52]
  .text              ro code  0x1008'42c0   0xca8  zf_driver_spi.o [49]
  .text              ro code  0x1008'4f68   0x1f0  cy_scb_spi.o [24]
  .text              ro code  0x1008'5158   0xb04  servo.o [5]
  .text              ro code  0x1008'5c5c    0x1e  sqrt.o [51]
  .text              ro code  0x1008'5c7a     0xc  cy_syslib.o [36]
  .text              ro code  0x1008'5c88    0x60  atan.o [51]
  .text              ro code  0x1008'5ce8   0x118  xatan.o [51]
  .text              ro code  0x1008'5e00   0x9e4  zf_device_ips200.o [48]
  .text              ro code  0x1008'67e4    0x16  vla_alloc.o [50]
  .text              ro code  0x1008'67fc   0x13c  zf_driver_gpio.o [49]
  .text              ro code  0x1008'6938   0x284  zf_driver_delay.o [49]
  .text              ro code  0x1008'6bbc   0x13c  heap0.o [50]
  .text              ro code  0x1008'6cf8     0x4  heaptramp0.o [50]
  .text              ro code  0x1008'6cfc   0x1b8  cy_tcpwm_counter.o [43]
  .text              ro code  0x1008'6eb4    0x2c  xgetmemchunk.o [50]
  .text              ro code  0x1008'6ee0   0x8e8  cy_sysclk.o [33]
  .text              ro code  0x1008'77c8    0x70  strncpy.o [52]
  .text              ro code  0x1008'7838    0xd0  cy_syslib.o [36]
  .text              ro code  0x1008'7908     0x2  cy_syslib.o [36]
  .rodata            const    0x1008'790c   0x5f0  zf_common_font.o [46]
  .text              ro code  0x1008'7efc   0x398  zf_driver_pit.o [49]
  .text              ro code  0x1008'8294   0x380  cm7_0_isr.o [45]
  .text              ro code  0x1008'8614   0x198  imu.o [5]
  .text              ro code  0x1008'87ac   0x2a8  small_driver_uart_control.o [5]
  .text              ro code  0x1008'8a54   0x16c  remote_control.o [5]
  .text              ro code  0x1008'8bc0   0x294  pid.o [5]
  .text              ro code  0x1008'8e54    0xe0  ins.o [5]
  .text              ro code  0x1008'8f34    0x8e  filter.o [5]
  .text              ro code  0x1008'8fc4    0x7c  zf_device_tsl1401.o [48]
  .text              ro code  0x1008'9040   0x210  zf_device_imu660rb.o [48]
  .text              ro code  0x1008'9250    0x1e  sqrtf.o [51]
  .text              ro code  0x1008'9270    0x6a  atan2f.o [51]
  .text              ro code  0x1008'92dc   0x18c  zf_device_uart_receiver.o [48]
  .text              ro code  0x1008'9468   0x1d4  cos_sin32.o [51]
  .text              ro code  0x1008'963c    0x74  zf_driver_adc.o [49]
  .text              ro code  0x1008'96b0    0xa4  xatanf.o [51]
  .text              ro code  0x1008'9754   0x264  zf_driver_timer.o [49]
  .text              ro code  0x1008'99b8    0x44  zf_device_type.o [48]
  .text              ro code  0x1008'99fc   0x2d0  screen.o [5]
  .rodata            const    0x1008'9ccc   0x228  zf_common_font.o [46]
  .text              ro code  0x1008'9ef4   0x204  startup.o [31]
  .text              ro code  0x1008'a0f8   0x150  system_tviibh4m_cm7.o [22]
  .text              ro code  0x1008'a248     0x8  startup_cm7.o [31]
  .text              ro code  0x1008'a250     0x6  startup_cm7.o [31]
  .text              ro code  0x1008'a258   0x1b4  zf_device_wireless_uart.o [48]
  .text              ro code  0x1008'a40c   0x1a0  cy_srom.o [30]
  .text              ro code  0x1008'a5ac   0x198  cy_interrupt_map.o [23]
  .text              ro code  0x1008'a744   0x114  cy_mw_flash.o [13]
  .text              ro code  0x1008'a858   0x10c  main_cm7_0.o [45]
  .text              ro code  0x1008'a964    0x1c  zf_common_clock.o [46]
  .text              ro code  0x1008'a980    0x14  zf_driver_flash.o [49]
  .text              ro code  0x1008'a994    0xb0  startup_cm7.o [31]
  .rodata            const    0x1008'aa44    0x68  cy_sysclk.o [33]
  .rodata            const    0x1008'aaac    0x68  cy_sysclk.o [33]
  .rodata            const    0x1008'ab14    0x68  system_tviibh4m_cm7.o [22]
  .rodata            const    0x1008'ab7c    0x64  cy_srom.o [30]
  .rodata            const    0x1008'abe0    0x60  cy_mw_flash.o [13]
  .rodata            const    0x1008'ac40    0x60  zf_device_wireless_uart.o [48]
  .rodata            const    0x1008'aca0    0x5c  zf_device_imu660rb.o [48]
  .rodata            const    0x1008'acfc    0x58  zf_common_fifo.o [46]
  .rodata            const    0x1008'ad54    0x58  zf_device_ips200.o [48]
  .rodata            const    0x1008'adac    0x58  zf_driver_uart.o [49]
  .rodata            const    0x1008'ae04    0x54  zf_driver_pwm.o [49]
  .rodata            const    0x1008'ae58    0x54  zf_driver_spi.o [49]
  .rodata            const    0x1008'aeac    0x40  servo.o [5]
  .text              ro code  0x1008'aeec    0x38  zero_init3.o [52]
  .text              ro code  0x1008'af24    0x28  data_init.o [52]
  .text              ro code  0x1008'af4c    0x22  fpinit_M.o [51]
  .iar.init_table    const    0x1008'af70    0x20  - Linker created -
  .text              ro code  0x1008'af90    0x20  startup_cm7.o [31]
  .text              ro code  0x1008'afb0    0x1e  cy_syslib_iar.o [36]
  .text              ro code  0x1008'afd0    0x1e  cmain.o [52]
  .text              ro code  0x1008'aff0     0x4  startup_cm7.o [31]
  .text              ro code  0x1008'aff4     0x4  exit.o [50]
  .text              ro code  0x1008'aff8     0xa  cexit.o [52]
  .rodata            const    0x1008'b004    0x1c  zf_common_debug.o [46]
  .rodata            const    0x1008'b020    0x1c  zf_device_imu660rb.o [48]
  .text              ro code  0x1008'b03c    0x1c  startup_cm7.o [31]
  .text              ro code  0x1008'b058    0x1c  cstartup_M.o [52]
  .rodata            const    0x1008'b074    0x18  startup.o [31]
  .rodata            const    0x1008'b08c    0x18  system_tviibh4m_cm7.o [22]
  .rodata            const    0x1008'b0a4    0x18  zf_common_debug.o [46]
  .rodata            const    0x1008'b0bc    0x10  main_cm7_0.o [45]
  .rodata            const    0x1008'b0cc    0x10  zf_common_debug.o [46]
  .rodata            const    0x1008'b0dc    0x10  zf_common_debug.o [46]
  .rodata            const    0x1008'b0ec     0xc  servo.o [5]
  .rodata            const    0x1008'b0f8     0xc  servo.o [5]
  .rodata            const    0x1008'b104     0xc  zf_common_debug.o [46]
  .rodata            const    0x1008'b110     0xc  zf_common_debug.o [46]
  .rodata            const    0x1008'b11c     0xc  zf_common_debug.o [46]
  .rodata            const    0x1008'b128     0x8  cy_srom.o [30]
  .rodata            const    0x1008'b130     0x8  cy_sysclk.o [33]
  .rodata            const    0x1008'b138     0x8  main_cm7_0.o [45]
  .rodata            const    0x1008'b140     0x8  screen.o [5]
  .rodata            const    0x1008'b148     0x8  servo.o [5]
  .rodata            const    0x1008'b150     0x8  servo.o [5]
  .rodata            const    0x1008'b158     0x4  cy_interrupt_map.o [23]
  .rodata            const    0x1008'b15c     0x4  cy_interrupt_map.o [23]
  .rodata            const    0x1008'b160     0x4  cy_interrupt_map.o [23]
  .rodata            const    0x1008'b164     0x4  cy_interrupt_map.o [23]
  .rodata            const    0x1008'b168     0x4  cy_interrupt_map.o [23]
  .rodata            const    0x1008'b16c     0x4  cy_interrupt_map.o [23]
  .rodata            const    0x1008'b170     0x4  cy_interrupt_map.o [23]
  .rodata            const    0x1008'b174     0x4  cy_interrupt_map.o [23]
  .rodata            const    0x1008'b178     0x4  cy_scb_spi.o [24]
  .rodata            const    0x1008'b17c     0x4  cy_scb_spi.o [24]
  .rodata            const    0x1008'b180     0x4  cy_scb_spi.o [24]
  .rodata            const    0x1008'b184     0x4  cy_scb_spi.o [24]
  .rodata            const    0x1008'b188     0x4  cy_scb_uart.o [24]
  .rodata            const    0x1008'b18c     0x4  cy_scb_uart.o [24]
  .rodata            const    0x1008'b190     0x4  cy_scb_uart.o [24]
  .rodata            const    0x1008'b194     0x4  cy_scb_uart.o [24]
  .rodata            const    0x1008'b198     0x4  cy_scb_uart.o [24]
  .rodata            const    0x1008'b19c     0x4  cy_scb_uart.o [24]
  .rodata            const    0x1008'b1a0     0x4  cy_scb_uart.o [24]
  .rodata            const    0x1008'b1a4     0x4  cy_scb_uart.o [24]
  .rodata            const    0x1008'b1a8     0x4  cy_scb_uart.o [24]
  .rodata            const    0x1008'b1ac     0x4  cy_scb_uart.o [24]
  .rodata            const    0x1008'b1b0     0x4  cy_srom.o [30]
  .rodata            const    0x1008'b1b4     0x4  cy_srom.o [30]
  .rodata            const    0x1008'b1b8     0x4  cy_sysint.o [35]
  .rodata            const    0x1008'b1bc     0x4  cy_sysint.o [35]
  .rodata            const    0x1008'b1c0     0x4  cy_tcpwm_counter.o [43]
  .rodata            const    0x1008'b1c4     0x4  cy_tcpwm_counter.o [43]
  .rodata            const    0x1008'b1c8     0x4  cy_tcpwm_counter.o [43]
  .rodata            const    0x1008'b1cc     0x4  cy_tcpwm_counter.o [43]
  .rodata            const    0x1008'b1d0     0x4  cy_tcpwm_counter.o [43]
  .rodata            const    0x1008'b1d4     0x4  cy_tcpwm_pwm.o [43]
  .rodata            const    0x1008'b1d8     0x4  cy_tcpwm_pwm.o [43]
  .rodata            const    0x1008'b1dc     0x4  cy_tcpwm_pwm.o [43]
  .rodata            const    0x1008'b1e0     0x4  cy_tcpwm_pwm.o [43]
  .rodata            const    0x1008'b1e4     0x4  cy_tcpwm_pwm.o [43]
  .rodata            const    0x1008'b1e8     0x4  cy_tcpwm_pwm.o [43]
  .rodata            const    0x1008'b1ec     0x4  cy_tcpwm_pwm.o [43]
  .rodata            const    0x1008'b1f0     0x4  main_cm7_0.o [45]
  .rodata            const    0x1008'b1f4     0x4  main_cm7_0.o [45]
  .rodata            const    0x1008'b1f8     0x4  main_cm7_0.o [45]
  .rodata            const    0x1008'b1fc     0x4  main_cm7_0.o [45]
  .rodata            const    0x1008'b200     0x4  main_cm7_0.o [45]
  .rodata            const    0x1008'b204     0x4  main_cm7_0.o [45]
  .rodata            const    0x1008'b208     0x4  main_cm7_0.o [45]
  .rodata            const    0x1008'b20c     0x4  main_cm7_0.o [45]
  .rodata            const    0x1008'b210     0x4  main_cm7_0.o [45]
  .text              ro code  0x1008'b214     0x4  startup_cm7.o [31]
  .text              ro code  0x1008'b218     0x4  startup_cm7.o [31]
  .text              ro code  0x1008'b21c     0x4  startup_cm7.o [31]
  .text              ro code  0x1008'b220     0x4  startup_cm7.o [31]
  .text              ro code  0x1008'b224     0x4  startup_cm7.o [31]
  .text              ro code  0x1008'b228     0x4  startup_cm7.o [31]
  .text              ro code  0x1008'b22c     0x4  startup_cm7.o [31]
  .text              ro code  0x1008'b230     0x4  startup_cm7.o [31]
  .text              ro code  0x1008'b234     0x4  startup_cm7.o [31]
  .text              ro code  0x1008'b238     0x4  startup_cm7.o [31]
  .text              ro code  0x1008'b23c     0x4  startup_cm7.o [31]
  .text              ro code  0x1008'b240     0x4  startup_cm7.o [31]
  .text              ro code  0x1008'b244     0x4  startup_cm7.o [31]
  .text              ro code  0x1008'b248     0x4  startup_cm7.o [31]
  .text              ro code  0x1008'b24c     0x4  startup_cm7.o [31]
  .rodata            const    0x1008'b250     0x0  zero_init3.o [52]
  .rodata            const    0x1008'b250     0x0  lz77_init_single.o [52]
  Initializer bytes  const    0x1008'b250    0xf0  <for P2-1>
                            - 0x1008'b340  0xb2c0

"P2", part 1 of 3:                          0x86c
  P2-1                        0x2802'0000   0x86c  <Init block>
    .data            inited   0x2802'0000   0x6ec  cy_interrupt_map.o [23]
    .data            inited   0x2802'06ec     0x4  cy_interrupt_map.o [23]
    .data            inited   0x2802'06f0    0xa0  main_cm7_0.o [45]
    .data            inited   0x2802'0790     0x4  servo.o [5]
    .data            inited   0x2802'0794     0x4  servo.o [5]
    .data            inited   0x2802'0798     0x4  servo.o [5]
    .data            inited   0x2802'079c     0x4  servo.o [5]
    .data            inited   0x2802'07a0     0x4  servo.o [5]
    .data            inited   0x2802'07a4     0x4  servo.o [5]
    .data            inited   0x2802'07a8     0x4  servo.o [5]
    .data            inited   0x2802'07ac     0x4  servo.o [5]
    .data            inited   0x2802'07b0     0x4  servo.o [5]
    .data            inited   0x2802'07b4     0x4  servo.o [5]
    .data            inited   0x2802'07b8     0x4  servo.o [5]
    .data            inited   0x2802'07bc     0x4  zf_device_type.o [48]
    .data            inited   0x2802'07c0     0x4  zf_device_type.o [48]
    .data            inited   0x2802'07c4     0x4  zf_device_wireless_uart.o [48]
    .data            inited   0x2802'07c8     0xc  zf_driver_adc.o [49]
    .data            inited   0x2802'07d4    0x3c  zf_driver_pit.o [49]
    .data            inited   0x2802'0810    0x10  zf_driver_spi.o [49]
    .data            inited   0x2802'0820    0x1c  zf_driver_uart.o [49]
    .data            inited   0x2802'083c    0x1c  zf_driver_uart.o [49]
    .data            inited   0x2802'0858     0x2  zf_device_ips200.o [48]
    .data            inited   0x2802'085a     0x2  zf_device_ips200.o [48]
    .data            inited   0x2802'085c     0x2  zf_device_ips200.o [48]
    .data            inited   0x2802'085e     0x2  zf_device_ips200.o [48]
    .data            inited   0x2802'0860     0x2  zf_driver_delay.o [49]
    .data            inited   0x2802'0862     0x1  ins.o [5]
    .data            inited   0x2802'0863     0x1  screen.o [5]
    .data            inited   0x2802'0864     0x1  screen.o [5]
    .data            inited   0x2802'0865     0x1  zf_common_debug.o [46]
    .data            inited   0x2802'0866     0x1  zf_device_ips200.o [48]
    .data            inited   0x2802'0867     0x1  zf_device_ips200.o [48]
    .data            inited   0x2802'0868     0x1  zf_device_ips200.o [48]
    .data            inited   0x2802'0869     0x1  zf_device_ips200.o [48]
    .data            inited   0x2802'086a     0x1  zf_device_wireless_uart.o [48]
    .data            inited   0x2802'086b     0x1  zf_driver_delay.o [49]
                            - 0x2802'086c   0x86c

"P2", part 2 of 3:                         0x9964
  .bss               zero     0x2802'086c  0x3000  ins.o [5]
  .bss               zero     0x2802'386c  0x3000  ins.o [5]
  .bss               zero     0x2802'686c  0x3000  ins.o [5]
  .bss               zero     0x2802'986c   0x200  zf_device_tsl1401.o [48]
  .bss               zero     0x2802'9a6c   0x188  zf_driver_uart.o [49]
  .bss               zero     0x2802'9bf4   0x104  pid.o [5]
  .bss               zero     0x2802'9cf8    0x80  main_cm7_0.o [45]
  .bss               zero     0x2802'9d78    0x70  cy_syslib.o [36]
  .bss               zero     0x2802'9de8    0x70  zf_driver_uart.o [49]
  .bss               zero     0x2802'9e58    0x48  zf_driver_adc.o [49]
  .bss               zero     0x2802'9ea0    0x40  zf_common_debug.o [46]
  .bss               zero     0x2802'9ee0    0x40  zf_device_wireless_uart.o [48]
  .bss               zero     0x2802'9f20    0x2c  small_driver_uart_control.o [5]
  .bss               zero     0x2802'9f4c    0x1c  zf_device_uart_receiver.o [48]
  .bss               zero     0x2802'9f68    0x18  cy_sysclk.o [33]
  .bss               zero     0x2802'9f80    0x18  cy_syslib.o [36]
  .bss               zero     0x2802'9f98    0x18  filter.o [5]
  .bss               zero     0x2802'9fb0    0x18  filter.o [5]
  .bss               zero     0x2802'9fc8    0x18  imu.o [5]
  .bss               zero     0x2802'9fe0    0x18  zf_common_debug.o [46]
  .bss               zero     0x2802'9ff8    0x18  zf_device_uart_receiver.o [48]
  .bss               zero     0x2802'a010    0x18  zf_device_wireless_uart.o [48]
  .bss               zero     0x2802'a028    0x14  remote_control.o [5]
  .bss               zero     0x2802'a03c    0x14  zf_common_debug.o [46]
  .bss               zero     0x2802'a060    0x10  cy_srom.o [30]
  .bss               zero     0x2802'a070     0xc  imu.o [5]
  .bss               zero     0x2802'a07c     0x8  zf_driver_uart.o [49]
  .bss               zero     0x2802'a084     0x8  zf_driver_uart.o [49]
  .bss               zero     0x2802'a08c     0x8  heap0.o [50]
  .bss               zero     0x2802'a094     0x4  cm7_0_isr.o [45]
  .bss               zero     0x2802'a098     0x4  cy_srom.o [30]
  .bss               zero     0x2802'a09c     0x4  cy_syslib.o [36]
  .bss               zero     0x2802'a0a0     0x4  flag_value.o [5]
  .bss               zero     0x2802'a0a4     0x4  flag_value.o [5]
  .bss               zero     0x2802'a0a8     0x4  flag_value.o [5]
  .bss               zero     0x2802'a0ac     0x4  flag_value.o [5]
  .bss               zero     0x2802'a0b0     0x4  flag_value.o [5]
  .bss               zero     0x2802'a0b4     0x4  imu.o [5]
  .bss               zero     0x2802'a0b8     0x4  imu.o [5]
  .bss               zero     0x2802'a0bc     0x4  imu.o [5]
  .bss               zero     0x2802'a0c0     0x4  ins.o [5]
  .bss               zero     0x2802'a0c4     0x4  ins.o [5]
  .bss               zero     0x2802'a0c8     0x4  ins.o [5]
  .bss               zero     0x2802'a0cc     0x4  ins.o [5]
  .bss               zero     0x2802'a0d0     0x4  ins.o [5]
  .bss               zero     0x2802'a0d4     0x4  servo.o [5]
  .bss               zero     0x2802'a0d8     0x4  servo.o [5]
  .bss               zero     0x2802'a0dc     0x4  servo.o [5]
  .bss               zero     0x2802'a0e0     0x4  servo.o [5]
  .bss               zero     0x2802'a0e4     0x4  servo.o [5]
  .bss               zero     0x2802'a0e8     0x4  servo.o [5]
  .bss               zero     0x2802'a0ec     0x4  servo.o [5]
  .bss               zero     0x2802'a0f0     0x4  servo.o [5]
  .bss               zero     0x2802'a0f4     0x4  servo.o [5]
  .bss               zero     0x2802'a0f8     0x4  servo.o [5]
  .bss               zero     0x2802'a0fc     0x4  servo.o [5]
  .bss               zero     0x2802'a100     0x4  servo.o [5]
  .bss               zero     0x2802'a104     0x4  servo.o [5]
  .bss               zero     0x2802'a108     0x4  servo.o [5]
  .bss               zero     0x2802'a10c     0x4  servo.o [5]
  .bss               zero     0x2802'a110     0x4  servo.o [5]
  .bss               zero     0x2802'a114     0x4  servo.o [5]
  .bss               zero     0x2802'a118     0x4  servo.o [5]
  .bss               zero     0x2802'a11c     0x4  servo.o [5]
  .bss               zero     0x2802'a120     0x4  servo.o [5]
  .bss               zero     0x2802'a124     0x4  servo.o [5]
  .bss               zero     0x2802'a128     0x4  servo.o [5]
  .bss               zero     0x2802'a12c     0x4  servo.o [5]
  .bss               zero     0x2802'a130     0x4  servo.o [5]
  .bss               zero     0x2802'a134     0x4  servo.o [5]
  .bss               zero     0x2802'a138     0x4  servo.o [5]
  .bss               zero     0x2802'a13c     0x4  servo.o [5]
  .bss               zero     0x2802'a140     0x4  servo.o [5]
  .bss               zero     0x2802'a144     0x4  servo.o [5]
  .bss               zero     0x2802'a148     0x4  servo.o [5]
  .bss               zero     0x2802'a14c     0x4  servo.o [5]
  .bss               zero     0x2802'a150     0x4  servo.o [5]
  .bss               zero     0x2802'a154     0x4  servo.o [5]
  .bss               zero     0x2802'a158     0x4  servo.o [5]
  .bss               zero     0x2802'a15c     0x4  servo.o [5]
  .bss               zero     0x2802'a160     0x4  servo.o [5]
  .bss               zero     0x2802'a164     0x4  servo.o [5]
  .bss               zero     0x2802'a168     0x4  servo.o [5]
  .bss               zero     0x2802'a16c     0x4  servo.o [5]
  .bss               zero     0x2802'a170     0x4  servo.o [5]
  .bss               zero     0x2802'a174     0x4  servo.o [5]
  .bss               zero     0x2802'a178     0x4  servo.o [5]
  .bss               zero     0x2802'a17c     0x4  servo.o [5]
  .bss               zero     0x2802'a180     0x4  system_tviibh4m_cm7.o [22]
  .bss               zero     0x2802'a184     0x4  system_tviibh4m_cm7.o [22]
  .bss               zero     0x2802'a188     0x4  system_tviibh4m_cm7.o [22]
  .bss               zero     0x2802'a18c     0x4  system_tviibh4m_cm7.o [22]
  .bss               zero     0x2802'a190     0x4  system_tviibh4m_cm7.o [22]
  .bss               zero     0x2802'a194     0x4  zf_common_clock.o [46]
  .bss               zero     0x2802'a198     0x4  zf_common_interrupt.o [46]
  .bss               zero     0x2802'a19c     0x4  zf_driver_spi.o [49]
  .bss               zero     0x2802'a1a0     0x4  zf_driver_timer.o [49]
  .bss               zero     0x2802'a1a4     0x4  xgetmemchunk.o [50]
  .bss               zero     0x2802'a1a8     0x4  xfail_s.o [50]
  .bss               zero     0x2802'a1ac     0x2  remote_control.o [5]
  .bss               zero     0x2802'a1ae     0x2  servo.o [5]
  .bss               zero     0x2802'a1b0     0x2  zf_device_imu660rb.o [48]
  .bss               zero     0x2802'a1b2     0x2  zf_device_imu660rb.o [48]
  .bss               zero     0x2802'a1b4     0x2  zf_device_imu660rb.o [48]
  .bss               zero     0x2802'a1b6     0x2  zf_device_imu660rb.o [48]
  .bss               zero     0x2802'a1b8     0x2  zf_device_imu660rb.o [48]
  .bss               zero     0x2802'a1ba     0x2  zf_device_imu660rb.o [48]
  .bss               zero     0x2802'a1bc     0x1  cy_mw_flash.o [13]
  .bss               zero     0x2802'a1bd     0x1  cy_mw_flash.o [13]
  .bss               zero     0x2802'a1be     0x1  cy_sysclk.o [33]
  .bss               zero     0x2802'a1bf     0x1  flash.o [5]
  .bss               zero     0x2802'a1c0     0x1  remote_control.o [5]
  .bss               zero     0x2802'a1c1     0x1  remote_control.o [5]
  .bss               zero     0x2802'a1c2     0x1  screen.o [5]
  .bss               zero     0x2802'a1c3     0x1  zf_common_debug.o [46]
  .bss               zero     0x2802'a1c4     0x1  zf_common_debug.o [46]
  .bss               zero     0x2802'a1c5     0x1  zf_common_debug.o [46]
  .bss               zero     0x2802'a1c6     0x1  zf_device_ips200.o [48]
  .bss               zero     0x2802'a1c7     0x1  zf_device_ips200.o [48]
  .bss               zero     0x2802'a1c8     0x1  zf_device_tsl1401.o [48]
  .bss               zero     0x2802'a1c9     0x1  zf_device_tsl1401.o [48]
  .bss               zero     0x2802'a1ca     0x1  zf_device_type.o [48]
  .bss               zero     0x2802'a1cb     0x1  zf_device_uart_receiver.o [48]
  .bss               zero     0x2802'a1cc     0x1  zf_device_uart_receiver.o [48]
  .bss               zero     0x2802'a1cd     0x1  zf_device_wireless_uart.o [48]
  .bss               zero     0x2802'a1ce     0x1  zf_driver_flash.o [49]
                            - 0x2802'a1cf  0x9963

"P2", part 3 of 3:                           0x80
  .intvec_ram        uninit   0x2802'a200    0x80  startup_cm7.o [31]
                            - 0x2802'a280    0x80

"A1":                                      0x2400
  HEAP_STACK                  0x2807'dc00  0x2400  <Block>
    HEAP                      0x2807'dc00   0x400  <Block>
      HEAP           uninit   0x2807'dc00   0x400  <Block tail>
    CSTACK                    0x2807'e000  0x2000  <Block>
      CSTACK         uninit   0x2807'e000  0x2000  <Block tail>
                            - 0x2808'0000  0x2400

Unused ranges:

         From           To       Size
         ----           --       ----
  0x1008'b3ed  0x1027'ffff  0x1f'4c13
  0x2802'a1d0  0x2802'a1ff       0x30
  0x2802'a280  0x2807'dbff   0x5'3980


*******************************************************************************
*** INIT TABLE
***

          Address      Size
          -------      ----
Zero (__iar_zero_init3)
    1 destination range, total size 0x9963:
          0x2802'086c  0x9963

Copy/lz77 (__iar_lz77_init_single3)
    1 source range, total size 0xf0 (11% of destination):
          0x1008'b250    0xf0
    1 destination range, total size 0x86c:
          0x2802'0000   0x86c



*******************************************************************************
*** MODULE SUMMARY
***

    Module                       ro code  ro data  rw data
    ------                       -------  -------  -------
command line/config:
    ------------------------------------------------------
    Total:

C:\Users\Administrator\Desktop\¬÷Õ»\ygcz_demo\project\iar\Debug_m7_0\Obj\adc_11722776235721520015.dir: [1]
    ------------------------------------------------------
    Total:

C:\Users\Administrator\Desktop\¬÷Õ»\ygcz_demo\project\iar\Debug_m7_0\Obj\audioss_1346650047966882938.dir: [2]
    ------------------------------------------------------
    Total:

C:\Users\Administrator\Desktop\¬÷Õ»\ygcz_demo\project\iar\Debug_m7_0\Obj\button_4990804375159372270.dir: [3]
    ------------------------------------------------------
    Total:

C:\Users\Administrator\Desktop\¬÷Õ»\ygcz_demo\project\iar\Debug_m7_0\Obj\canfd_1800690984773873875.dir: [4]
    ------------------------------------------------------
    Total:

C:\Users\Administrator\Desktop\¬÷Õ»\ygcz_demo\project\iar\Debug_m7_0\Obj\code_17896468042025673432.dir: [5]
    filter.o                         142                48
    flag_value.o                                        20
    flash.o                                              1
    imu.o                            408                48
    ins.o                            224            36'885
    pid.o                            660               260
    remote_control.o                 364                24
    screen.o                         720        9        3
    servo.o                        2'820      110      218
    small_driver_uart_control.o      680                44
    ------------------------------------------------------
    Total:                         6'018      119   37'551

C:\Users\Administrator\Desktop\¬÷Õ»\ygcz_demo\project\iar\Debug_m7_0\Obj\cpu_15938736945165268644.dir: [6]
    ------------------------------------------------------
    Total:

C:\Users\Administrator\Desktop\¬÷Õ»\ygcz_demo\project\iar\Debug_m7_0\Obj\crypto_1190170608956581615.dir: [7]
    ------------------------------------------------------
    Total:

C:\Users\Administrator\Desktop\¬÷Õ»\ygcz_demo\project\iar\Debug_m7_0\Obj\dma_12106025507578611576.dir: [8]
    ------------------------------------------------------
    Total:

C:\Users\Administrator\Desktop\¬÷Õ»\ygcz_demo\project\iar\Debug_m7_0\Obj\eth_phy_18133017486186456677.dir: [9]
    ------------------------------------------------------
    Total:

C:\Users\Administrator\Desktop\¬÷Õ»\ygcz_demo\project\iar\Debug_m7_0\Obj\ethernet_6029839089178797009.dir: [10]
    ------------------------------------------------------
    Total:

C:\Users\Administrator\Desktop\¬÷Õ»\ygcz_demo\project\iar\Debug_m7_0\Obj\evtgen_3404189088603873129.dir: [11]
    ------------------------------------------------------
    Total:

C:\Users\Administrator\Desktop\¬÷Õ»\ygcz_demo\project\iar\Debug_m7_0\Obj\flash_8529866181315662935.dir: [12]
    ------------------------------------------------------
    Total:

C:\Users\Administrator\Desktop\¬÷Õ»\ygcz_demo\project\iar\Debug_m7_0\Obj\flash_864493325053435817.dir: [13]
    cy_mw_flash.o                    276       96        2
    ------------------------------------------------------
    Total:                           276       96        2

C:\Users\Administrator\Desktop\¬÷Õ»\ygcz_demo\project\iar\Debug_m7_0\Obj\gpio_3999404635324069351.dir: [14]
    cy_gpio.o                        404
    ------------------------------------------------------
    Total:                           404

C:\Users\Administrator\Desktop\¬÷Õ»\ygcz_demo\project\iar\Debug_m7_0\Obj\ipc_10145506163450686023.dir: [15]
    ------------------------------------------------------
    Total:

C:\Users\Administrator\Desktop\¬÷Õ»\ygcz_demo\project\iar\Debug_m7_0\Obj\lin_18429031207028094880.dir: [16]
    ------------------------------------------------------
    Total:

C:\Users\Administrator\Desktop\¬÷Õ»\ygcz_demo\project\iar\Debug_m7_0\Obj\lvd_6353935867039560245.dir: [17]
    ------------------------------------------------------
    Total:

C:\Users\Administrator\Desktop\¬÷Õ»\ygcz_demo\project\iar\Debug_m7_0\Obj\mcwdt_4052485907822033969.dir: [18]
    ------------------------------------------------------
    Total:

C:\Users\Administrator\Desktop\¬÷Õ»\ygcz_demo\project\iar\Debug_m7_0\Obj\mpu_5663187252346826382.dir: [19]
    ------------------------------------------------------
    Total:

C:\Users\Administrator\Desktop\¬÷Õ»\ygcz_demo\project\iar\Debug_m7_0\Obj\power_14453085144426420577.dir: [20]
    ------------------------------------------------------
    Total:

C:\Users\Administrator\Desktop\¬÷Õ»\ygcz_demo\project\iar\Debug_m7_0\Obj\prot_10722960861768657883.dir: [21]
    ------------------------------------------------------
    Total:

C:\Users\Administrator\Desktop\¬÷Õ»\ygcz_demo\project\iar\Debug_m7_0\Obj\rev_b_4986922561640112550.dir: [22]
    system_tviibh4m_cm7.o            336      128       20
    ------------------------------------------------------
    Total:                           336      128       20

C:\Users\Administrator\Desktop\¬÷Õ»\ygcz_demo\project\iar\Debug_m7_0\Obj\rev_b_6162237342861132223.dir: [23]
    cy_interrupt_map.o               408      229    1'776
    ------------------------------------------------------
    Total:                           408      229    1'776

C:\Users\Administrator\Desktop\¬÷Õ»\ygcz_demo\project\iar\Debug_m7_0\Obj\scb_15490842639181808494.dir: [24]
    cy_scb_spi.o                     496       16
    cy_scb_uart.o                    788       40
    ------------------------------------------------------
    Total:                         1'284       56

C:\Users\Administrator\Desktop\¬÷Õ»\ygcz_demo\project\iar\Debug_m7_0\Obj\sd_host_2982766354293506895.dir: [25]
    ------------------------------------------------------
    Total:

C:\Users\Administrator\Desktop\¬÷Õ»\ygcz_demo\project\iar\Debug_m7_0\Obj\semihosting_143864889731838620.dir: [26]
    ------------------------------------------------------
    Total:

C:\Users\Administrator\Desktop\¬÷Õ»\ygcz_demo\project\iar\Debug_m7_0\Obj\smartio_5451710003740070188.dir: [27]
    ------------------------------------------------------
    Total:

C:\Users\Administrator\Desktop\¬÷Õ»\ygcz_demo\project\iar\Debug_m7_0\Obj\smif_427648126384146252.dir: [28]
    ------------------------------------------------------
    Total:

C:\Users\Administrator\Desktop\¬÷Õ»\ygcz_demo\project\iar\Debug_m7_0\Obj\smif_mem_6470536964353725183.dir: [29]
    ------------------------------------------------------
    Total:

C:\Users\Administrator\Desktop\¬÷Õ»\ygcz_demo\project\iar\Debug_m7_0\Obj\srom_13018798572330080582.dir: [30]
    cy_srom.o                        416      116       20
    ------------------------------------------------------
    Total:                           416      116       20

C:\Users\Administrator\Desktop\¬÷Õ»\ygcz_demo\project\iar\Debug_m7_0\Obj\startup_479057977785470282.dir: [31]
    startup.o                        516       24
    startup_cm7.o                    442               128
    ------------------------------------------------------
    Total:                           958       24      128

C:\Users\Administrator\Desktop\¬÷Õ»\ygcz_demo\project\iar\Debug_m7_0\Obj\sw_timer_4215635015939382130.dir: [32]
    ------------------------------------------------------
    Total:

C:\Users\Administrator\Desktop\¬÷Õ»\ygcz_demo\project\iar\Debug_m7_0\Obj\sysclk_16149231235676103872.dir: [33]
    cy_sysclk.o                    2'280      216       25
    ------------------------------------------------------
    Total:                         2'280      216       25

C:\Users\Administrator\Desktop\¬÷Õ»\ygcz_demo\project\iar\Debug_m7_0\Obj\sysflt_12293435975120599261.dir: [34]
    ------------------------------------------------------
    Total:

C:\Users\Administrator\Desktop\¬÷Õ»\ygcz_demo\project\iar\Debug_m7_0\Obj\sysint_7435970359207984181.dir: [35]
    cy_sysint.o                      172        8
    ------------------------------------------------------
    Total:                           172        8

C:\Users\Administrator\Desktop\¬÷Õ»\ygcz_demo\project\iar\Debug_m7_0\Obj\syslib_16330585751512546975.dir: [36]
    cy_syslib.o                      222               140
    cy_syslib_iar.o                   30
    ------------------------------------------------------
    Total:                           252               140

C:\Users\Administrator\Desktop\¬÷Õ»\ygcz_demo\project\iar\Debug_m7_0\Obj\syspm_10887939769544754770.dir: [37]
    ------------------------------------------------------
    Total:

C:\Users\Administrator\Desktop\¬÷Õ»\ygcz_demo\project\iar\Debug_m7_0\Obj\sysreghc_17676636058511625587.dir: [38]
    ------------------------------------------------------
    Total:

C:\Users\Administrator\Desktop\¬÷Õ»\ygcz_demo\project\iar\Debug_m7_0\Obj\sysreset_14586141425677365288.dir: [39]
    ------------------------------------------------------
    Total:

C:\Users\Administrator\Desktop\¬÷Õ»\ygcz_demo\project\iar\Debug_m7_0\Obj\sysrtc_10747768817563771611.dir: [40]
    ------------------------------------------------------
    Total:

C:\Users\Administrator\Desktop\¬÷Õ»\ygcz_demo\project\iar\Debug_m7_0\Obj\systick_16016591671695740695.dir: [41]
    ------------------------------------------------------
    Total:

C:\Users\Administrator\Desktop\¬÷Õ»\ygcz_demo\project\iar\Debug_m7_0\Obj\syswdt_9118657615806274156.dir: [42]
    ------------------------------------------------------
    Total:

C:\Users\Administrator\Desktop\¬÷Õ»\ygcz_demo\project\iar\Debug_m7_0\Obj\tcpwm_422923530147891246.dir: [43]
    cy_tcpwm.o                        12
    cy_tcpwm_counter.o               440       20
    cy_tcpwm_pwm.o                   522       28
    ------------------------------------------------------
    Total:                           974       48

C:\Users\Administrator\Desktop\¬÷Õ»\ygcz_demo\project\iar\Debug_m7_0\Obj\trigmux_9729677290734583340.dir: [44]
    ------------------------------------------------------
    Total:

C:\Users\Administrator\Desktop\¬÷Õ»\ygcz_demo\project\iar\Debug_m7_0\Obj\user_8514941877209965082.dir: [45]
    cm7_0_isr.o                      896                 4
    main_cm7_0.o                     268       78      288
    ------------------------------------------------------
    Total:                         1'164       78      292

C:\Users\Administrator\Desktop\¬÷Õ»\ygcz_demo\project\iar\Debug_m7_0\Obj\zf_common_1201165462030747823.dir: [46]
    zf_common_clock.o                 28                 4
    zf_common_debug.o              1'092      120      112
    zf_common_fifo.o                 980       88
    zf_common_font.o                        2'072
    zf_common_interrupt.o            226                 4
    ------------------------------------------------------
    Total:                         2'326    2'280      120

C:\Users\Administrator\Desktop\¬÷Õ»\ygcz_demo\project\iar\Debug_m7_0\Obj\zf_components_14936052685886095442.dir: [47]
    ------------------------------------------------------
    Total:

C:\Users\Administrator\Desktop\¬÷Õ»\ygcz_demo\project\iar\Debug_m7_0\Obj\zf_device_6570275422786408770.dir: [48]
    zf_device_imu660rb.o             528      120       12
    zf_device_ips200.o             2'532       89       14
    zf_device_tsl1401.o              124               514
    zf_device_type.o                  68        1        9
    zf_device_uart_receiver.o        396                54
    zf_device_wireless_uart.o        436       96       94
    ------------------------------------------------------
    Total:                         4'084      306      697

C:\Users\Administrator\Desktop\¬÷Õ»\ygcz_demo\project\iar\Debug_m7_0\Obj\zf_driver_11922370083829174090.dir: [49]
    zf_driver_adc.o                  116        2       84
    zf_driver_delay.o                644        1        3
    zf_driver_flash.o                 20                 1
    zf_driver_gpio.o                 316
    zf_driver_pit.o                  920        6       60
    zf_driver_pwm.o                3'608       84
    zf_driver_spi.o                3'240       86       20
    zf_driver_timer.o                612                 4
    zf_driver_uart.o               3'452       94      576
    ------------------------------------------------------
    Total:                        12'928      273      748

dl7M_tln.a: [50]
    abort.o                            6
    exit.o                             4
    heap0.o                          316                 8
    heaptramp0.o                       4
    sprintf.o                         64
    vla_alloc.o                       22
    xfail_s.o                         64                 4
    xgetmemchunk.o                    44                 4
    xprintffull_nomb.o             3'758
    xsprout.o                         10
    ------------------------------------------------------
    Total:                         4'292                16

m7M_tlv.a: [51]
    DblCmpGe.o                        52
    DblCmpLe.o                        52
    DblDiv.o                          18
    DblMul.o                          18
    DblSub.o                          18
    DblToS32.o                        14
    DblToU32.o                        14
    S32ToDbl.o                        14
    U32ToDbl.o                        14
    atan.o                            96
    atan2f.o                         106
    cos_sin32.o                      468
    fpinit_M.o                        34
    frexp.o                          112
    ldexp.o                          260
    sqrt.o                            30
    sqrtf.o                           30
    xatan.o                          280
    xatanf.o                         164
    ------------------------------------------------------
    Total:                         1'794

rt7M_tl.a: [52]
    ABImemclr4.o                       6
    ABImemcpy.o                      166
    ABImemset.o                      102
    ABImemset48.o                     50
    I64DivMod.o                      560
    I64DivZer.o                        2
    cexit.o                           10
    cmain.o                           30
    cstartup_M.o                      28
    data_init.o                       40
    lz77_init_single.o               126
    memchr.o                          88
    strchr.o                          22
    strlen.o                          54
    strncpy.o                        112
    zero_init3.o                      56
    ------------------------------------------------------
    Total:                         1'452

shb_l.a: [53]
    exit.o                            20
    ------------------------------------------------------
    Total:                            20

    Gaps                              35        6       16
    Linker created                             32    9'216
----------------------------------------------------------
    Grand Total:                  41'873    4'015   50'767


*******************************************************************************
*** ENTRY LIST
***

Entry                       Address    Size  Type      Object
-----                       -------    ----  ----      ------
.iar.init_table$$Base   0x1008'af70           --   Gb  - Linker created -
.iar.init_table$$Limit  0x1008'af90           --   Gb  - Linker created -
?main                   0x1008'afd1          Code  Gb  cmain.o [52]
Aldata                  0x2802'a08c     0x8  Data  Lc  heap0.o [50]
BusFault_Handler        0x1008'b21d          Code  Wk  startup_cm7.o [31]
CSTACK$$Base            0x2807'e000           --   Gb  - Linker created -
CSTACK$$Limit           0x2808'0000           --   Gb  - Linker created -
CopyVectorTable         0x1008'a095    0x34  Code  Lc  startup.o [31]
CpuUserInt0_Handler     0x1008'a5cb    0x26  Code  Gb  cy_interrupt_map.o [23]
CpuUserInt10_Handler    0x1008'b239          Code  Wk  startup_cm7.o [31]
CpuUserInt11_Handler    0x1008'b23d          Code  Wk  startup_cm7.o [31]
CpuUserInt12_Handler    0x1008'b241          Code  Wk  startup_cm7.o [31]
CpuUserInt13_Handler    0x1008'b245          Code  Wk  startup_cm7.o [31]
CpuUserInt14_Handler    0x1008'b249          Code  Wk  startup_cm7.o [31]
CpuUserInt15_Handler    0x1008'b24d          Code  Wk  startup_cm7.o [31]
CpuUserInt1_Handler     0x1008'a5f1    0x26  Code  Gb  cy_interrupt_map.o [23]
CpuUserInt2_Handler     0x1008'a617    0x26  Code  Gb  cy_interrupt_map.o [23]
CpuUserInt3_Handler     0x1008'a63d    0x26  Code  Gb  cy_interrupt_map.o [23]
CpuUserInt4_Handler     0x1008'a663    0x26  Code  Gb  cy_interrupt_map.o [23]
CpuUserInt5_Handler     0x1008'a689    0x26  Code  Gb  cy_interrupt_map.o [23]
CpuUserInt6_Handler     0x1008'a6af    0x26  Code  Gb  cy_interrupt_map.o [23]
CpuUserInt7_Handler     0x1008'a6d5    0x26  Code  Gb  cy_interrupt_map.o [23]
CpuUserInt8_Handler     0x1008'b231          Code  Wk  startup_cm7.o [31]
CpuUserInt9_Handler     0x1008'b235          Code  Wk  startup_cm7.o [31]
Cy_DefaultUserHandler   0x1008'a5c9     0x2  Code  Gb  cy_interrupt_map.o [23]
Cy_FlashHandler         0x1008'a7b7    0x34  Code  Lc  cy_mw_flash.o [13]
Cy_FlashInit            0x1008'a7eb    0x3c  Code  Gb  cy_mw_flash.o [13]
Cy_Flashc_InvalidateFlashCacheBuffer
                        0x1008'a78b    0x14  Code  Lc  cy_mw_flash.o [13]
Cy_Flashc_MainWriteEnable
                        0x1008'a79f     0xc  Code  Lc  cy_mw_flash.o [13]
Cy_Flashc_WorkWriteEnable
                        0x1008'a7ab     0xc  Code  Lc  cy_mw_flash.o [13]
Cy_GPIO_ClearInterrupt  0x1008'2977     0xe  Code  Lc  cy_gpio.o [14]
Cy_GPIO_Clr             0x1008'6811     0xa  Code  Lc  zf_driver_gpio.o [49]
Cy_GPIO_Inv             0x1008'681b     0xa  Code  Lc  zf_driver_gpio.o [49]
Cy_GPIO_Pin_Init        0x1008'29bb    0x72  Code  Gb  cy_gpio.o [14]
Cy_GPIO_Read            0x1008'67fd     0xa  Code  Lc  zf_driver_gpio.o [49]
Cy_GPIO_Set             0x1008'6807     0xa  Code  Lc  zf_driver_gpio.o [49]
Cy_GPIO_SetDriveSel     0x1008'2959    0x1e  Code  Lc  cy_gpio.o [14]
Cy_GPIO_SetDrivemode    0x1008'2909    0x1c  Code  Lc  cy_gpio.o [14]
Cy_GPIO_SetHSIOM        0x1008'28a5    0x4c  Code  Lc  cy_gpio.o [14]
Cy_GPIO_SetInterruptEdge
                        0x1008'299f    0x1c  Code  Lc  cy_gpio.o [14]
Cy_GPIO_SetInterruptMask
                        0x1008'2985    0x1a  Code  Lc  cy_gpio.o [14]
Cy_GPIO_SetSlewRate     0x1008'293f    0x1a  Code  Lc  cy_gpio.o [14]
Cy_GPIO_SetVtrip        0x1008'2925    0x1a  Code  Lc  cy_gpio.o [14]
Cy_GPIO_Write           0x1008'28f1    0x18  Code  Lc  cy_gpio.o [14]
Cy_IPC_Drv_ClearInterrupt
                        0x1008'a457    0x14  Code  Lc  cy_srom.o [30]
Cy_IPC_Drv_GetInterruptStatusMasked
                        0x1008'a453     0x4  Code  Lc  cy_srom.o [30]
Cy_IPC_Drv_GetIntrBaseAddr
                        0x1008'a40d    0x34  Code  Lc  cy_srom.o [30]
Cy_IPC_Drv_SetInterruptMask
                        0x1008'a441    0x12  Code  Lc  cy_srom.o [30]
Cy_RestoreIRQ           0x1008'a251          Code  Gb  startup_cm7.o [31]
Cy_SCB_ClearRxFifo      0x1008'42cb    0x1e  Code  Lc  zf_driver_spi.o [49]
Cy_SCB_ClearRxFifo      0x1008'2e31    0x1e  Code  Lc  zf_driver_uart.o [49]
Cy_SCB_ClearRxInterrupt
                        0x1008'2e97     0xa  Code  Lc  zf_driver_uart.o [49]
Cy_SCB_ClearTxInterrupt
                        0x1008'2ead     0xa  Code  Lc  zf_driver_uart.o [49]
Cy_SCB_GetFifoSize      0x1008'4325    0x12  Code  Lc  zf_driver_spi.o [49]
Cy_SCB_GetNumInRxFifo   0x1008'42c1     0xa  Code  Lc  zf_driver_spi.o [49]
Cy_SCB_GetNumInRxFifo   0x1008'2e27     0xa  Code  Lc  zf_driver_uart.o [49]
Cy_SCB_GetNumInTxFifo   0x1008'42ef     0xa  Code  Lc  zf_driver_spi.o [49]
Cy_SCB_GetNumInTxFifo   0x1008'2e55     0xa  Code  Lc  zf_driver_uart.o [49]
Cy_SCB_GetRxInterruptMask
                        0x1008'2e91     0x6  Code  Lc  zf_driver_uart.o [49]
Cy_SCB_GetTxInterruptMask
                        0x1008'2ea7     0x6  Code  Lc  zf_driver_uart.o [49]
Cy_SCB_GetTxSrValid     0x1008'42f9     0xa  Code  Lc  zf_driver_spi.o [49]
Cy_SCB_GetTxSrValid     0x1008'2e5f     0xa  Code  Lc  zf_driver_uart.o [49]
Cy_SCB_IsTxComplete     0x1008'4303    0x22  Code  Lc  zf_driver_spi.o [49]
Cy_SCB_IsTxComplete     0x1008'2e69    0x22  Code  Lc  zf_driver_uart.o [49]
Cy_SCB_ReadRxFifo       0x1008'2e13     0x6  Code  Lc  zf_driver_uart.o [49]
Cy_SCB_SPI_ClearRxFifo  0x1008'4355     0x8  Code  Lc  zf_driver_spi.o [49]
Cy_SCB_SPI_Enable       0x1008'4337     0xa  Code  Lc  zf_driver_spi.o [49]
Cy_SCB_SPI_GetNumInRxFifo
                        0x1008'434d     0x8  Code  Lc  zf_driver_spi.o [49]
Cy_SCB_SPI_Init         0x1008'4f69   0x1d8  Code  Gb  cy_scb_spi.o [24]
Cy_SCB_SPI_SetActiveSlaveSelect
                        0x1008'4341     0xc  Code  Lc  zf_driver_spi.o [49]
Cy_SCB_SetRxFifoLevel   0x1008'2e19     0xe  Code  Lc  zf_driver_uart.o [49]
Cy_SCB_SetRxInterruptMask
                        0x1008'2e8b     0x6  Code  Lc  zf_driver_uart.o [49]
Cy_SCB_SetTxInterruptMask
                        0x1008'2ea1     0x6  Code  Lc  zf_driver_uart.o [49]
Cy_SCB_UART_DeInit      0x1008'4151    0x5c  Code  Gb  cy_scb_uart.o [24]
Cy_SCB_UART_Enable      0x1008'2eb7     0xa  Code  Lc  zf_driver_uart.o [49]
Cy_SCB_UART_Init        0x1008'3ecd   0x284  Code  Gb  cy_scb_uart.o [24]
Cy_SCB_WriteTxFifo      0x1008'42e9     0x6  Code  Lc  zf_driver_spi.o [49]
Cy_SCB_WriteTxFifo      0x1008'2e4f     0x6  Code  Lc  zf_driver_uart.o [49]
Cy_SaveIRQ              0x1008'a249          Code  Gb  startup_cm7.o [31]
Cy_Srom_GetApiResponse  0x1008'a49b    0x36  Code  Gb  cy_srom.o [30]
Cy_Srom_GetResponseType
                        0x1008'a46b    0x30  Code  Gb  cy_srom.o [30]
Cy_Srom_ISR_ResponseIPC
                        0x1008'a52d    0x58  Code  Lc  cy_srom.o [30]
Cy_Srom_SetResponseHandler
                        0x1008'a4d1    0x5a  Code  Gb  cy_srom.o [30]
Cy_SysClk_CheckDividerExisting
                        0x1008'6939    0x2a  Code  Lc  zf_driver_delay.o [49]
Cy_SysClk_CheckDividerExisting
                        0x1008'7efd    0x2c  Code  Lc  zf_driver_pit.o [49]
Cy_SysClk_CheckDividerExisting
                        0x1008'15e1    0x2c  Code  Lc  zf_driver_pwm.o [49]
Cy_SysClk_CheckDividerExisting
                        0x1008'435d    0x2c  Code  Lc  zf_driver_spi.o [49]
Cy_SysClk_CheckDividerExisting
                        0x1008'9755    0x2a  Code  Lc  zf_driver_timer.o [49]
Cy_SysClk_CheckDividerExisting
                        0x1008'2c6f    0x2c  Code  Lc  zf_driver_uart.o [49]
Cy_SysClk_ClkPathGetSource
                        0x1008'7055    0x54  Code  Gb  cy_sysclk.o [33]
Cy_SysClk_EcoGetStatus  0x1008'6ee1    0x1a  Code  Lc  cy_sysclk.o [33]
Cy_SysClk_Fast0ClkGetDivider
                        0x1008'7029    0x16  Code  Lc  cy_sysclk.o [33]
Cy_SysClk_Fast1ClkGetDivider
                        0x1008'703f    0x16  Code  Lc  cy_sysclk.o [33]
Cy_SysClk_FllGetConfiguration
                        0x1008'70b1    0x7e  Code  Gb  cy_sysclk.o [33]
Cy_SysClk_FllGetLockStatus
                        0x1008'6efb     0xc  Code  Lc  cy_sysclk.o [33]
Cy_SysClk_GetClockGroup
                        0x1008'69e1     0x8  Code  Lc  zf_driver_delay.o [49]
Cy_SysClk_GetClockGroup
                        0x1008'7fab     0x8  Code  Lc  zf_driver_pit.o [49]
Cy_SysClk_GetClockGroup
                        0x1008'168f     0x8  Code  Lc  zf_driver_pwm.o [49]
Cy_SysClk_GetClockGroup
                        0x1008'4441     0x8  Code  Lc  zf_driver_spi.o [49]
Cy_SysClk_GetClockGroup
                        0x1008'97fd     0x8  Code  Lc  zf_driver_timer.o [49]
Cy_SysClk_GetClockGroup
                        0x1008'2d53     0x8  Code  Lc  zf_driver_uart.o [49]
Cy_SysClk_GetCoreFrequency
                        0x1008'7775    0x2a  Code  Gb  cy_sysclk.o [33]
Cy_SysClk_GetEcoFrequency
                        0x1008'727d    0x32  Code  Gb  cy_sysclk.o [33]
Cy_SysClk_GetExtFrequency
                        0x1008'72b1    0x1e  Code  Gb  cy_sysclk.o [33]
Cy_SysClk_GetFast0Frequency
                        0x1008'76c9    0x56  Code  Gb  cy_sysclk.o [33]
Cy_SysClk_GetFast1Frequency
                        0x1008'771f    0x56  Code  Gb  cy_sysclk.o [33]
Cy_SysClk_GetFllInputFrequency
                        0x1008'73d1     0xc  Code  Gb  cy_sysclk.o [33]
Cy_SysClk_GetFllOutputFrequency
                        0x1008'73f9    0x78  Code  Gb  cy_sysclk.o [33]
Cy_SysClk_GetHfClkFrequency
                        0x1008'764b    0x7a  Code  Gb  cy_sysclk.o [33]
Cy_SysClk_GetIlo0Frequency
                        0x1008'72cf    0x32  Code  Gb  cy_sysclk.o [33]
Cy_SysClk_GetIlo1Frequency
                        0x1008'7301    0x32  Code  Gb  cy_sysclk.o [33]
Cy_SysClk_GetImoFrequency
                        0x1008'724b    0x32  Code  Gb  cy_sysclk.o [33]
Cy_SysClk_GetPathFrequency
                        0x1008'7619    0x32  Code  Gb  cy_sysclk.o [33]
Cy_SysClk_GetPathSourceFrequency
                        0x1008'736d    0x64  Code  Gb  cy_sysclk.o [33]
Cy_SysClk_GetPll400MNo  0x1008'6f45    0x14  Code  Lc  cy_sysclk.o [33]
Cy_SysClk_GetPllInputFrequency
                        0x1008'73dd    0x1c  Code  Gb  cy_sysclk.o [33]
Cy_SysClk_GetPllNo      0x1008'6f09    0x12  Code  Lc  cy_sysclk.o [33]
Cy_SysClk_GetPllOutputFrequency
                        0x1008'7475   0x1a0  Code  Gb  cy_sysclk.o [33]
Cy_SysClk_GetWcoFrequency
                        0x1008'7333    0x32  Code  Gb  cy_sysclk.o [33]
Cy_SysClk_HfClockGetDivider
                        0x1008'6fe7    0x42  Code  Lc  cy_sysclk.o [33]
Cy_SysClk_HfClockGetSource
                        0x1008'6f93    0x54  Code  Lc  cy_sysclk.o [33]
Cy_SysClk_InitGetFreqParams
                        0x1008'7231    0x1a  Code  Gb  cy_sysclk.o [33]
Cy_SysClk_PeriphAssignDivider
                        0x1008'69e9    0x68  Code  Lc  zf_driver_delay.o [49]
Cy_SysClk_PeriphAssignDivider
                        0x1008'7fb3    0x68  Code  Lc  zf_driver_pit.o [49]
Cy_SysClk_PeriphAssignDivider
                        0x1008'1697    0x6a  Code  Lc  zf_driver_pwm.o [49]
Cy_SysClk_PeriphAssignDivider
                        0x1008'4449    0x6a  Code  Lc  zf_driver_spi.o [49]
Cy_SysClk_PeriphAssignDivider
                        0x1008'9805    0x68  Code  Lc  zf_driver_timer.o [49]
Cy_SysClk_PeriphAssignDivider
                        0x1008'2d5b    0x6a  Code  Lc  zf_driver_uart.o [49]
Cy_SysClk_PeriphEnableDivider
                        0x1008'6a51    0x4c  Code  Lc  zf_driver_delay.o [49]
Cy_SysClk_PeriphEnableDivider
                        0x1008'801b    0x4c  Code  Lc  zf_driver_pit.o [49]
Cy_SysClk_PeriphEnableDivider
                        0x1008'1701    0x4e  Code  Lc  zf_driver_pwm.o [49]
Cy_SysClk_PeriphEnableDivider
                        0x1008'44b3    0x4e  Code  Lc  zf_driver_spi.o [49]
Cy_SysClk_PeriphEnableDivider
                        0x1008'986d    0x4c  Code  Lc  zf_driver_timer.o [49]
Cy_SysClk_PeriphEnableDivider
                        0x1008'2dc5    0x4e  Code  Lc  zf_driver_uart.o [49]
Cy_SysClk_PeriphSetDivider
                        0x1008'6963    0x7e  Code  Lc  zf_driver_delay.o [49]
Cy_SysClk_PeriphSetDivider
                        0x1008'7f29    0x82  Code  Lc  zf_driver_pit.o [49]
Cy_SysClk_PeriphSetDivider
                        0x1008'160d    0x82  Code  Lc  zf_driver_pwm.o [49]
Cy_SysClk_PeriphSetDivider
                        0x1008'977f    0x7e  Code  Lc  zf_driver_timer.o [49]
Cy_SysClk_PeriphSetFracDivider
                        0x1008'4389    0xb8  Code  Lc  zf_driver_spi.o [49]
Cy_SysClk_PeriphSetFracDivider
                        0x1008'2c9b    0xb8  Code  Lc  zf_driver_uart.o [49]
Cy_SysClk_Pll400MGetConfiguration
                        0x1008'719d    0x84  Code  Gb  cy_sysclk.o [33]
Cy_SysClk_Pll400MGetLockStatus
                        0x1008'6f59    0x2a  Code  Lc  cy_sysclk.o [33]
Cy_SysClk_PllGetConfiguration
                        0x1008'7149    0x48  Code  Gb  cy_sysclk.o [33]
Cy_SysClk_PllGetLockStatus
                        0x1008'6f1b    0x28  Code  Lc  cy_sysclk.o [33]
Cy_SysClk_WcoOkay       0x1008'6f85     0xe  Code  Lc  cy_sysclk.o [33]
Cy_SysInt_InitIRQ       0x1008'41e1    0x7e  Code  Gb  cy_sysint.o [35]
Cy_SysInt_SetSystemIrqVector
                        0x1008'425f    0x12  Code  Gb  cy_sysint.o [35]
Cy_SysInt_SystemIrqUserTableRamPointer
                        0x2802'06ec     0x4  Data  Gb  cy_interrupt_map.o [23]
Cy_SysLib_DelayCycles   0x1008'afb1          Code  Gb  cy_syslib_iar.o [36]
Cy_SysLib_EnterCriticalSection
                        0x1008'afc1          Code  Gb  cy_syslib_iar.o [36]
Cy_SysLib_ExitCriticalSection
                        0x1008'afc9          Code  Gb  cy_syslib_iar.o [36]
Cy_SysLib_FaultHandler  0x1008'783d    0x90  Code  Gb  cy_syslib.o [36]
Cy_SysLib_Halt          0x1008'7839     0x4  Code  Gb  cy_syslib.o [36]
Cy_SysLib_InvalidateCoreDCacheByAddr
                        0x1008'78cd    0x24  Code  Gb  cy_syslib.o [36]
Cy_SysLib_ProcessingFault
                        0x1008'7909     0x2  Code  Wk  cy_syslib.o [36]
Cy_SysLib_SvcHandler    0x1008'5c7b     0xc  Code  Wk  cy_syslib.o [36]
Cy_SystemInitFpuEnable  0x1008'a1e9    0x1e  Code  Gb  system_tviibh4m_cm7.o [22]
Cy_SystemIrqUserTable   0x2802'0000   0x6ec  Data  Gb  cy_interrupt_map.o [23]
Cy_Tcpwm_Counter_ClearTC_Intr
                        0x1008'6ea5    0x10  Code  Gb  cy_tcpwm_counter.o [43]
Cy_Tcpwm_Counter_Disable
                        0x1008'6e87     0xa  Code  Gb  cy_tcpwm_counter.o [43]
Cy_Tcpwm_Counter_Enable
                        0x1008'6e7d     0xa  Code  Gb  cy_tcpwm_counter.o [43]
Cy_Tcpwm_Counter_GetCounter
                        0x1008'6e95     0x4  Code  Gb  cy_tcpwm_counter.o [43]
Cy_Tcpwm_Counter_Init   0x1008'6cfd   0x16c  Code  Gb  cy_tcpwm_counter.o [43]
Cy_Tcpwm_Counter_SetCounter
                        0x1008'6e91     0x4  Code  Gb  cy_tcpwm_counter.o [43]
Cy_Tcpwm_Counter_SetTC_IntrMask
                        0x1008'6e99     0xc  Code  Gb  cy_tcpwm_counter.o [43]
Cy_Tcpwm_Pwm_Enable     0x1008'2c39     0xa  Code  Gb  cy_tcpwm_pwm.o [43]
Cy_Tcpwm_Pwm_Init       0x1008'2a39   0x1e4  Code  Gb  cy_tcpwm_pwm.o [43]
Cy_Tcpwm_TriggerStart   0x1008'2c43     0xc  Code  Gb  cy_tcpwm.o [43]
Cy_u32StartupStackEndAddress
                        0x1008'aa40          Data  Gb  startup_cm7.o [31]
Cy_u32StartupStackStartAddress
                        0x1008'aa3c          Data  Gb  startup_cm7.o [31]
DebugMon_Handler        0x1008'b225          Code  Wk  startup_cm7.o [31]
HEAP$$Base              0x2807'dc00           --   Gb  - Linker created -
HEAP$$Limit             0x2807'e000           --   Gb  - Linker created -
HEAP_STACK$$Base        0x2807'dc00           --   Gb  - Linker created -
HEAP_STACK$$Limit       0x2808'0000           --   Gb  - Linker created -
HardFault_Handler       0x1008'af91          Code  Wk  startup_cm7.o [31]
InitRamEcc              0x1008'9f83   0x100  Code  Lc  startup.o [31]
InitRamEccClearArea     0x1008'a083    0x12  Code  Lc  startup.o [31]
L1                      0x2802'0790     0x4  Data  Gb  servo.o [5]
L2                      0x2802'0794     0x4  Data  Gb  servo.o [5]
L3                      0x2802'0798     0x4  Data  Gb  servo.o [5]
L4                      0x2802'079c     0x4  Data  Gb  servo.o [5]
L5                      0x2802'07a0     0x4  Data  Gb  servo.o [5]
MemManage_Handler       0x1008'b219          Code  Wk  startup_cm7.o [31]
NMI_Handler             0x1008'b215          Code  Wk  startup_cm7.o [31]
PendSV_Handler          0x1008'b229          Code  Wk  startup_cm7.o [31]
Region$$Table$$Base     0x1008'af70           --   Gb  - Linker created -
Region$$Table$$Limit    0x1008'af90           --   Gb  - Linker created -
Reset_Handler           0x1008'a995          Code  Wk  startup_cm7.o [31]
SVC_Handler             0x1008'b03d          Code  Wk  startup_cm7.o [31]
Set_angle               0x1008'51d9   0x12c  Code  Gb  servo.o [5]
Startup_Init            0x1008'9ef5    0x8e  Code  Gb  startup.o [31]
SysTick_Handler         0x1008'b22d          Code  Wk  startup_cm7.o [31]
SystemCoreClock         0x2802'a180     0x4  Data  Gb  system_tviibh4m_cm7.o [22]
SystemCoreClockUpdate   0x1008'a155    0x94  Code  Gb  system_tviibh4m_cm7.o [22]
SystemInit              0x1008'a0f9    0x5c  Code  Gb  system_tviibh4m_cm7.o [22]
UsageFault_Handler      0x1008'b221          Code  Wk  startup_cm7.o [31]
XLeft                   0x2802'a0e4     0x4  Data  Gb  servo.o [5]
XRight                  0x2802'a0ec     0x4  Data  Gb  servo.o [5]
X_left                  0x2802'a0dc     0x4  Data  Gb  servo.o [5]
X_remember              0x2802'086c  0x3000  Data  Gb  ins.o [5]
X_right                 0x2802'a0e0     0x4  Data  Gb  servo.o [5]
YLeft                   0x2802'a0e8     0x4  Data  Gb  servo.o [5]
YRight                  0x2802'a0f0     0x4  Data  Gb  servo.o [5]
Y_left                  0x2802'07b4     0x4  Data  Gb  servo.o [5]
[...]
leg_control{1}{3}::roll_offset_filter
                        0x2802'a17c     0x4  Data  Lc  servo.o [5]
leg_control{1}{3}::speed_offset_filter
                        0x2802'a178     0x4  Data  Lc  servo.o [5]
leg_disable             0x1008'5305    0x18  Code  Gb  servo.o [5]
main                    0x1008'a859   0x10c  Code  Gb  main_cm7_0.o [45]
manual_protect_flag     0x2802'a0ac     0x4  Data  Gb  flag_value.o [5]
memchr                  0x1008'1045          Code  Gb  memchr.o [52]
num_index               0x2802'a0c0     0x4  Data  Gb  ins.o [5]
pid_inc_calc            0x1008'8d3f    0xac  Code  Gb  pid.o [5]
pid_pos_calc            0x1008'8c5d    0xe2  Code  Gb  pid.o [5]
pit0_ch0_isr            0x1008'8295   0x222  Code  Gb  cm7_0_isr.o [45]
pit0_ch0_isr::system_time
                        0x2802'a094     0x4  Data  Lc  cm7_0_isr.o [45]
pit0_ch10_isr           0x1008'84d1     0xa  Code  Gb  cm7_0_isr.o [45]
pit0_ch11_isr           0x1008'84db     0xa  Code  Gb  cm7_0_isr.o [45]
pit0_ch12_isr           0x1008'84e5     0xa  Code  Gb  cm7_0_isr.o [45]
pit0_ch13_isr           0x1008'84ef     0xa  Code  Gb  cm7_0_isr.o [45]
pit0_ch14_isr           0x1008'84f9     0xa  Code  Gb  cm7_0_isr.o [45]
pit0_ch15_isr           0x1008'8503     0xa  Code  Gb  cm7_0_isr.o [45]
pit0_ch16_isr           0x1008'850d     0xa  Code  Gb  cm7_0_isr.o [45]
pit0_ch17_isr           0x1008'8517     0xa  Code  Gb  cm7_0_isr.o [45]
pit0_ch18_isr           0x1008'8521     0xa  Code  Gb  cm7_0_isr.o [45]
pit0_ch19_isr           0x1008'852b     0xa  Code  Gb  cm7_0_isr.o [45]
pit0_ch1_isr            0x1008'84bd     0xa  Code  Gb  cm7_0_isr.o [45]
pit0_ch20_isr           0x1008'8535     0xa  Code  Gb  cm7_0_isr.o [45]
pit0_ch21_isr           0x1008'853f     0xe  Code  Gb  cm7_0_isr.o [45]
pit0_ch2_isr            0x1008'84c7     0xa  Code  Gb  cm7_0_isr.o [45]
pit_init                0x1008'8091   0x1ee  Code  Gb  zf_driver_pit.o [49]
pit_isr_flag_clear      0x1008'8067    0x2a  Code  Gb  zf_driver_pit.o [49]
pit_isr_func            0x2802'07d4    0x3c  Data  Gb  zf_driver_pit.o [49]
pitch_acc2angle         0x2802'a0b4     0x4  Data  Gb  imu.o [5]
pitch_filter            0x2802'9f98    0x18  Data  Gb  filter.o [5]
pwm_all_channel_close   0x1008'2191    0x1a  Code  Gb  zf_driver_pwm.o [49]
pwm_init                0x1008'2205   0x1e4  Code  Gb  zf_driver_pwm.o [49]
pwm_set_duty            0x1008'21ab    0x5a  Code  Gb  zf_driver_pwm.o [49]
rad_to_deg              0x1008'5639    0x12  Code  Gb  servo.o [5]
remote_channel          0x2802'a028    0x14  Data  Lc  remote_control.o [5]
remote_control_apply_dead_zone
                        0x1008'8ab1    0x2a  Code  Lc  remote_control.o [5]
remote_control_calc_channel
                        0x1008'8adb    0x48  Code  Lc  remote_control.o [5]
remote_control_init     0x1008'8a55     0x8  Code  Gb  remote_control.o [5]
remote_front_rear_ctrl  0x1008'8b23     0xa  Code  Gb  remote_control.o [5]
remote_get_channel      0x1008'8a95    0x16  Code  Gb  remote_control.o [5]
remote_is_online        0x1008'8aab     0x6  Code  Gb  remote_control.o [5]
remote_left_02_switch_ctrl
                        0x1008'8b37    0x30  Code  Gb  remote_control.o [5]
remote_left_right_ctrl  0x1008'8b2d     0xa  Code  Gb  remote_control.o [5]
remote_online           0x2802'a1c0     0x1  Data  Lc  remote_control.o [5]
remote_right_02_switch_ctrl
                        0x1008'8b67    0x3c  Code  Gb  remote_control.o [5]
remote_right_02_switch_ctrl::has_last_raw
                        0x2802'a1c1     0x1  Data  Lc  remote_control.o [5]
remote_right_02_switch_ctrl::last_raw
                        0x2802'a1ac     0x2  Data  Lc  remote_control.o [5]
remote_table            0x2802'06f0    0xa0  Data  Gb  main_cm7_0.o [45]
remote_update           0x1008'8a5d    0x38  Code  Gb  remote_control.o [5]
road_memery_flag        0x2802'0862     0x1  Data  Gb  ins.o [5]
roll_acc2angle          0x2802'a0b8     0x4  Data  Gb  imu.o [5]
roll_filter             0x2802'9fb0    0x18  Data  Gb  filter.o [5]
rpmtotrue               0x1008'8ded    0x34  Code  Gb  pid.o [5]
sar_adc                 0x2802'07c8     0xc  Data  Lc  zf_driver_adc.o [49]
scalbln                 0x1008'1231          Code  Gb  ldexp.o [51]
scalblnl                0x1008'1231          Code  Gb  ldexp.o [51]
scalbn                  0x1008'1231          Code  Gb  ldexp.o [51]
scalbnl                 0x1008'1231          Code  Gb  ldexp.o [51]
scale                   0x1008'0e61    0x46  Code  Lc  xprintffull_nomb.o [50]
scb_module              0x2802'083c    0x1c  Data  Gb  zf_driver_uart.o [49]
screen_data_table_first_draw
                        0x2802'0863     0x1  Data  Lc  screen.o [5]
screen_data_table_font  0x2802'0864     0x1  Data  Lc  screen.o [5]
screen_format_text_field
                        0x1008'9a51    0xb2  Code  Lc  screen.o [5]
screen_format_value     0x1008'9b03    0x9e  Code  Lc  screen.o [5]
screen_get_data_layout  0x1008'99fd    0x54  Code  Lc  screen.o [5]
screen_init             0x1008'9ba1    0x2c  Code  Gb  screen.o [5]
screen_initialized      0x2802'a1c2     0x1  Data  Lc  screen.o [5]
screen_show_data_table  0x1008'9bd9    0xde  Code  Gb  screen.o [5]
sec_hand                0x2802'a1a8     0x4  Data  Lc  xfail_s.o [50]
servoLeftFront          0x2802'a144     0x4  Data  Gb  servo.o [5]
servoLeftFront_jump     0x2802'a158     0x4  Data  Gb  servo.o [5]
servoLeftFront_jump_now
                        0x2802'a168     0x4  Data  Gb  servo.o [5]
servoLeftFront_now      0x2802'07a4     0x4  Data  Gb  servo.o [5]
servoLeftRear           0x2802'a148     0x4  Data  Gb  servo.o [5]
servoLeftRear_jump      0x2802'a15c     0x4  Data  Gb  servo.o [5]
servoLeftRear_jump_now  0x2802'a16c     0x4  Data  Gb  servo.o [5]
servoLeftRear_now       0x2802'07a8     0x4  Data  Gb  servo.o [5]
servoRightFront         0x2802'a14c     0x4  Data  Gb  servo.o [5]
servoRightFront_jump    0x2802'a160     0x4  Data  Gb  servo.o [5]
servoRightFront_jump_now
                        0x2802'a170     0x4  Data  Gb  servo.o [5]
servoRightFront_now     0x2802'07ac     0x4  Data  Gb  servo.o [5]
servoRightRear          0x2802'a150     0x4  Data  Gb  servo.o [5]
servoRightRear_jump     0x2802'a164     0x4  Data  Gb  servo.o [5]
servoRightRear_jump_now
                        0x2802'a174     0x4  Data  Gb  servo.o [5]
servoRightRear_now      0x2802'07b0     0x4  Data  Gb  servo.o [5]
servo_init              0x1008'5159    0x50  Code  Gb  servo.o [5]
servo_step              0x1008'51a9    0x2e  Code  Gb  servo.o [5]
set_wireless_type       0x1008'99bb    0x32  Code  Gb  zf_device_type.o [48]
sinf                    0x1008'9639     0x4  Code  Gb  cos_sin32.o [51]
small_driver_control_callback
                        0x1008'87ad   0x166  Code  Gb  small_driver_uart_control.o [5]
small_driver_get_angle  0x1008'89bd    0x3e  Code  Gb  small_driver_uart_control.o [5]
small_driver_get_speed  0x1008'897f    0x3e  Code  Gb  small_driver_uart_control.o [5]
small_driver_set_duty   0x1008'8913    0x6c  Code  Gb  small_driver_uart_control.o [5]
small_driver_uart_init  0x1008'89fb    0x4e  Code  Gb  small_driver_uart_control.o [5]
small_driver_value      0x2802'9f20    0x2c  Data  Gb  small_driver_uart_control.o [5]
solve_inverse_kinematics
                        0x1008'5339   0x2fe  Code  Gb  servo.o [5]
speed_to_x_offset       0x2802'a0d4     0x4  Data  Gb  servo.o [5]
spi_get_clk_hsiom       0x1008'45bd    0x28  Code  Lc  zf_driver_spi.o [49]
spi_get_clk_pin         0x1008'4501    0x28  Code  Lc  zf_driver_spi.o [49]
spi_get_cs_hsiom        0x1008'4635    0x44  Code  Lc  zf_driver_spi.o [49]
spi_get_cs_pin          0x1008'4579    0x44  Code  Lc  zf_driver_spi.o [49]
spi_get_miso_hsiom      0x1008'460d    0x28  Code  Lc  zf_driver_spi.o [49]
spi_get_miso_pin        0x1008'4551    0x28  Code  Lc  zf_driver_spi.o [49]
spi_get_mosi_hsiom      0x1008'45e5    0x28  Code  Lc  zf_driver_spi.o [49]
spi_get_mosi_pin        0x1008'4529    0x28  Code  Lc  zf_driver_spi.o [49]
spi_init                0x1008'4ca1   0x2b2  Code  Gb  zf_driver_spi.o [49]
spi_module              0x2802'0810    0x10  Data  Gb  zf_driver_spi.o [49]
spi_read_8bit_register  0x1008'4aa5    0xea  Code  Gb  zf_driver_spi.o [49]
spi_read_8bit_registers
                        0x1008'4b8f    0xfe  Code  Gb  zf_driver_spi.o [49]
spi_write_16bit         0x1008'485f    0xaa  Code  Gb  zf_driver_spi.o [49]
spi_write_16bit_array   0x1008'4909    0xb6  Code  Gb  zf_driver_spi.o [49]
spi_write_8bit          0x1008'47b5    0xaa  Code  Gb  zf_driver_spi.o [49]
spi_write_8bit_register
                        0x1008'49bf    0xde  Code  Gb  zf_driver_spi.o [49]
sprintf                 0x1008'39cd    0x40  Code  Gb  sprintf.o [50]
sqrt                    0x1008'5c5d          Code  Gb  sqrt.o [51]
sqrtf                   0x1008'9251          Code  Gb  sqrtf.o [51]
sqrtl                   0x1008'5c5d          Code  Gb  sqrt.o [51]
strchr                  0x1008'0fad          Code  Gb  strchr.o [52]
strlen                  0x1008'100d          Code  Gb  strlen.o [52]
strncpy                 0x1008'77c9          Code  Gb  strncpy.o [52]
switch_transition_length
                        0x1008'4679   0x13c  Code  Lc  zf_driver_spi.o [49]
system_clock            0x2802'a194     0x4  Data  Gb  zf_common_clock.o [46]
system_delay_init       0x1008'6afb    0xa6  Code  Gb  zf_driver_delay.o [49]
system_delay_ms         0x1008'6a9d    0x5e  Code  Gb  zf_driver_delay.o [49]
target_yaw              0x2802'a0b0     0x4  Data  Gb  flag_value.o [5]
timer_ch                0x2802'086b     0x1  Data  Lc  zf_driver_delay.o [49]
timer_init              0x1008'98e1    0xc8  Code  Gb  zf_driver_timer.o [49]
timer_start             0x1008'98b9    0x28  Code  Gb  zf_driver_timer.o [49]
true_speed              0x2802'a0a4     0x4  Data  Gb  flag_value.o [5]
tsl1401_collect_pit_handler
                        0x1008'8fc5    0x68  Code  Gb  zf_device_tsl1401.o [48]
tsl1401_data            0x2802'986c   0x200  Data  Gb  zf_device_tsl1401.o [48]
tsl1401_finish_flag     0x2802'a1c9     0x1  Data  Gb  zf_device_tsl1401.o [48]
tsl1401_init_state      0x2802'a1c8     0x1  Data  Lc  zf_device_tsl1401.o [48]
txt                     0x2802'9cf8    0x80  Data  Gb  main_cm7_0.o [45]
type_default_callback   0x1008'99b9     0x2  Code  Lc  zf_device_type.o [48]
uart0_isr               0x1008'854d    0x12  Code  Gb  cm7_0_isr.o [45]
uart1_isr               0x1008'855f    0x14  Code  Gb  cm7_0_isr.o [45]
uart2_isr               0x1008'8573    0x14  Code  Gb  cm7_0_isr.o [45]
uart3_isr               0x1008'8587     0xa  Code  Gb  cm7_0_isr.o [45]
uart4_isr               0x1008'8591    0x14  Code  Gb  cm7_0_isr.o [45]
uart5_isr               0x1008'8601     0xa  Code  Gb  cm7_0_isr.o [45]
uart6_isr               0x1008'860b     0xa  Code  Gb  cm7_0_isr.o [45]
uart_context            0x2802'9a6c   0x188  Data  Gb  zf_driver_uart.o [49]
uart_data_buffer        0x2802'9de8    0x70  Data  Lc  zf_driver_uart.o [49]
uart_data_buffer_count  0x2802'a07c     0x8  Data  Lc  zf_driver_uart.o [49]
uart_data_refresh       0x2802'a084     0x8  Data  Lc  zf_driver_uart.o [49]
uart_init               0x1008'37cd   0x1c0  Code  Gb  zf_driver_uart.o [49]
uart_isr_func           0x2802'0820    0x1c  Data  Gb  zf_driver_uart.o [49]
uart_isr_mask           0x1008'2ec1    0xfa  Code  Gb  zf_driver_uart.o [49]
uart_query_buffer       0x1008'329b    0x56  Code  Gb  zf_driver_uart.o [49]
uart_query_byte         0x1008'3227    0x74  Code  Gb  zf_driver_uart.o [49]
uart_receiver           0x2802'9ff8    0x18  Data  Gb  zf_device_uart_receiver.o [48]
uart_receiver_analysis  0x1008'92dd    0xdc  Code  Lc  zf_device_uart_receiver.o [48]
uart_receiver_callback  0x1008'93b9    0x6a  Code  Gb  zf_device_uart_receiver.o [48]
uart_receiver_callback::length
                        0x2802'a1cc     0x1  Data  Lc  zf_device_uart_receiver.o [48]
uart_receiver_callback::sbus_start
                        0x2802'a1cb     0x1  Data  Lc  zf_device_uart_receiver.o [48]
uart_receiver_data      0x2802'9f4c    0x1c  Data  Gb  zf_device_uart_receiver.o [48]
uart_receiver_handler   0x2802'07c0     0x4  Data  Gb  zf_device_type.o [48]
uart_receiver_init      0x1008'9423    0x2e  Code  Gb  zf_device_uart_receiver.o [48]
uart_rx_interrupt       0x1008'340d   0x1a8  Code  Gb  zf_driver_uart.o [49]
uart_rx_trigger_interrupt
                        0x1008'35b5    0x34  Code  Gb  zf_driver_uart.o [49]
uart_sbus_init          0x1008'35e9   0x1d4  Code  Gb  zf_driver_uart.o [49]
uart_tx_interrupt       0x1008'32f1   0x11c  Code  Gb  zf_driver_uart.o [49]
uart_write_buffer       0x1008'31ed    0x1e  Code  Gb  zf_driver_uart.o [49]
uart_write_byte         0x1008'31c5    0x28  Code  Gb  zf_driver_uart.o [49]
uart_write_string       0x1008'320b    0x1c  Code  Gb  zf_driver_uart.o [49]
vx                      0x2802'a0cc     0x4  Data  Gb  ins.o [5]
vy                      0x2802'a0d0     0x4  Data  Gb  ins.o [5]
wireless_auto_baud_data
                        0x2802'07c4     0x4  Data  Lc  zf_device_wireless_uart.o [48]
wireless_auto_baud_flag
                        0x2802'086a     0x1  Data  Lc  zf_device_wireless_uart.o [48]
wireless_module_uart_handler
                        0x2802'07bc     0x4  Data  Gb  zf_device_type.o [48]
wireless_type           0x2802'a1ca     0x1  Data  Gb  zf_device_type.o [48]
wireless_uart_buffer    0x2802'9ee0    0x40  Data  Lc  zf_device_wireless_uart.o [48]
wireless_uart_callback  0x1008'a2c3    0x44  Code  Gb  zf_device_wireless_uart.o [48]
wireless_uart_data      0x2802'a1cd     0x1  Data  Lc  zf_device_wireless_uart.o [48]
wireless_uart_fifo      0x2802'a010    0x18  Data  Lc  zf_device_wireless_uart.o [48]
wireless_uart_init      0x1008'a307    0xea  Code  Gb  zf_device_wireless_uart.o [48]
wireless_uart_send_string
                        0x1008'a259    0x6a  Code  Gb  zf_device_wireless_uart.o [48]
x                       0x2802'a0c4     0x4  Data  Gb  ins.o [5]
y                       0x2802'a0c8     0x4  Data  Gb  ins.o [5]
yaw_angle               0x2802'a0bc     0x4  Data  Gb  imu.o [5]
zf_debug_assert_enable  0x2802'0865     0x1  Data  Lc  zf_common_debug.o [46]
zf_debug_init_flag      0x2802'a1c3     0x1  Data  Lc  zf_common_debug.o [46]


[1] = C:\Users\Administrator\Desktop\¬÷Õ»\ygcz_demo\project\iar\Debug_m7_0\Obj\adc_11722776235721520015.dir
[2] = C:\Users\Administrator\Desktop\¬÷Õ»\ygcz_demo\project\iar\Debug_m7_0\Obj\audioss_1346650047966882938.dir
[3] = C:\Users\Administrator\Desktop\¬÷Õ»\ygcz_demo\project\iar\Debug_m7_0\Obj\button_4990804375159372270.dir
[4] = C:\Users\Administrator\Desktop\¬÷Õ»\ygcz_demo\project\iar\Debug_m7_0\Obj\canfd_1800690984773873875.dir
[5] = C:\Users\Administrator\Desktop\¬÷Õ»\ygcz_demo\project\iar\Debug_m7_0\Obj\code_17896468042025673432.dir
[6] = C:\Users\Administrator\Desktop\¬÷Õ»\ygcz_demo\project\iar\Debug_m7_0\Obj\cpu_15938736945165268644.dir
[7] = C:\Users\Administrator\Desktop\¬÷Õ»\ygcz_demo\project\iar\Debug_m7_0\Obj\crypto_1190170608956581615.dir
[8] = C:\Users\Administrator\Desktop\¬÷Õ»\ygcz_demo\project\iar\Debug_m7_0\Obj\dma_12106025507578611576.dir
[9] = C:\Users\Administrator\Desktop\¬÷Õ»\ygcz_demo\project\iar\Debug_m7_0\Obj\eth_phy_18133017486186456677.dir
[10] = C:\Users\Administrator\Desktop\¬÷Õ»\ygcz_demo\project\iar\Debug_m7_0\Obj\ethernet_6029839089178797009.dir
[11] = C:\Users\Administrator\Desktop\¬÷Õ»\ygcz_demo\project\iar\Debug_m7_0\Obj\evtgen_3404189088603873129.dir
[12] = C:\Users\Administrator\Desktop\¬÷Õ»\ygcz_demo\project\iar\Debug_m7_0\Obj\flash_8529866181315662935.dir
[13] = C:\Users\Administrator\Desktop\¬÷Õ»\ygcz_demo\project\iar\Debug_m7_0\Obj\flash_864493325053435817.dir
[14] = C:\Users\Administrator\Desktop\¬÷Õ»\ygcz_demo\project\iar\Debug_m7_0\Obj\gpio_3999404635324069351.dir
[15] = C:\Users\Administrator\Desktop\¬÷Õ»\ygcz_demo\project\iar\Debug_m7_0\Obj\ipc_10145506163450686023.dir
[16] = C:\Users\Administrator\Desktop\¬÷Õ»\ygcz_demo\project\iar\Debug_m7_0\Obj\lin_18429031207028094880.dir
[17] = C:\Users\Administrator\Desktop\¬÷Õ»\ygcz_demo\project\iar\Debug_m7_0\Obj\lvd_6353935867039560245.dir
[18] = C:\Users\Administrator\Desktop\¬÷Õ»\ygcz_demo\project\iar\Debug_m7_0\Obj\mcwdt_4052485907822033969.dir
[19] = C:\Users\Administrator\Desktop\¬÷Õ»\ygcz_demo\project\iar\Debug_m7_0\Obj\mpu_5663187252346826382.dir
[20] = C:\Users\Administrator\Desktop\¬÷Õ»\ygcz_demo\project\iar\Debug_m7_0\Obj\power_14453085144426420577.dir
[21] = C:\Users\Administrator\Desktop\¬÷Õ»\ygcz_demo\project\iar\Debug_m7_0\Obj\prot_10722960861768657883.dir
[22] = C:\Users\Administrator\Desktop\¬÷Õ»\ygcz_demo\project\iar\Debug_m7_0\Obj\rev_b_4986922561640112550.dir
[23] = C:\Users\Administrator\Desktop\¬÷Õ»\ygcz_demo\project\iar\Debug_m7_0\Obj\rev_b_6162237342861132223.dir
[24] = C:\Users\Administrator\Desktop\¬÷Õ»\ygcz_demo\project\iar\Debug_m7_0\Obj\scb_15490842639181808494.dir
[25] = C:\Users\Administrator\Desktop\¬÷Õ»\ygcz_demo\project\iar\Debug_m7_0\Obj\sd_host_2982766354293506895.dir
[26] = C:\Users\Administrator\Desktop\¬÷Õ»\ygcz_demo\project\iar\Debug_m7_0\Obj\semihosting_143864889731838620.dir
[27] = C:\Users\Administrator\Desktop\¬÷Õ»\ygcz_demo\project\iar\Debug_m7_0\Obj\smartio_5451710003740070188.dir
[28] = C:\Users\Administrator\Desktop\¬÷Õ»\ygcz_demo\project\iar\Debug_m7_0\Obj\smif_427648126384146252.dir
[29] = C:\Users\Administrator\Desktop\¬÷Õ»\ygcz_demo\project\iar\Debug_m7_0\Obj\smif_mem_6470536964353725183.dir
[30] = C:\Users\Administrator\Desktop\¬÷Õ»\ygcz_demo\project\iar\Debug_m7_0\Obj\srom_13018798572330080582.dir
[31] = C:\Users\Administrator\Desktop\¬÷Õ»\ygcz_demo\project\iar\Debug_m7_0\Obj\startup_479057977785470282.dir
[32] = C:\Users\Administrator\Desktop\¬÷Õ»\ygcz_demo\project\iar\Debug_m7_0\Obj\sw_timer_4215635015939382130.dir
[33] = C:\Users\Administrator\Desktop\¬÷Õ»\ygcz_demo\project\iar\Debug_m7_0\Obj\sysclk_16149231235676103872.dir
[34] = C:\Users\Administrator\Desktop\¬÷Õ»\ygcz_demo\project\iar\Debug_m7_0\Obj\sysflt_12293435975120599261.dir
[35] = C:\Users\Administrator\Desktop\¬÷Õ»\ygcz_demo\project\iar\Debug_m7_0\Obj\sysint_7435970359207984181.dir
[36] = C:\Users\Administrator\Desktop\¬÷Õ»\ygcz_demo\project\iar\Debug_m7_0\Obj\syslib_16330585751512546975.dir
[37] = C:\Users\Administrator\Desktop\¬÷Õ»\ygcz_demo\project\iar\Debug_m7_0\Obj\syspm_10887939769544754770.dir
[38] = C:\Users\Administrator\Desktop\¬÷Õ»\ygcz_demo\project\iar\Debug_m7_0\Obj\sysreghc_17676636058511625587.dir
[39] = C:\Users\Administrator\Desktop\¬÷Õ»\ygcz_demo\project\iar\Debug_m7_0\Obj\sysreset_14586141425677365288.dir
[40] = C:\Users\Administrator\Desktop\¬÷Õ»\ygcz_demo\project\iar\Debug_m7_0\Obj\sysrtc_10747768817563771611.dir
[41] = C:\Users\Administrator\Desktop\¬÷Õ»\ygcz_demo\project\iar\Debug_m7_0\Obj\systick_16016591671695740695.dir
[42] = C:\Users\Administrator\Desktop\¬÷Õ»\ygcz_demo\project\iar\Debug_m7_0\Obj\syswdt_9118657615806274156.dir
[43] = C:\Users\Administrator\Desktop\¬÷Õ»\ygcz_demo\project\iar\Debug_m7_0\Obj\tcpwm_422923530147891246.dir
[44] = C:\Users\Administrator\Desktop\¬÷Õ»\ygcz_demo\project\iar\Debug_m7_0\Obj\trigmux_9729677290734583340.dir
[45] = C:\Users\Administrator\Desktop\¬÷Õ»\ygcz_demo\project\iar\Debug_m7_0\Obj\user_8514941877209965082.dir
[46] = C:\Users\Administrator\Desktop\¬÷Õ»\ygcz_demo\project\iar\Debug_m7_0\Obj\zf_common_1201165462030747823.dir
[47] = C:\Users\Administrator\Desktop\¬÷Õ»\ygcz_demo\project\iar\Debug_m7_0\Obj\zf_components_14936052685886095442.dir
[48] = C:\Users\Administrator\Desktop\¬÷Õ»\ygcz_demo\project\iar\Debug_m7_0\Obj\zf_device_6570275422786408770.dir
[49] = C:\Users\Administrator\Desktop\¬÷Õ»\ygcz_demo\project\iar\Debug_m7_0\Obj\zf_driver_11922370083829174090.dir
[50] = dl7M_tln.a
[51] = m7M_tlv.a
[52] = rt7M_tl.a
[53] = shb_l.a
[54] = zf_device_config.a

  41'873 bytes of readonly  code memory
   4'015 bytes of readonly  data memory
  50'767 bytes of readwrite data memory

Errors: none
Warnings: none
