###############################################################################
#
# IAR ELF Linker V9.40.1.364/W64 for ARM                  16/May/2026  16:25:41
# Copyright 2007-2023 IAR Systems AB.
#
#    Output file  =
#        D:\desk\ygcz_demo\project\iar\project_config\Debug_m7_0\Exe\cyt4bb7_cm_7_0.out
#    Map file     =
#        D:\desk\ygcz_demo\project\iar\Debug_m7_0\List\cyt4bb7_cm_7_0.map
#    Command line =
#        -f
#        D:\desk\ygcz_demo\project\iar\project_config\Debug_m7_0\Exe\cyt4bb7_cm_7_0.out.rsp
#        (D:\desk\ygcz_demo\project\iar\Debug_m7_0\Obj\code_17896468042025673432.dir\camera.o
#        D:\desk\ygcz_demo\project\iar\Debug_m7_0\Obj\code_17896468042025673432.dir\camera_image_processing.o
#        D:\desk\ygcz_demo\project\iar\Debug_m7_0\Obj\code_17896468042025673432.dir\camera_uart_assistance.o
#        D:\desk\ygcz_demo\project\iar\Debug_m7_0\Obj\user_8514941877209965082.dir\cm7_0_isr.o
#        D:\desk\ygcz_demo\project\iar\Debug_m7_0\Obj\adc_11722776235721520015.dir\cy_adc.o
#        D:\desk\ygcz_demo\project\iar\Debug_m7_0\Obj\button_4990804375159372270.dir\cy_button.o
#        D:\desk\ygcz_demo\project\iar\Debug_m7_0\Obj\canfd_1800690984773873875.dir\cy_canfd.o
#        D:\desk\ygcz_demo\project\iar\Debug_m7_0\Obj\cpu_15938736945165268644.dir\cy_cpu.o
#        D:\desk\ygcz_demo\project\iar\Debug_m7_0\Obj\crypto_1190170608956581615.dir\cy_crypto_config.o
#        D:\desk\ygcz_demo\project\iar\Debug_m7_0\Obj\eth_phy_18133017486186456677.dir\cy_dp83867.o
#        D:\desk\ygcz_demo\project\iar\Debug_m7_0\Obj\ethernet_6029839089178797009.dir\cy_ethif.o
#        D:\desk\ygcz_demo\project\iar\Debug_m7_0\Obj\evtgen_3404189088603873129.dir\cy_evtgen.o
#        D:\desk\ygcz_demo\project\iar\Debug_m7_0\Obj\flash_8529866181315662935.dir\cy_flash.o
#        D:\desk\ygcz_demo\project\iar\Debug_m7_0\Obj\gpio_3999404635324069351.dir\cy_gpio.o
#        D:\desk\ygcz_demo\project\iar\Debug_m7_0\Obj\audioss_1346650047966882938.dir\cy_i2s.o
#        D:\desk\ygcz_demo\project\iar\Debug_m7_0\Obj\rev_b_6162237342861132223.dir\cy_interrupt_map.o
#        D:\desk\ygcz_demo\project\iar\Debug_m7_0\Obj\ipc_10145506163450686023.dir\cy_ipc_drv.o
#        D:\desk\ygcz_demo\project\iar\Debug_m7_0\Obj\ipc_10145506163450686023.dir\cy_ipc_pipe.o
#        D:\desk\ygcz_demo\project\iar\Debug_m7_0\Obj\ipc_10145506163450686023.dir\cy_ipc_sema.o
#        D:\desk\ygcz_demo\project\iar\Debug_m7_0\Obj\lin_18429031207028094880.dir\cy_lin.o
#        D:\desk\ygcz_demo\project\iar\Debug_m7_0\Obj\lvd_6353935867039560245.dir\cy_lvd.o
#        D:\desk\ygcz_demo\project\iar\Debug_m7_0\Obj\mcwdt_4052485907822033969.dir\cy_mcwdt.o
#        D:\desk\ygcz_demo\project\iar\Debug_m7_0\Obj\dma_12106025507578611576.dir\cy_mdma.o
#        D:\desk\ygcz_demo\project\iar\Debug_m7_0\Obj\mpu_5663187252346826382.dir\cy_mpu.o
#        D:\desk\ygcz_demo\project\iar\Debug_m7_0\Obj\flash_864493325053435817.dir\cy_mw_flash.o
#        D:\desk\ygcz_demo\project\iar\Debug_m7_0\Obj\dma_12106025507578611576.dir\cy_pdma.o
#        D:\desk\ygcz_demo\project\iar\Debug_m7_0\Obj\power_14453085144426420577.dir\cy_power.o
#        D:\desk\ygcz_demo\project\iar\Debug_m7_0\Obj\prot_10722960861768657883.dir\cy_prot.o
#        D:\desk\ygcz_demo\project\iar\Debug_m7_0\Obj\scb_15490842639181808494.dir\cy_scb_common.o
#        D:\desk\ygcz_demo\project\iar\Debug_m7_0\Obj\scb_15490842639181808494.dir\cy_scb_ezi2c.o
#        D:\desk\ygcz_demo\project\iar\Debug_m7_0\Obj\scb_15490842639181808494.dir\cy_scb_i2c.o
#        D:\desk\ygcz_demo\project\iar\Debug_m7_0\Obj\scb_15490842639181808494.dir\cy_scb_spi.o
#        D:\desk\ygcz_demo\project\iar\Debug_m7_0\Obj\scb_15490842639181808494.dir\cy_scb_uart.o
#        D:\desk\ygcz_demo\project\iar\Debug_m7_0\Obj\sd_host_2982766354293506895.dir\cy_sd_host.o
#        D:\desk\ygcz_demo\project\iar\Debug_m7_0\Obj\semihosting_143864889731838620.dir\cy_semihosting.o
#        D:\desk\ygcz_demo\project\iar\Debug_m7_0\Obj\smartio_5451710003740070188.dir\cy_smartio.o
#        D:\desk\ygcz_demo\project\iar\Debug_m7_0\Obj\smif_427648126384146252.dir\cy_smif.o
#        D:\desk\ygcz_demo\project\iar\Debug_m7_0\Obj\smif_mem_6470536964353725183.dir\cy_smif_device_common.o
#        D:\desk\ygcz_demo\project\iar\Debug_m7_0\Obj\smif_mem_6470536964353725183.dir\cy_smif_hb_flash.o
#        D:\desk\ygcz_demo\project\iar\Debug_m7_0\Obj\smif_427648126384146252.dir\cy_smif_memslot.o
#        D:\desk\ygcz_demo\project\iar\Debug_m7_0\Obj\smif_mem_6470536964353725183.dir\cy_smif_s25fl.o
#        D:\desk\ygcz_demo\project\iar\Debug_m7_0\Obj\smif_mem_6470536964353725183.dir\cy_smif_s25fs.o
#        D:\desk\ygcz_demo\project\iar\Debug_m7_0\Obj\smif_mem_6470536964353725183.dir\cy_smif_semp.o
#        D:\desk\ygcz_demo\project\iar\Debug_m7_0\Obj\smif_427648126384146252.dir\cy_smif_ver_specific.o
#        D:\desk\ygcz_demo\project\iar\Debug_m7_0\Obj\srom_13018798572330080582.dir\cy_srom.o
#        D:\desk\ygcz_demo\project\iar\Debug_m7_0\Obj\sw_timer_4215635015939382130.dir\cy_sw_tmr.o
#        D:\desk\ygcz_demo\project\iar\Debug_m7_0\Obj\sysclk_16149231235676103872.dir\cy_sysclk.o
#        D:\desk\ygcz_demo\project\iar\Debug_m7_0\Obj\sysflt_12293435975120599261.dir\cy_sysflt.o
#        D:\desk\ygcz_demo\project\iar\Debug_m7_0\Obj\sysint_7435970359207984181.dir\cy_sysint.o
#        D:\desk\ygcz_demo\project\iar\Debug_m7_0\Obj\syslib_16330585751512546975.dir\cy_syslib.o
#        D:\desk\ygcz_demo\project\iar\Debug_m7_0\Obj\syslib_16330585751512546975.dir\cy_syslib_iar.o
#        D:\desk\ygcz_demo\project\iar\Debug_m7_0\Obj\syspm_10887939769544754770.dir\cy_syspm.o
#        D:\desk\ygcz_demo\project\iar\Debug_m7_0\Obj\sysreghc_17676636058511625587.dir\cy_sysreghc.o
#        D:\desk\ygcz_demo\project\iar\Debug_m7_0\Obj\sysreset_14586141425677365288.dir\cy_sysreset.o
#        D:\desk\ygcz_demo\project\iar\Debug_m7_0\Obj\sysrtc_10747768817563771611.dir\cy_sysrtc.o
#        D:\desk\ygcz_demo\project\iar\Debug_m7_0\Obj\systick_16016591671695740695.dir\cy_systick.o
#        D:\desk\ygcz_demo\project\iar\Debug_m7_0\Obj\syswdt_9118657615806274156.dir\cy_syswdt.o
#        D:\desk\ygcz_demo\project\iar\Debug_m7_0\Obj\tcpwm_422923530147891246.dir\cy_tcpwm.o
#        D:\desk\ygcz_demo\project\iar\Debug_m7_0\Obj\tcpwm_422923530147891246.dir\cy_tcpwm_counter.o
#        D:\desk\ygcz_demo\project\iar\Debug_m7_0\Obj\tcpwm_422923530147891246.dir\cy_tcpwm_pwm.o
#        D:\desk\ygcz_demo\project\iar\Debug_m7_0\Obj\tcpwm_422923530147891246.dir\cy_tcpwm_quaddec.o
#        D:\desk\ygcz_demo\project\iar\Debug_m7_0\Obj\tcpwm_422923530147891246.dir\cy_tcpwm_sr.o
#        D:\desk\ygcz_demo\project\iar\Debug_m7_0\Obj\trigmux_9729677290734583340.dir\cy_trigmux.o
#        D:\desk\ygcz_demo\project\iar\Debug_m7_0\Obj\ethernet_6029839089178797009.dir\edd.o
#        D:\desk\ygcz_demo\project\iar\Debug_m7_0\Obj\ethernet_6029839089178797009.dir\edd_rx.o
#        D:\desk\ygcz_demo\project\iar\Debug_m7_0\Obj\ethernet_6029839089178797009.dir\edd_tx.o
#        D:\desk\ygcz_demo\project\iar\Debug_m7_0\Obj\code_17896468042025673432.dir\filter.o
#        D:\desk\ygcz_demo\project\iar\Debug_m7_0\Obj\code_17896468042025673432.dir\imu.o
#        D:\desk\ygcz_demo\project\iar\Debug_m7_0\Obj\code_17896468042025673432.dir\ins.o
#        D:\desk\ygcz_demo\project\iar\Debug_m7_0\Obj\user_8514941877209965082.dir\main_cm7_0.o
#        D:\desk\ygcz_demo\project\iar\Debug_m7_0\Obj\code_17896468042025673432.dir\motor.o
#        D:\desk\ygcz_demo\project\iar\Debug_m7_0\Obj\code_17896468042025673432.dir\screen.o
#        D:\desk\ygcz_demo\project\iar\Debug_m7_0\Obj\zf_components_14936052685886095442.dir\seekfree_assistant.o
#        D:\desk\ygcz_demo\project\iar\Debug_m7_0\Obj\zf_components_14936052685886095442.dir\seekfree_assistant_interface.o
#        D:\desk\ygcz_demo\project\iar\Debug_m7_0\Obj\code_17896468042025673432.dir\servo.o
#        D:\desk\ygcz_demo\project\iar\Debug_m7_0\Obj\code_17896468042025673432.dir\small_driver_uart_control.o
#        D:\desk\ygcz_demo\project\iar\Debug_m7_0\Obj\startup_479057977785470282.dir\startup.o
#        D:\desk\ygcz_demo\project\iar\Debug_m7_0\Obj\startup_479057977785470282.dir\startup_cm7.o
#        D:\desk\ygcz_demo\project\iar\Debug_m7_0\Obj\rev_b_4986922561640112550.dir\system_tviibh4m_cm7.o
#        D:\desk\ygcz_demo\project\iar\Debug_m7_0\Obj\zf_common_1201165462030747823.dir\zf_common_clock.o
#        D:\desk\ygcz_demo\project\iar\Debug_m7_0\Obj\zf_common_1201165462030747823.dir\zf_common_debug.o
#        D:\desk\ygcz_demo\project\iar\Debug_m7_0\Obj\zf_common_1201165462030747823.dir\zf_common_fifo.o
#        D:\desk\ygcz_demo\project\iar\Debug_m7_0\Obj\zf_common_1201165462030747823.dir\zf_common_font.o
#        D:\desk\ygcz_demo\project\iar\Debug_m7_0\Obj\zf_common_1201165462030747823.dir\zf_common_function.o
#        D:\desk\ygcz_demo\project\iar\Debug_m7_0\Obj\zf_common_1201165462030747823.dir\zf_common_interrupt.o
#        D:\desk\ygcz_demo\project\iar\Debug_m7_0\Obj\zf_device_6570275422786408770.dir\zf_device_ble6a20.o
#        D:\desk\ygcz_demo\project\iar\Debug_m7_0\Obj\zf_device_6570275422786408770.dir\zf_device_dl1a.o
#        D:\desk\ygcz_demo\project\iar\Debug_m7_0\Obj\zf_device_6570275422786408770.dir\zf_device_dl1b.o
#        D:\desk\ygcz_demo\project\iar\Debug_m7_0\Obj\zf_device_6570275422786408770.dir\zf_device_gnss.o
#        D:\desk\ygcz_demo\project\iar\Debug_m7_0\Obj\zf_device_6570275422786408770.dir\zf_device_icm20602.o
#        D:\desk\ygcz_demo\project\iar\Debug_m7_0\Obj\zf_device_6570275422786408770.dir\zf_device_imu660ra.o
#        D:\desk\ygcz_demo\project\iar\Debug_m7_0\Obj\zf_device_6570275422786408770.dir\zf_device_imu660rb.o
#        D:\desk\ygcz_demo\project\iar\Debug_m7_0\Obj\zf_device_6570275422786408770.dir\zf_device_imu660rc.o
#        D:\desk\ygcz_demo\project\iar\Debug_m7_0\Obj\zf_device_6570275422786408770.dir\zf_device_imu963ra.o
#        D:\desk\ygcz_demo\project\iar\Debug_m7_0\Obj\zf_device_6570275422786408770.dir\zf_device_ips114.o
#        D:\desk\ygcz_demo\project\iar\Debug_m7_0\Obj\zf_device_6570275422786408770.dir\zf_device_ips200.o
#        D:\desk\ygcz_demo\project\iar\Debug_m7_0\Obj\zf_device_6570275422786408770.dir\zf_device_ips200pro.o
#        D:\desk\ygcz_demo\project\iar\Debug_m7_0\Obj\zf_device_6570275422786408770.dir\zf_device_key.o
#        D:\desk\ygcz_demo\project\iar\Debug_m7_0\Obj\zf_device_6570275422786408770.dir\zf_device_lora3a22.o
#        D:\desk\ygcz_demo\project\iar\Debug_m7_0\Obj\zf_device_6570275422786408770.dir\zf_device_menc15a.o
#        D:\desk\ygcz_demo\project\iar\Debug_m7_0\Obj\zf_device_6570275422786408770.dir\zf_device_mt9v03x.o
#        D:\desk\ygcz_demo\project\iar\Debug_m7_0\Obj\zf_device_6570275422786408770.dir\zf_device_oled.o
#        D:\desk\ygcz_demo\project\iar\Debug_m7_0\Obj\zf_device_6570275422786408770.dir\zf_device_pmw3901.o
#        D:\desk\ygcz_demo\project\iar\Debug_m7_0\Obj\zf_device_6570275422786408770.dir\zf_device_tft180.o
#        D:\desk\ygcz_demo\project\iar\Debug_m7_0\Obj\zf_device_6570275422786408770.dir\zf_device_tsl1401.o
#        D:\desk\ygcz_demo\project\iar\Debug_m7_0\Obj\zf_device_6570275422786408770.dir\zf_device_type.o
#        D:\desk\ygcz_demo\project\iar\Debug_m7_0\Obj\zf_device_6570275422786408770.dir\zf_device_uart_receiver.o
#        D:\desk\ygcz_demo\project\iar\Debug_m7_0\Obj\zf_device_6570275422786408770.dir\zf_device_wifi_spi.o
#        D:\desk\ygcz_demo\project\iar\Debug_m7_0\Obj\zf_device_6570275422786408770.dir\zf_device_wifi_uart.o
#        D:\desk\ygcz_demo\project\iar\Debug_m7_0\Obj\zf_device_6570275422786408770.dir\zf_device_wireless_uart.o
#        D:\desk\ygcz_demo\project\iar\Debug_m7_0\Obj\zf_driver_11922370083829174090.dir\zf_driver_adc.o
#        D:\desk\ygcz_demo\project\iar\Debug_m7_0\Obj\zf_driver_11922370083829174090.dir\zf_driver_delay.o
#        D:\desk\ygcz_demo\project\iar\Debug_m7_0\Obj\zf_driver_11922370083829174090.dir\zf_driver_dma.o
#        D:\desk\ygcz_demo\project\iar\Debug_m7_0\Obj\zf_driver_11922370083829174090.dir\zf_driver_encoder.o
#        D:\desk\ygcz_demo\project\iar\Debug_m7_0\Obj\zf_driver_11922370083829174090.dir\zf_driver_exti.o
#        D:\desk\ygcz_demo\project\iar\Debug_m7_0\Obj\zf_driver_11922370083829174090.dir\zf_driver_flash.o
#        D:\desk\ygcz_demo\project\iar\Debug_m7_0\Obj\zf_driver_11922370083829174090.dir\zf_driver_gpio.o
#        D:\desk\ygcz_demo\project\iar\Debug_m7_0\Obj\zf_driver_11922370083829174090.dir\zf_driver_ipc.o
#        D:\desk\ygcz_demo\project\iar\Debug_m7_0\Obj\zf_driver_11922370083829174090.dir\zf_driver_pit.o
#        D:\desk\ygcz_demo\project\iar\Debug_m7_0\Obj\zf_driver_11922370083829174090.dir\zf_driver_pwm.o
#        D:\desk\ygcz_demo\project\iar\Debug_m7_0\Obj\zf_driver_11922370083829174090.dir\zf_driver_soft_iic.o
#        D:\desk\ygcz_demo\project\iar\Debug_m7_0\Obj\zf_driver_11922370083829174090.dir\zf_driver_soft_spi.o
#        D:\desk\ygcz_demo\project\iar\Debug_m7_0\Obj\zf_driver_11922370083829174090.dir\zf_driver_spi.o
#        D:\desk\ygcz_demo\project\iar\Debug_m7_0\Obj\zf_driver_11922370083829174090.dir\zf_driver_timer.o
#        D:\desk\ygcz_demo\project\iar\Debug_m7_0\Obj\zf_driver_11922370083829174090.dir\zf_driver_uart.o
#        --no_out_extension -o
#        D:\desk\ygcz_demo\project\iar\project_config\Debug_m7_0\Exe\cyt4bb7_cm_7_0.out
#        --config_def _CORE_cm7_0_=0 --config_def _LINK_flash_=0 --map
#        D:\desk\ygcz_demo\project\iar\Debug_m7_0\List\cyt4bb7_cm_7_0.map
#        --config
#        D:\desk\ygcz_demo\project\iar\project_config\..\icf\linker_directives_tviibh.icf
#        --semihosting
#        D:\desk\ygcz_demo\project\iar\project_config\..\..\..\libraries\sdk\tviibh4m\src\drivers\crypto\libs\libcrypto_server_cm0plus_iar.a
#        D:\desk\ygcz_demo\project\iar\project_config\..\..\..\libraries\zf_device\zf_device_config.a
#        D:\desk\ygcz_demo\project\iar\project_config\..\..\..\libraries\sdk\common\hdr\cmsis\dsp\iar_cortexM7lf_math.a
#        --entry __iar_program_start --vfe --text_out locale --cpu=Cortex-M7
#        --fpu=VFPv5_d16) --dependencies=n
#        D:\desk\ygcz_demo\project\iar\project_config\Debug_m7_0\Exe\cyt4bb7_cm_7_0.out.iar_deps
#
###############################################################################

*******************************************************************************
*** RUNTIME MODEL ATTRIBUTES
***

CppFlavor       = *
__CPP_Runtime   = 1
__Heap_Handler  = Basic
__SystemLibrary = DLib
__dlib_version  = 6


*******************************************************************************
*** HEAP SELECTION
***

The basic heap was selected because --advanced_heap
was not specified and the application did not appear to
be primarily optimized for speed.


*******************************************************************************
*** PLACEMENT SUMMARY
***

"A0":  place at start of [from 0x1008'0000 to 0x1027'ffff] { section .intvec };
"P1":  place in [from 0x1008'0000 to 0x1027'ffff] { ro };
"P2":  place in [from 0x2802'0000 to 0x2807'ffff] { rw };
define block HEAP with size = 1K, alignment = 8 { };
define block CSTACK with size = 8K, alignment = 8 { };
define block HEAP_STACK { block HEAP, last block CSTACK };
"A1":  place at end of [from 0x2802'0000 to 0x2807'ffff] { block HEAP_STACK };
do not initialize { section .intvec_ram };
initialize by copy { rw };

No sections matched the following patterns:

  ro section .sflash_app_prot  in "P6"
  ro section .sflash_nar       in "P4"
  ro section .sflash_pkey      in "P5"
  ro section .sflash_toc2      in "P7"
  ro section .sflash_uf_rows   in "P3"
  ro section .work_flash       in "P8"
  section .global_ram_data     in "P9"


  Section            Kind         Address    Size  Object
  -------            ----         -------    ----  ------
"A0":                                        0x80
  .intvec            ro code  0x1008'0000    0x80  startup_cm7.o [31]
                            - 0x1008'0080    0x80

"P1":                                      0x5c7b
  .text              ro code  0x1008'0080   0xeae  xprintffull_nomb.o [50]
  .text              ro code  0x1008'0f2e    0x7e  lz77_init_single.o [52]
  .text              ro code  0x1008'0fac    0x16  strchr.o [52]
  .text              ro code  0x1008'0fc2     0xa  xsprout.o [50]
  .text              ro code  0x1008'0fcc    0x40  xfail_s.o [50]
  .text              ro code  0x1008'100c    0x36  strlen.o [52]
  .text              ro code  0x1008'1044    0x58  memchr.o [52]
  .text              ro code  0x1008'109c    0xa6  ABImemcpy.o [52]
  .text              ro code  0x1008'1144    0x70  frexp.o [51]
  .text              ro code  0x1008'11b4    0x34  DblCmpLe.o [51]
  .text              ro code  0x1008'11e8    0x34  DblCmpGe.o [51]
  .text              ro code  0x1008'121c   0x104  ldexp.o [51]
  .text              ro code  0x1008'1320     0xe  DblToS32.o [51]
  .text              ro code  0x1008'132e     0xe  S32ToDbl.o [51]
  .text              ro code  0x1008'133c    0x12  DblSub.o [51]
  .text              ro code  0x1008'134e    0x12  DblDiv.o [51]
  .text              ro code  0x1008'1360     0xe  DblToU32.o [51]
  .text              ro code  0x1008'136e     0xe  U32ToDbl.o [51]
  .text              ro code  0x1008'137c    0x12  DblMul.o [51]
  .text              ro code  0x1008'1390   0x230  I64DivMod.o [52]
  .text              ro code  0x1008'15c0     0x6  abort.o [50]
  .text              ro code  0x1008'15c8     0x2  I64DivZer.o [52]
  .text              ro code  0x1008'15cc    0x14  exit.o [53]
  .text              ro code  0x1008'15e0   0xb40  zf_driver_uart.o [49]
  .text              ro code  0x1008'2120   0x420  zf_common_debug.o [46]
  .text              ro code  0x1008'2540     0x6  ABImemclr4.o [52]
  .text              ro code  0x1008'2548    0x66  ABImemset.o [52]
  .text              ro code  0x1008'25b0   0x194  cy_gpio.o [14]
  .text              ro code  0x1008'2744   0x314  cy_scb_uart.o [24]
  .text              ro code  0x1008'2a58    0xe2  zf_common_interrupt.o [46]
  .text              ro code  0x1008'2b3c    0x40  sprintf.o [50]
  .text              ro code  0x1008'2b7c   0x448  zf_common_fifo.o [46]
  .text              ro code  0x1008'2fc4    0x32  ABImemset48.o [52]
  .text              ro code  0x1008'2ff8    0x20  zf_driver_pwm.o [49]
  .text              ro code  0x1008'3018    0xac  cy_sysint.o [35]
  .text              ro code  0x1008'30c4   0x8e8  cy_sysclk.o [33]
  .text              ro code  0x1008'39ac    0x70  strncpy.o [52]
  .text              ro code  0x1008'3a1c    0xa8  cy_syslib.o [36]
  .text              ro code  0x1008'3ac4     0x2  cy_syslib.o [36]
  .text              ro code  0x1008'3ac8   0x8c0  zf_driver_spi.o [49]
  .text              ro code  0x1008'4388   0x1f0  cy_scb_spi.o [24]
  .text              ro code  0x1008'4578   0x284  zf_driver_delay.o [49]
  .text              ro code  0x1008'47fc   0x192  cy_tcpwm_counter.o [43]
  .text              ro code  0x1008'498e     0xc  cy_tcpwm.o [43]
  .text              ro code  0x1008'499c   0x204  startup.o [31]
  .text              ro code  0x1008'4ba0   0x150  system_tviibh4m_cm7.o [22]
  .text              ro code  0x1008'4cf0     0x8  startup_cm7.o [31]
  .text              ro code  0x1008'4cf8     0x6  startup_cm7.o [31]
  .text              ro code  0x1008'4d00   0x1b4  zf_device_wireless_uart.o [48]
  .text              ro code  0x1008'4eb4   0x13c  zf_driver_gpio.o [49]
  .text              ro code  0x1008'4ff0    0x44  zf_device_type.o [48]
  .text              ro code  0x1008'5034   0x198  cy_interrupt_map.o [23]
  .text              ro code  0x1008'51cc   0x16c  small_driver_uart_control.o [5]
  .text              ro code  0x1008'5338   0x114  zf_device_gnss.o [48]
  .text              ro code  0x1008'544c    0x2a  strncmp.o [50]
  .text              ro code  0x1008'5478    0xec  zf_device_menc15a.o [48]
  .text              ro code  0x1008'5564    0xb0  startup_cm7.o [31]
  .text              ro code  0x1008'5614    0x74  cm7_0_isr.o [45]
  .text              ro code  0x1008'5688    0x68  main_cm7_0.o [45]
  .text              ro code  0x1008'56f0    0x1c  zf_common_clock.o [46]
  .rodata            const    0x1008'570c    0x4c  system_tviibh4m_cm7.o [22]
  .rodata            const    0x1008'5758    0x48  cy_sysclk.o [33]
  .rodata            const    0x1008'57a0    0x48  cy_sysclk.o [33]
  .rodata            const    0x1008'57e8    0x40  zf_device_wireless_uart.o [48]
  .rodata            const    0x1008'5828    0x38  zf_common_fifo.o [46]
  .rodata            const    0x1008'5860    0x38  zf_driver_spi.o [49]
  .rodata            const    0x1008'5898    0x38  zf_driver_uart.o [49]
  .text              ro code  0x1008'58d0    0x38  zero_init3.o [52]
  .text              ro code  0x1008'5908    0x28  data_init.o [52]
  .text              ro code  0x1008'5930    0x22  fpinit_M.o [51]
  .iar.init_table    const    0x1008'5954    0x20  - Linker created -
  .text              ro code  0x1008'5974    0x20  startup_cm7.o [31]
  .text              ro code  0x1008'59a0    0x1e  cy_syslib_iar.o [36]
  .text              ro code  0x1008'59c0    0x1e  cmain.o [52]
  .text              ro code  0x1008'59e0     0x4  startup_cm7.o [31]
  .text              ro code  0x1008'59e4     0x4  exit.o [50]
  .text              ro code  0x1008'59e8     0xa  cexit.o [52]
  .rodata            const    0x1008'59f4    0x1c  zf_common_debug.o [46]
  .text              ro code  0x1008'5a10    0x1c  startup_cm7.o [31]
  .text              ro code  0x1008'5a2c    0x1c  cstartup_M.o [52]
  .rodata            const    0x1008'5a48    0x18  main_cm7_0.o [45]
  .rodata            const    0x1008'5a60    0x18  startup.o [31]
  .rodata            const    0x1008'5a78    0x18  system_tviibh4m_cm7.o [22]
  .rodata            const    0x1008'5a90    0x18  zf_common_debug.o [46]
  .rodata            const    0x1008'5aa8    0x10  zf_common_debug.o [46]
  .rodata            const    0x1008'5ab8    0x10  zf_common_debug.o [46]
  .rodata            const    0x1008'5ac8     0xc  zf_common_debug.o [46]
  .rodata            const    0x1008'5ad4     0xc  zf_common_debug.o [46]
  .text              ro code  0x1008'5ae0     0xc  cy_syslib.o [36]
  .rodata            const    0x1008'5aec     0x8  cy_sysclk.o [33]
  .rodata            const    0x1008'5af4     0x4  cy_interrupt_map.o [23]
  .rodata            const    0x1008'5af8     0x4  cy_interrupt_map.o [23]
  .rodata            const    0x1008'5afc     0x4  cy_interrupt_map.o [23]
  .rodata            const    0x1008'5b00     0x4  cy_interrupt_map.o [23]
  .rodata            const    0x1008'5b04     0x4  cy_interrupt_map.o [23]
  .rodata            const    0x1008'5b08     0x4  cy_interrupt_map.o [23]
  .rodata            const    0x1008'5b0c     0x4  cy_interrupt_map.o [23]
  .rodata            const    0x1008'5b10     0x4  cy_interrupt_map.o [23]
  .rodata            const    0x1008'5b14     0x4  cy_scb_spi.o [24]
  .rodata            const    0x1008'5b18     0x4  cy_scb_spi.o [24]
  .rodata            const    0x1008'5b1c     0x4  cy_scb_spi.o [24]
  .rodata            const    0x1008'5b20     0x4  cy_scb_spi.o [24]
  .rodata            const    0x1008'5b24     0x4  cy_scb_uart.o [24]
  .rodata            const    0x1008'5b28     0x4  cy_scb_uart.o [24]
  .rodata            const    0x1008'5b2c     0x4  cy_scb_uart.o [24]
  .rodata            const    0x1008'5b30     0x4  cy_scb_uart.o [24]
  .rodata            const    0x1008'5b34     0x4  cy_scb_uart.o [24]
  .rodata            const    0x1008'5b38     0x4  cy_scb_uart.o [24]
  .rodata            const    0x1008'5b3c     0x4  cy_scb_uart.o [24]
  .rodata            const    0x1008'5b40     0x4  cy_scb_uart.o [24]
  .rodata            const    0x1008'5b44     0x4  cy_scb_uart.o [24]
  .rodata            const    0x1008'5b48     0x4  cy_scb_uart.o [24]
  .rodata            const    0x1008'5b4c     0x4  cy_sysint.o [35]
  .rodata            const    0x1008'5b50     0x4  cy_sysint.o [35]
  .rodata            const    0x1008'5b54     0x4  cy_tcpwm_counter.o [43]
  .rodata            const    0x1008'5b58     0x4  cy_tcpwm_counter.o [43]
  .rodata            const    0x1008'5b5c     0x4  cy_tcpwm_counter.o [43]
  .rodata            const    0x1008'5b60     0x4  cy_tcpwm_counter.o [43]
  .rodata            const    0x1008'5b64     0x4  cy_tcpwm_counter.o [43]
  .text              ro code  0x1008'5b68     0x4  startup_cm7.o [31]
  .text              ro code  0x1008'5b6c     0x4  startup_cm7.o [31]
  .text              ro code  0x1008'5b70     0x4  startup_cm7.o [31]
  .text              ro code  0x1008'5b74     0x4  startup_cm7.o [31]
  .text              ro code  0x1008'5b78     0x4  startup_cm7.o [31]
  .text              ro code  0x1008'5b7c     0x4  startup_cm7.o [31]
  .text              ro code  0x1008'5b80     0x4  startup_cm7.o [31]
  .text              ro code  0x1008'5b84     0x4  startup_cm7.o [31]
  .text              ro code  0x1008'5b88     0x4  startup_cm7.o [31]
  .text              ro code  0x1008'5b8c     0x4  startup_cm7.o [31]
  .text              ro code  0x1008'5b90     0x4  startup_cm7.o [31]
  .text              ro code  0x1008'5b94     0x4  startup_cm7.o [31]
  .text              ro code  0x1008'5b98     0x4  startup_cm7.o [31]
  .text              ro code  0x1008'5b9c     0x4  startup_cm7.o [31]
  .text              ro code  0x1008'5ba0     0x4  startup_cm7.o [31]
  .rodata            const    0x1008'5ba4     0x0  zero_init3.o [52]
  .rodata            const    0x1008'5ba4     0x0  lz77_init_single.o [52]
  Initializer bytes  const    0x1008'5ba4    0x6b  <for P2-1>
                            - 0x1008'5c0f  0x5b8f

"P2", part 1 of 3:                          0x749
  P2-1                        0x2802'0000   0x749  <Init block>
    .data            inited   0x2802'0000   0x6ec  cy_interrupt_map.o [23]
    .data            inited   0x2802'06ec     0x4  cy_interrupt_map.o [23]
    .data            inited   0x2802'06f0     0x4  zf_device_type.o [48]
    .data            inited   0x2802'06f4     0x4  zf_device_type.o [48]
    .data            inited   0x2802'06f8     0x4  zf_device_wireless_uart.o [48]
    .data            inited   0x2802'06fc    0x10  zf_driver_spi.o [49]
    .data            inited   0x2802'070c    0x1c  zf_driver_uart.o [49]
    .data            inited   0x2802'0728    0x1c  zf_driver_uart.o [49]
    .data            inited   0x2802'0744     0x2  zf_driver_delay.o [49]
    .data            inited   0x2802'0746     0x1  zf_common_debug.o [46]
    .data            inited   0x2802'0747     0x1  zf_device_wireless_uart.o [48]
    .data            inited   0x2802'0748     0x1  zf_driver_delay.o [49]
                            - 0x2802'0749   0x749

"P2", part 2 of 3:                          0x5e8
  .bss               zero     0x2802'074c   0x188  zf_driver_uart.o [49]
  .bss               zero     0x2802'08d4    0x80  main_cm7_0.o [45]
  .bss               zero     0x2802'0954    0x80  zf_device_gnss.o [48]
  .bss               zero     0x2802'09d4    0x80  zf_device_gnss.o [48]
  .bss               zero     0x2802'0a54    0x80  zf_device_gnss.o [48]
  .bss               zero     0x2802'0ad4    0x70  cy_syslib.o [36]
  .bss               zero     0x2802'0b44    0x70  zf_driver_uart.o [49]
  .bss               zero     0x2802'0bb4    0x40  zf_common_debug.o [46]
  .bss               zero     0x2802'0bf4    0x40  zf_device_wireless_uart.o [48]
  .bss               zero     0x2802'0c34    0x2c  small_driver_uart_control.o [5]
  .bss               zero     0x2802'0c60    0x18  cy_sysclk.o [33]
  .bss               zero     0x2802'0c78    0x18  cy_syslib.o [36]
  .bss               zero     0x2802'0c90    0x18  zf_common_debug.o [46]
  .bss               zero     0x2802'0ca8    0x18  zf_device_gnss.o [48]
  .bss               zero     0x2802'0cc0    0x18  zf_device_wireless_uart.o [48]
  .bss               zero     0x2802'0cd8    0x14  zf_common_debug.o [46]
  .bss               zero     0x2802'0cec     0x8  zf_driver_uart.o [49]
  .bss               zero     0x2802'0cf4     0x8  zf_driver_uart.o [49]
  .bss               zero     0x2802'0cfc     0x4  cy_syslib.o [36]
  .bss               zero     0x2802'0d00     0x4  system_tviibh4m_cm7.o [22]
  .bss               zero     0x2802'0d04     0x4  system_tviibh4m_cm7.o [22]
  .bss               zero     0x2802'0d08     0x4  system_tviibh4m_cm7.o [22]
  .bss               zero     0x2802'0d0c     0x4  system_tviibh4m_cm7.o [22]
  .bss               zero     0x2802'0d10     0x4  system_tviibh4m_cm7.o [22]
  .bss               zero     0x2802'0d14     0x4  zf_common_clock.o [46]
  .bss               zero     0x2802'0d18     0x4  zf_common_interrupt.o [46]
  .bss               zero     0x2802'0d1c     0x4  zf_device_menc15a.o [48]
  .bss               zero     0x2802'0d20     0x4  zf_driver_spi.o [49]
  .bss               zero     0x2802'0d24     0x4  xfail_s.o [50]
  .bss               zero     0x2802'0d28     0x1  cy_sysclk.o [33]
  .bss               zero     0x2802'0d29     0x1  zf_common_debug.o [46]
  .bss               zero     0x2802'0d2a     0x1  zf_common_debug.o [46]
  .bss               zero     0x2802'0d2b     0x1  zf_common_debug.o [46]
  .bss               zero     0x2802'0d2c     0x1  zf_device_gnss.o [48]
  .bss               zero     0x2802'0d2d     0x1  zf_device_gnss.o [48]
  .bss               zero     0x2802'0d2e     0x1  zf_device_gnss.o [48]
  .bss               zero     0x2802'0d2f     0x1  zf_device_gnss.o [48]
  .bss               zero     0x2802'0d30     0x1  zf_device_gnss.o [48]
  .bss               zero     0x2802'0d31     0x1  zf_device_type.o [48]
  .bss               zero     0x2802'0d32     0x1  zf_device_wireless_uart.o [48]
                            - 0x2802'0d33   0x5e7

"P2", part 3 of 3:                           0x80
  .intvec_ram        uninit   0x2802'0d80    0x80  startup_cm7.o [31]
                            - 0x2802'0e00    0x80

"A1":                                      0x2000
  HEAP_STACK                  0x2807'e000  0x2000  <Block>
    CSTACK                    0x2807'e000  0x2000  <Block>
      CSTACK         uninit   0x2807'e000  0x2000  <Block tail>
                            - 0x2808'0000  0x2000

Unused ranges:

         From           To       Size
         ----           --       ----
  0x1008'5cfb  0x1027'ffff  0x1f'a305
  0x2802'0749  0x2802'074b        0x3
  0x2802'0d34  0x2802'0d7f       0x4c
  0x2802'0e00  0x2807'dfff   0x5'd200


*******************************************************************************
*** INIT TABLE
***

          Address      Size
          -------      ----
Zero (__iar_zero_init3)
    1 destination range, total size 0x5e7:
          0x2802'074c  0x5e7

Copy/lz77 (__iar_lz77_init_single3)
    1 source range, total size 0x6b (5% of destination):
          0x1008'5ba4   0x6b
    1 destination range, total size 0x749:
          0x2802'0000  0x749



*******************************************************************************
*** MODULE SUMMARY
***

    Module                       ro code  ro data  rw data
    ------                       -------  -------  -------
command line/config:
    ------------------------------------------------------
    Total:

D:\desk\ygcz_demo\project\iar\Debug_m7_0\Obj\adc_11722776235721520015.dir: [1]
    ------------------------------------------------------
    Total:

D:\desk\ygcz_demo\project\iar\Debug_m7_0\Obj\audioss_1346650047966882938.dir: [2]
    ------------------------------------------------------
    Total:

D:\desk\ygcz_demo\project\iar\Debug_m7_0\Obj\button_4990804375159372270.dir: [3]
    ------------------------------------------------------
    Total:

D:\desk\ygcz_demo\project\iar\Debug_m7_0\Obj\canfd_1800690984773873875.dir: [4]
    ------------------------------------------------------
    Total:

D:\desk\ygcz_demo\project\iar\Debug_m7_0\Obj\code_17896468042025673432.dir: [5]
    small_driver_uart_control.o      364                44
    ------------------------------------------------------
    Total:                           364                44

D:\desk\ygcz_demo\project\iar\Debug_m7_0\Obj\cpu_15938736945165268644.dir: [6]
    ------------------------------------------------------
    Total:

D:\desk\ygcz_demo\project\iar\Debug_m7_0\Obj\crypto_1190170608956581615.dir: [7]
    ------------------------------------------------------
    Total:

D:\desk\ygcz_demo\project\iar\Debug_m7_0\Obj\dma_12106025507578611576.dir: [8]
    ------------------------------------------------------
    Total:

D:\desk\ygcz_demo\project\iar\Debug_m7_0\Obj\eth_phy_18133017486186456677.dir: [9]
    ------------------------------------------------------
    Total:

D:\desk\ygcz_demo\project\iar\Debug_m7_0\Obj\ethernet_6029839089178797009.dir: [10]
    ------------------------------------------------------
    Total:

D:\desk\ygcz_demo\project\iar\Debug_m7_0\Obj\evtgen_3404189088603873129.dir: [11]
    ------------------------------------------------------
    Total:

D:\desk\ygcz_demo\project\iar\Debug_m7_0\Obj\flash_8529866181315662935.dir: [12]
    ------------------------------------------------------
    Total:

D:\desk\ygcz_demo\project\iar\Debug_m7_0\Obj\flash_864493325053435817.dir: [13]
    ------------------------------------------------------
    Total:

D:\desk\ygcz_demo\project\iar\Debug_m7_0\Obj\gpio_3999404635324069351.dir: [14]
    cy_gpio.o                        404
    ------------------------------------------------------
    Total:                           404

D:\desk\ygcz_demo\project\iar\Debug_m7_0\Obj\ipc_10145506163450686023.dir: [15]
    ------------------------------------------------------
    Total:

D:\desk\ygcz_demo\project\iar\Debug_m7_0\Obj\lin_18429031207028094880.dir: [16]
    ------------------------------------------------------
    Total:

D:\desk\ygcz_demo\project\iar\Debug_m7_0\Obj\lvd_6353935867039560245.dir: [17]
    ------------------------------------------------------
    Total:

D:\desk\ygcz_demo\project\iar\Debug_m7_0\Obj\mcwdt_4052485907822033969.dir: [18]
    ------------------------------------------------------
    Total:

D:\desk\ygcz_demo\project\iar\Debug_m7_0\Obj\mpu_5663187252346826382.dir: [19]
    ------------------------------------------------------
    Total:

D:\desk\ygcz_demo\project\iar\Debug_m7_0\Obj\power_14453085144426420577.dir: [20]
    ------------------------------------------------------
    Total:

D:\desk\ygcz_demo\project\iar\Debug_m7_0\Obj\prot_10722960861768657883.dir: [21]
    ------------------------------------------------------
    Total:

D:\desk\ygcz_demo\project\iar\Debug_m7_0\Obj\rev_b_4986922561640112550.dir: [22]
    system_tviibh4m_cm7.o            336      100       20
    ------------------------------------------------------
    Total:                           336      100       20

D:\desk\ygcz_demo\project\iar\Debug_m7_0\Obj\rev_b_6162237342861132223.dir: [23]
    cy_interrupt_map.o               408      133    1'776
    ------------------------------------------------------
    Total:                           408      133    1'776

D:\desk\ygcz_demo\project\iar\Debug_m7_0\Obj\scb_15490842639181808494.dir: [24]
    cy_scb_spi.o                     496       16
    cy_scb_uart.o                    788       40
    ------------------------------------------------------
    Total:                         1'284       56

D:\desk\ygcz_demo\project\iar\Debug_m7_0\Obj\sd_host_2982766354293506895.dir: [25]
    ------------------------------------------------------
    Total:

D:\desk\ygcz_demo\project\iar\Debug_m7_0\Obj\semihosting_143864889731838620.dir: [26]
    ------------------------------------------------------
    Total:

D:\desk\ygcz_demo\project\iar\Debug_m7_0\Obj\smartio_5451710003740070188.dir: [27]
    ------------------------------------------------------
    Total:

D:\desk\ygcz_demo\project\iar\Debug_m7_0\Obj\smif_427648126384146252.dir: [28]
    ------------------------------------------------------
    Total:

D:\desk\ygcz_demo\project\iar\Debug_m7_0\Obj\smif_mem_6470536964353725183.dir: [29]
    ------------------------------------------------------
    Total:

D:\desk\ygcz_demo\project\iar\Debug_m7_0\Obj\srom_13018798572330080582.dir: [30]
    ------------------------------------------------------
    Total:

D:\desk\ygcz_demo\project\iar\Debug_m7_0\Obj\startup_479057977785470282.dir: [31]
    startup.o                        516       24
    startup_cm7.o                    442               128
    ------------------------------------------------------
    Total:                           958       24      128

D:\desk\ygcz_demo\project\iar\Debug_m7_0\Obj\sw_timer_4215635015939382130.dir: [32]
    ------------------------------------------------------
    Total:

D:\desk\ygcz_demo\project\iar\Debug_m7_0\Obj\sysclk_16149231235676103872.dir: [33]
    cy_sysclk.o                    2'280      152       25
    ------------------------------------------------------
    Total:                         2'280      152       25

D:\desk\ygcz_demo\project\iar\Debug_m7_0\Obj\sysflt_12293435975120599261.dir: [34]
    ------------------------------------------------------
    Total:

D:\desk\ygcz_demo\project\iar\Debug_m7_0\Obj\sysint_7435970359207984181.dir: [35]
    cy_sysint.o                      172        8
    ------------------------------------------------------
    Total:                           172        8

D:\desk\ygcz_demo\project\iar\Debug_m7_0\Obj\syslib_16330585751512546975.dir: [36]
    cy_syslib.o                      182               140
    cy_syslib_iar.o                   30
    ------------------------------------------------------
    Total:                           212               140

D:\desk\ygcz_demo\project\iar\Debug_m7_0\Obj\syspm_10887939769544754770.dir: [37]
    ------------------------------------------------------
    Total:

D:\desk\ygcz_demo\project\iar\Debug_m7_0\Obj\sysreghc_17676636058511625587.dir: [38]
    ------------------------------------------------------
    Total:

D:\desk\ygcz_demo\project\iar\Debug_m7_0\Obj\sysreset_14586141425677365288.dir: [39]
    ------------------------------------------------------
    Total:

D:\desk\ygcz_demo\project\iar\Debug_m7_0\Obj\sysrtc_10747768817563771611.dir: [40]
    ------------------------------------------------------
    Total:

D:\desk\ygcz_demo\project\iar\Debug_m7_0\Obj\systick_16016591671695740695.dir: [41]
    ------------------------------------------------------
    Total:

D:\desk\ygcz_demo\project\iar\Debug_m7_0\Obj\syswdt_9118657615806274156.dir: [42]
    ------------------------------------------------------
    Total:

D:\desk\ygcz_demo\project\iar\Debug_m7_0\Obj\tcpwm_422923530147891246.dir: [43]
    cy_tcpwm.o                        12
    cy_tcpwm_counter.o               402       20
    ------------------------------------------------------
    Total:                           414       20

D:\desk\ygcz_demo\project\iar\Debug_m7_0\Obj\trigmux_9729677290734583340.dir: [44]
    ------------------------------------------------------
    Total:

D:\desk\ygcz_demo\project\iar\Debug_m7_0\Obj\user_8514941877209965082.dir: [45]
    cm7_0_isr.o                      116
    main_cm7_0.o                     104       24      128
    ------------------------------------------------------
    Total:                           220       24      128

D:\desk\ygcz_demo\project\iar\Debug_m7_0\Obj\zf_common_1201165462030747823.dir: [46]
    zf_common_clock.o                 28                 4
    zf_common_debug.o              1'056      108      112
    zf_common_fifo.o               1'096       56
    zf_common_interrupt.o            226                 4
    ------------------------------------------------------
    Total:                         2'406      164      120

D:\desk\ygcz_demo\project\iar\Debug_m7_0\Obj\zf_components_14936052685886095442.dir: [47]
    ------------------------------------------------------
    Total:

D:\desk\ygcz_demo\project\iar\Debug_m7_0\Obj\zf_device_6570275422786408770.dir: [48]
    zf_device_gnss.o                 276               413
    zf_device_menc15a.o              236                 4
    zf_device_type.o                  68        1        9
    zf_device_wireless_uart.o        436       64       94
    ------------------------------------------------------
    Total:                         1'016       65      520

D:\desk\ygcz_demo\project\iar\Debug_m7_0\Obj\zf_driver_11922370083829174090.dir: [49]
    zf_driver_delay.o                644        1        3
    zf_driver_gpio.o                 316
    zf_driver_pwm.o                   32
    zf_driver_spi.o                2'240       57       20
    zf_driver_uart.o               2'880       59      576
    ------------------------------------------------------
    Total:                         6'112      117      599

dl7M_tln.a: [50]
    abort.o                            6
    exit.o                             4
    sprintf.o                         64
    strncmp.o                         42
    xfail_s.o                         64                 4
    xprintffull_nomb.o             3'758
    xsprout.o                         10
    ------------------------------------------------------
    Total:                         3'948                 4

m7M_tlv.a: [51]
    DblCmpGe.o                        52
    DblCmpLe.o                        52
    DblDiv.o                          18
    DblMul.o                          18
    DblSub.o                          18
    DblToS32.o                        14
    DblToU32.o                        14
    S32ToDbl.o                        14
    U32ToDbl.o                        14
    fpinit_M.o                        34
    frexp.o                          112
    ldexp.o                          260
    ------------------------------------------------------
    Total:                           620

rt7M_tl.a: [52]
    ABImemclr4.o                       6
    ABImemcpy.o                      166
    ABImemset.o                      102
    ABImemset48.o                     50
    I64DivMod.o                      560
    I64DivZer.o                        2
    cexit.o                           10
    cmain.o                           30
    cstartup_M.o                      28
    data_init.o                       40
    lz77_init_single.o               126
    memchr.o                          88
    strchr.o                          22
    strlen.o                          54
    strncpy.o                        112
    zero_init3.o                      56
    ------------------------------------------------------
    Total:                         1'452

shb_l.a: [53]
    exit.o                            20
    ------------------------------------------------------
    Total:                            20

    Gaps                              42        4
    Linker created                             32    8'192
----------------------------------------------------------
    Grand Total:                  22'668      899   11'696


*******************************************************************************
*** ENTRY LIST
***

Entry                       Address   Size  Type      Object
-----                       -------   ----  ----      ------
.iar.init_table$$Base   0x1008'5954          --   Gb  - Linker created -
.iar.init_table$$Limit  0x1008'5974          --   Gb  - Linker created -
?main                   0x1008'59c1         Code  Gb  cmain.o [52]
BusFault_Handler        0x1008'5b71         Code  Wk  startup_cm7.o [31]
CSTACK$$Base            0x2807'e000          --   Gb  - Linker created -
CSTACK$$Limit           0x2808'0000          --   Gb  - Linker created -
CopyVectorTable         0x1008'4b3d   0x34  Code  Lc  startup.o [31]
CpuUserInt0_Handler     0x1008'5053   0x26  Code  Gb  cy_interrupt_map.o [23]
CpuUserInt10_Handler    0x1008'5b8d         Code  Wk  startup_cm7.o [31]
CpuUserInt11_Handler    0x1008'5b91         Code  Wk  startup_cm7.o [31]
CpuUserInt12_Handler    0x1008'5b95         Code  Wk  startup_cm7.o [31]
CpuUserInt13_Handler    0x1008'5b99         Code  Wk  startup_cm7.o [31]
CpuUserInt14_Handler    0x1008'5b9d         Code  Wk  startup_cm7.o [31]
CpuUserInt15_Handler    0x1008'5ba1         Code  Wk  startup_cm7.o [31]
CpuUserInt1_Handler     0x1008'5079   0x26  Code  Gb  cy_interrupt_map.o [23]
CpuUserInt2_Handler     0x1008'509f   0x26  Code  Gb  cy_interrupt_map.o [23]
CpuUserInt3_Handler     0x1008'50c5   0x26  Code  Gb  cy_interrupt_map.o [23]
CpuUserInt4_Handler     0x1008'50eb   0x26  Code  Gb  cy_interrupt_map.o [23]
CpuUserInt5_Handler     0x1008'5111   0x26  Code  Gb  cy_interrupt_map.o [23]
CpuUserInt6_Handler     0x1008'5137   0x26  Code  Gb  cy_interrupt_map.o [23]
CpuUserInt7_Handler     0x1008'515d   0x26  Code  Gb  cy_interrupt_map.o [23]
CpuUserInt8_Handler     0x1008'5b85         Code  Wk  startup_cm7.o [31]
CpuUserInt9_Handler     0x1008'5b89         Code  Wk  startup_cm7.o [31]
Cy_DefaultUserHandler   0x1008'5051    0x2  Code  Gb  cy_interrupt_map.o [23]
Cy_GPIO_ClearInterrupt  0x1008'2683    0xe  Code  Lc  cy_gpio.o [14]
Cy_GPIO_Clr             0x1008'4ec9    0xa  Code  Lc  zf_driver_gpio.o [49]
Cy_GPIO_Inv             0x1008'4ed3    0xa  Code  Lc  zf_driver_gpio.o [49]
Cy_GPIO_Pin_Init        0x1008'26c7   0x72  Code  Gb  cy_gpio.o [14]
Cy_GPIO_Read            0x1008'4eb5    0xa  Code  Lc  zf_driver_gpio.o [49]
Cy_GPIO_Set             0x1008'4ebf    0xa  Code  Lc  zf_driver_gpio.o [49]
Cy_GPIO_SetDriveSel     0x1008'2665   0x1e  Code  Lc  cy_gpio.o [14]
Cy_GPIO_SetDrivemode    0x1008'2615   0x1c  Code  Lc  cy_gpio.o [14]
Cy_GPIO_SetHSIOM        0x1008'25b1   0x4c  Code  Lc  cy_gpio.o [14]
Cy_GPIO_SetInterruptEdge
                        0x1008'26ab   0x1c  Code  Lc  cy_gpio.o [14]
Cy_GPIO_SetInterruptMask
                        0x1008'2691   0x1a  Code  Lc  cy_gpio.o [14]
Cy_GPIO_SetSlewRate     0x1008'264b   0x1a  Code  Lc  cy_gpio.o [14]
Cy_GPIO_SetVtrip        0x1008'2631   0x1a  Code  Lc  cy_gpio.o [14]
Cy_GPIO_Write           0x1008'25fd   0x18  Code  Lc  cy_gpio.o [14]
Cy_RestoreIRQ           0x1008'4cf9         Code  Gb  startup_cm7.o [31]
Cy_SCB_ClearRxFifo      0x1008'3ad3   0x1e  Code  Lc  zf_driver_spi.o [49]
Cy_SCB_ClearRxFifo      0x1008'1795   0x1e  Code  Lc  zf_driver_uart.o [49]
Cy_SCB_ClearRxInterrupt
                        0x1008'17fb    0xa  Code  Lc  zf_driver_uart.o [49]
Cy_SCB_ClearTxInterrupt
                        0x1008'1811    0xa  Code  Lc  zf_driver_uart.o [49]
Cy_SCB_GetNumInRxFifo   0x1008'3ac9    0xa  Code  Lc  zf_driver_spi.o [49]
Cy_SCB_GetNumInRxFifo   0x1008'178b    0xa  Code  Lc  zf_driver_uart.o [49]
Cy_SCB_GetNumInTxFifo   0x1008'3af7    0xa  Code  Lc  zf_driver_spi.o [49]
Cy_SCB_GetNumInTxFifo   0x1008'17b9    0xa  Code  Lc  zf_driver_uart.o [49]
Cy_SCB_GetRxInterruptMask
                        0x1008'17f5    0x6  Code  Lc  zf_driver_uart.o [49]
Cy_SCB_GetTxInterruptMask
                        0x1008'180b    0x6  Code  Lc  zf_driver_uart.o [49]
Cy_SCB_GetTxSrValid     0x1008'3b01    0xa  Code  Lc  zf_driver_spi.o [49]
Cy_SCB_GetTxSrValid     0x1008'17c3    0xa  Code  Lc  zf_driver_uart.o [49]
Cy_SCB_IsTxComplete     0x1008'3b0b   0x22  Code  Lc  zf_driver_spi.o [49]
Cy_SCB_IsTxComplete     0x1008'17cd   0x22  Code  Lc  zf_driver_uart.o [49]
Cy_SCB_ReadRxFifo       0x1008'1785    0x6  Code  Lc  zf_driver_uart.o [49]
Cy_SCB_SPI_ClearRxFifo  0x1008'3b4b    0x8  Code  Lc  zf_driver_spi.o [49]
Cy_SCB_SPI_Enable       0x1008'3b2d    0xa  Code  Lc  zf_driver_spi.o [49]
Cy_SCB_SPI_GetNumInRxFifo
                        0x1008'3b43    0x8  Code  Lc  zf_driver_spi.o [49]
Cy_SCB_SPI_Init         0x1008'4389  0x1d8  Code  Gb  cy_scb_spi.o [24]
Cy_SCB_SPI_SetActiveSlaveSelect
                        0x1008'3b37    0xc  Code  Lc  zf_driver_spi.o [49]
Cy_SCB_SetRxInterruptMask
                        0x1008'17ef    0x6  Code  Lc  zf_driver_uart.o [49]
Cy_SCB_SetTxInterruptMask
                        0x1008'1805    0x6  Code  Lc  zf_driver_uart.o [49]
Cy_SCB_UART_DeInit      0x1008'29c9   0x5c  Code  Gb  cy_scb_uart.o [24]
Cy_SCB_UART_Enable      0x1008'181b    0xa  Code  Lc  zf_driver_uart.o [49]
Cy_SCB_UART_Init        0x1008'2745  0x284  Code  Gb  cy_scb_uart.o [24]
Cy_SCB_WriteTxFifo      0x1008'3af1    0x6  Code  Lc  zf_driver_spi.o [49]
Cy_SCB_WriteTxFifo      0x1008'17b3    0x6  Code  Lc  zf_driver_uart.o [49]
Cy_SaveIRQ              0x1008'4cf1         Code  Gb  startup_cm7.o [31]
Cy_SysClk_CheckDividerExisting
                        0x1008'4579   0x2a  Code  Lc  zf_driver_delay.o [49]
Cy_SysClk_CheckDividerExisting
                        0x1008'3b53   0x2c  Code  Lc  zf_driver_spi.o [49]
Cy_SysClk_CheckDividerExisting
                        0x1008'15e1   0x2c  Code  Lc  zf_driver_uart.o [49]
Cy_SysClk_ClkPathGetSource
                        0x1008'3239   0x54  Code  Gb  cy_sysclk.o [33]
Cy_SysClk_EcoGetStatus  0x1008'30c5   0x1a  Code  Lc  cy_sysclk.o [33]
Cy_SysClk_Fast0ClkGetDivider
                        0x1008'320d   0x16  Code  Lc  cy_sysclk.o [33]
Cy_SysClk_Fast1ClkGetDivider
                        0x1008'3223   0x16  Code  Lc  cy_sysclk.o [33]
Cy_SysClk_FllGetConfiguration
                        0x1008'3295   0x7e  Code  Gb  cy_sysclk.o [33]
Cy_SysClk_FllGetLockStatus
                        0x1008'30df    0xc  Code  Lc  cy_sysclk.o [33]
Cy_SysClk_GetClockGroup
                        0x1008'4621    0x8  Code  Lc  zf_driver_delay.o [49]
Cy_SysClk_GetClockGroup
                        0x1008'3c37    0x8  Code  Lc  zf_driver_spi.o [49]
Cy_SysClk_GetClockGroup
                        0x1008'16c5    0x8  Code  Lc  zf_driver_uart.o [49]
Cy_SysClk_GetCoreFrequency
                        0x1008'3959   0x2a  Code  Gb  cy_sysclk.o [33]
Cy_SysClk_GetEcoFrequency
                        0x1008'3461   0x32  Code  Gb  cy_sysclk.o [33]
Cy_SysClk_GetExtFrequency
                        0x1008'3495   0x1e  Code  Gb  cy_sysclk.o [33]
Cy_SysClk_GetFast0Frequency
                        0x1008'38ad   0x56  Code  Gb  cy_sysclk.o [33]
Cy_SysClk_GetFast1Frequency
                        0x1008'3903   0x56  Code  Gb  cy_sysclk.o [33]
Cy_SysClk_GetFllInputFrequency
                        0x1008'35b5    0xc  Code  Gb  cy_sysclk.o [33]
Cy_SysClk_GetFllOutputFrequency
                        0x1008'35dd   0x78  Code  Gb  cy_sysclk.o [33]
Cy_SysClk_GetHfClkFrequency
                        0x1008'382f   0x7a  Code  Gb  cy_sysclk.o [33]
Cy_SysClk_GetIlo0Frequency
                        0x1008'34b3   0x32  Code  Gb  cy_sysclk.o [33]
Cy_SysClk_GetIlo1Frequency
                        0x1008'34e5   0x32  Code  Gb  cy_sysclk.o [33]
Cy_SysClk_GetImoFrequency
                        0x1008'342f   0x32  Code  Gb  cy_sysclk.o [33]
Cy_SysClk_GetPathFrequency
                        0x1008'37fd   0x32  Code  Gb  cy_sysclk.o [33]
Cy_SysClk_GetPathSourceFrequency
                        0x1008'3551   0x64  Code  Gb  cy_sysclk.o [33]
Cy_SysClk_GetPll400MNo  0x1008'3129   0x14  Code  Lc  cy_sysclk.o [33]
Cy_SysClk_GetPllInputFrequency
                        0x1008'35c1   0x1c  Code  Gb  cy_sysclk.o [33]
Cy_SysClk_GetPllNo      0x1008'30ed   0x12  Code  Lc  cy_sysclk.o [33]
Cy_SysClk_GetPllOutputFrequency
                        0x1008'3659  0x1a0  Code  Gb  cy_sysclk.o [33]
Cy_SysClk_GetWcoFrequency
                        0x1008'3517   0x32  Code  Gb  cy_sysclk.o [33]
Cy_SysClk_HfClockGetDivider
                        0x1008'31cb   0x42  Code  Lc  cy_sysclk.o [33]
Cy_SysClk_HfClockGetSource
                        0x1008'3177   0x54  Code  Lc  cy_sysclk.o [33]
Cy_SysClk_InitGetFreqParams
                        0x1008'3415   0x1a  Code  Gb  cy_sysclk.o [33]
Cy_SysClk_PeriphAssignDivider
                        0x1008'4629   0x68  Code  Lc  zf_driver_delay.o [49]
Cy_SysClk_PeriphAssignDivider
                        0x1008'3c3f   0x6a  Code  Lc  zf_driver_spi.o [49]
Cy_SysClk_PeriphAssignDivider
                        0x1008'16cd   0x6a  Code  Lc  zf_driver_uart.o [49]
Cy_SysClk_PeriphEnableDivider
                        0x1008'4691   0x4c  Code  Lc  zf_driver_delay.o [49]
Cy_SysClk_PeriphEnableDivider
                        0x1008'3ca9   0x4e  Code  Lc  zf_driver_spi.o [49]
Cy_SysClk_PeriphEnableDivider
                        0x1008'1737   0x4e  Code  Lc  zf_driver_uart.o [49]
Cy_SysClk_PeriphSetDivider
                        0x1008'45a3   0x7e  Code  Lc  zf_driver_delay.o [49]
Cy_SysClk_PeriphSetFracDivider
                        0x1008'3b7f   0xb8  Code  Lc  zf_driver_spi.o [49]
Cy_SysClk_PeriphSetFracDivider
                        0x1008'160d   0xb8  Code  Lc  zf_driver_uart.o [49]
Cy_SysClk_Pll400MGetConfiguration
                        0x1008'3381   0x84  Code  Gb  cy_sysclk.o [33]
Cy_SysClk_Pll400MGetLockStatus
                        0x1008'313d   0x2a  Code  Lc  cy_sysclk.o [33]
Cy_SysClk_PllGetConfiguration
                        0x1008'332d   0x48  Code  Gb  cy_sysclk.o [33]
Cy_SysClk_PllGetLockStatus
                        0x1008'30ff   0x28  Code  Lc  cy_sysclk.o [33]
Cy_SysClk_WcoOkay       0x1008'3169    0xe  Code  Lc  cy_sysclk.o [33]
Cy_SysInt_InitIRQ       0x1008'3019   0x7e  Code  Gb  cy_sysint.o [35]
Cy_SysInt_SetSystemIrqVector
                        0x1008'3097   0x12  Code  Gb  cy_sysint.o [35]
Cy_SysInt_SystemIrqUserTableRamPointer
                        0x2802'06ec    0x4  Data  Gb  cy_interrupt_map.o [23]
Cy_SysLib_DelayCycles   0x1008'59a1         Code  Gb  cy_syslib_iar.o [36]
Cy_SysLib_EnterCriticalSection
                        0x1008'59b1         Code  Gb  cy_syslib_iar.o [36]
Cy_SysLib_ExitCriticalSection
                        0x1008'59b9         Code  Gb  cy_syslib_iar.o [36]
Cy_SysLib_FaultHandler  0x1008'3a21   0x90  Code  Gb  cy_syslib.o [36]
Cy_SysLib_Halt          0x1008'3a1d    0x4  Code  Gb  cy_syslib.o [36]
Cy_SysLib_ProcessingFault
                        0x1008'3ac5    0x2  Code  Wk  cy_syslib.o [36]
Cy_SysLib_SvcHandler    0x1008'5ae1    0xc  Code  Wk  cy_syslib.o [36]
Cy_SystemInitFpuEnable  0x1008'4c91   0x1e  Code  Gb  system_tviibh4m_cm7.o [22]
Cy_SystemIrqUserTable   0x2802'0000  0x6ec  Data  Gb  cy_interrupt_map.o [23]
Cy_Tcpwm_Counter_Enable
                        0x1008'497d    0xa  Code  Gb  cy_tcpwm_counter.o [43]
Cy_Tcpwm_Counter_GetCounter
                        0x1008'498b    0x4  Code  Gb  cy_tcpwm_counter.o [43]
Cy_Tcpwm_Counter_Init   0x1008'47fd  0x16c  Code  Gb  cy_tcpwm_counter.o [43]
Cy_Tcpwm_Counter_SetCounter
                        0x1008'4987    0x4  Code  Gb  cy_tcpwm_counter.o [43]
Cy_Tcpwm_TriggerStart   0x1008'498f    0xc  Code  Gb  cy_tcpwm.o [43]
Cy_u32StartupStackEndAddress
                        0x1008'5610         Data  Gb  startup_cm7.o [31]
Cy_u32StartupStackStartAddress
                        0x1008'560c         Data  Gb  startup_cm7.o [31]
DebugMon_Handler        0x1008'5b79         Code  Wk  startup_cm7.o [31]
HEAP_STACK$$Base        0x2807'e000          --   Gb  - Linker created -
HEAP_STACK$$Limit       0x2808'0000          --   Gb  - Linker created -
HardFault_Handler       0x1008'5975         Code  Wk  startup_cm7.o [31]
InitRamEcc              0x1008'4a2b  0x100  Code  Lc  startup.o [31]
InitRamEccClearArea     0x1008'4b2b   0x12  Code  Lc  startup.o [31]
MemManage_Handler       0x1008'5b6d         Code  Wk  startup_cm7.o [31]
NMI_Handler             0x1008'5b69         Code  Wk  startup_cm7.o [31]
PendSV_Handler          0x1008'5b7d         Code  Wk  startup_cm7.o [31]
Region$$Table$$Base     0x1008'5954          --   Gb  - Linker created -
Region$$Table$$Limit    0x1008'5974          --   Gb  - Linker created -
Reset_Handler           0x1008'5565         Code  Wk  startup_cm7.o [31]
SVC_Handler             0x1008'5a11         Code  Wk  startup_cm7.o [31]
Startup_Init            0x1008'499d   0x8e  Code  Gb  startup.o [31]
SysTick_Handler         0x1008'5b81         Code  Wk  startup_cm7.o [31]
SystemCoreClock         0x2802'0d00    0x4  Data  Gb  system_tviibh4m_cm7.o [22]
SystemCoreClockUpdate   0x1008'4bfd   0x94  Code  Gb  system_tviibh4m_cm7.o [22]
SystemInit              0x1008'4ba1   0x5c  Code  Gb  system_tviibh4m_cm7.o [22]
UsageFault_Handler      0x1008'5b75         Code  Wk  startup_cm7.o [31]
_LC                     0x1008'0081    0x6  Code  Lc  xprintffull_nomb.o [50]
_LitobFullNoMb          0x1008'0d4d  0x114  Code  Lc  xprintffull_nomb.o [50]
_PrintfFullNoMb         0x1008'0087  0xc98  Code  Gb  xprintffull_nomb.o [50]
_PutcharsFullNoMb       0x1008'0eb9   0x2e  Code  Lc  xprintffull_nomb.o [50]
_SProut                 0x1008'0fc3    0xa  Code  Gb  xsprout.o [50]
__NVIC_ClearPendingIRQ  0x1008'5035   0x1c  Code  Lc  cy_interrupt_map.o [23]
__NVIC_ClearPendingIRQ  0x1008'2a75   0x1c  Code  Lc  zf_common_interrupt.o [46]
__NVIC_EnableIRQ        0x1008'2a59   0x1c  Code  Lc  zf_common_interrupt.o [46]
__NVIC_SetPriority      0x1008'2a91   0x24  Code  Lc  zf_common_interrupt.o [46]
__Vectors               0x1008'0000          --   Gb  startup_cm7.o [31]
__Vectors_End           0x1008'0080         Data  Gb  startup_cm7.o [31]
__Vectors_Size {Abs}           0x80          --   Gb  startup_cm7.o [31]
__aeabi_cdcmple         0x1008'11b5         Code  Gb  DblCmpLe.o [51]
__aeabi_cdrcmple        0x1008'11e9         Code  Gb  DblCmpGe.o [51]
__aeabi_d2iz            0x1008'1321    0xe  Code  Gb  DblToS32.o [51]
__aeabi_d2uiz           0x1008'1361    0xe  Code  Gb  DblToU32.o [51]
__aeabi_ddiv            0x1008'134f   0x12  Code  Gb  DblDiv.o [51]
__aeabi_dmul            0x1008'137d   0x12  Code  Gb  DblMul.o [51]
__aeabi_dsub            0x1008'133d   0x12  Code  Gb  DblSub.o [51]
__aeabi_i2d             0x1008'132f    0xe  Code  Gb  S32ToDbl.o [51]
__aeabi_ldiv0           0x1008'15c9         Code  Gb  I64DivZer.o [52]
__aeabi_memclr4         0x1008'2541         Code  Gb  ABImemclr4.o [52]
__aeabi_memcpy          0x1008'109d         Code  Gb  ABImemcpy.o [52]
__aeabi_memcpy4         0x1008'10bd         Code  Gb  ABImemcpy.o [52]
__aeabi_memcpy8         0x1008'10bd         Code  Gb  ABImemcpy.o [52]
__aeabi_memset          0x1008'2549         Code  Gb  ABImemset.o [52]
__aeabi_ui2d            0x1008'136f    0xe  Code  Gb  U32ToDbl.o [51]
__aeabi_uldivmod        0x1008'1391         Code  Gb  I64DivMod.o [52]
__cmain                 0x1008'59c1         Code  Gb  cmain.o [52]
__ecc_init_dtcm_end_address {Abs}
                        0x2000'3fff         Data  Gb  <internal module>
__ecc_init_dtcm_start_address {Abs}
                        0x2000'0000         Data  Gb  <internal module>
__ecc_init_itcm_end_address {Abs}
                             0x3fff         Data  Gb  <internal module>
__ecc_init_itcm_start_address {Abs}
                                0x0         Data  Gb  <internal module>
__ecc_init_sram_end_address {Abs}
                        0x2807'ffff         Data  Gb  <internal module>
__ecc_init_sram_start_address {Abs}
                        0x2802'0000         Data  Gb  <internal module>
__exit                  0x1008'15cd   0x14  Code  Gb  exit.o [53]
__iar_Fail_s            0x1008'0fcd   0x1c  Code  Gb  xfail_s.o [50]
__iar_Memchr            0x1008'1045         Code  Gb  memchr.o [52]
__iar_Memset            0x1008'2549         Code  Gb  ABImemset.o [52]
__iar_Memset4_word      0x1008'2fc5         Code  Gb  ABImemset48.o [52]
__iar_Memset8_word      0x1008'2fc5         Code  Gb  ABImemset48.o [52]
__iar_Memset_word       0x1008'2551         Code  Gb  ABImemset.o [52]
__iar_Strchr            0x1008'0fad         Code  Gb  strchr.o [52]
__iar_data_init3        0x1008'5909   0x28  Code  Gb  data_init.o [52]
__iar_frexp             0x1008'1151         Code  Gb  frexp.o [51]
__iar_frexpl            0x1008'1151         Code  Gb  frexp.o [51]
__iar_init_vfp          0x1008'5931         Code  Gb  fpinit_M.o [51]
__iar_ldexp64           0x1008'1231         Code  Gb  ldexp.o [51]
__iar_lz77_init_single3
                        0x1008'0f2f   0x7e  Code  Gb  lz77_init_single.o [52]
__iar_program_start     0x1008'5a2d         Code  Gb  cstartup_M.o [52]
__iar_scalbln64         0x1008'1231         Code  Gb  ldexp.o [51]
__iar_scalbn64          0x1008'1231         Code  Gb  ldexp.o [51]
__iar_softfp___iar_frexp64
                        0x1008'1145         Code  Gb  frexp.o [51]
__iar_softfp___iar_ldexp64
                        0x1008'121d         Code  Gb  ldexp.o [51]
__iar_softfp___iar_scalbln64
                        0x1008'121d         Code  Gb  ldexp.o [51]
__iar_softfp___iar_scalbn64
                        0x1008'121d         Code  Gb  ldexp.o [51]
__iar_softfp_frexp      0x1008'1145         Code  Gb  frexp.o [51]
__iar_softfp_frexpl     0x1008'1145         Code  Gb  frexp.o [51]
__iar_softfp_ldexp      0x1008'121d         Code  Gb  ldexp.o [51]
__iar_softfp_ldexpl     0x1008'121d         Code  Gb  ldexp.o [51]
__iar_softfp_scalbln    0x1008'121d         Code  Gb  ldexp.o [51]
__iar_softfp_scalblnl   0x1008'121d         Code  Gb  ldexp.o [51]
__iar_softfp_scalbn     0x1008'121d         Code  Gb  ldexp.o [51]
__iar_softfp_scalbnl    0x1008'121d         Code  Gb  ldexp.o [51]
__iar_zero_init3        0x1008'58d1   0x38  Code  Gb  zero_init3.o [52]
__low_level_init        0x1008'59e1         Code  Gb  startup_cm7.o [31]
__ramVectors            0x2802'0d80         Data  Gb  startup_cm7.o [31]
__vector_table          0x1008'0000         Data  Gb  startup_cm7.o [31]
__vector_table_0x1c     0x1008'001c         Data  Gb  startup_cm7.o [31]
_call_main              0x1008'59cd         Code  Gb  cmain.o [52]
_exit                   0x1008'59e9         Code  Gb  cexit.o [52]
abort                   0x1008'15c1    0x6  Code  Gb  abort.o [50]
assert_interrupt_config
                        0x1008'2aed    0xc  Code  Gb  zf_common_interrupt.o [46]
clock_init              0x1008'56f1   0x16  Code  Gb  zf_common_clock.o [46]
cs_pin_save             0x2802'0d20    0x4  Data  Gb  zf_driver_spi.o [49]
cy_assertFileName       0x2802'0c78   0x18  Data  Gb  cy_syslib.o [36]
cy_assertLine           0x2802'0cfc    0x4  Data  Gb  cy_syslib.o [36]
cy_delay32kMs           0x2802'0d10    0x4  Data  Gb  system_tviibh4m_cm7.o [22]
cy_delayFreqHz          0x2802'0d04    0x4  Data  Gb  system_tviibh4m_cm7.o [22]
cy_delayFreqKhz         0x2802'0d08    0x4  Data  Gb  system_tviibh4m_cm7.o [22]
cy_delayFreqMhz         0x2802'0d0c    0x4  Data  Gb  system_tviibh4m_cm7.o [22]
cy_faultFrame           0x2802'0ad4   0x70  Data  Gb  cy_syslib.o [36]
debug_assert_handler    0x1008'243f   0x3c  Code  Gb  zf_common_debug.o [46]
debug_assert_handler::assert_nest_index
                        0x2802'0d2b    0x1  Data  Lc  zf_common_debug.o [46]
debug_delay             0x1008'2121   0x36  Code  Lc  zf_common_debug.o [46]
debug_info_init         0x1008'24c5   0x18  Code  Gb  zf_common_debug.o [46]
debug_init              0x1008'24dd   0x2a  Code  Gb  zf_common_debug.o [46]
debug_interrupr_handler
                        0x1008'241f   0x20  Code  Gb  zf_common_debug.o [46]
debug_output            0x1008'2163  0x2bc  Code  Lc  zf_common_debug.o [46]
debug_output_info       0x2802'0cd8   0x14  Data  Lc  zf_common_debug.o [46]
debug_output_init       0x1008'249b   0x2a  Code  Gb  zf_common_debug.o [46]
debug_output_struct_init
                        0x1008'247b   0x20  Code  Gb  zf_common_debug.o [46]
debug_uart_buffer       0x2802'0bb4   0x40  Data  Gb  zf_common_debug.o [46]
debug_uart_data         0x2802'0d2a    0x1  Data  Gb  zf_common_debug.o [46]
debug_uart_fifo         0x2802'0c90   0x18  Data  Gb  zf_common_debug.o [46]
debug_uart_str_output   0x1008'2157    0xc  Code  Lc  zf_common_debug.o [46]
delay_clk               0x2802'0744    0x2  Data  Lc  zf_driver_delay.o [49]
divNumLocator           0x1008'5aec    0x8  Data  Gb  cy_sysclk.o [33]
exit                    0x1008'59e5    0x4  Code  Gb  exit.o [50]
fifo_clear              0x1008'2bb1   0x74  Code  Gb  zf_common_fifo.o [46]
fifo_end_offset         0x1008'2b97   0x1a  Code  Lc  zf_common_fifo.o [46]
fifo_head_offset        0x1008'2b7d   0x1a  Code  Lc  zf_common_fifo.o [46]
fifo_init               0x1008'2f87   0x3a  Code  Gb  zf_common_fifo.o [46]
fifo_read_buffer        0x1008'2de7  0x1a0  Code  Gb  zf_common_fifo.o [46]
fifo_used               0x1008'2c25   0x22  Code  Gb  zf_common_fifo.o [46]
fifo_write_buffer       0x1008'2c47  0x1a0  Code  Gb  zf_common_fifo.o [46]
get_uart_config         0x1008'191f  0x20a  Code  Lc  zf_driver_uart.o [49]
gnss_flag               0x2802'0d2c    0x1  Data  Gb  zf_device_gnss.o [48]
gnss_gga_state          0x2802'0d2e    0x1  Data  Lc  zf_device_gnss.o [48]
gnss_receiver_fifo      0x2802'0ca8   0x18  Data  Lc  zf_device_gnss.o [48]
gnss_rmc_state          0x2802'0d2f    0x1  Data  Lc  zf_device_gnss.o [48]
gnss_state              0x2802'0d2d    0x1  Data  Lc  zf_device_gnss.o [48]
gnss_ths_state          0x2802'0d30    0x1  Data  Lc  zf_device_gnss.o [48]
gnss_uart_callback      0x1008'5339   0xe2  Code  Gb  zf_device_gnss.o [48]
gpio_get_level          0x1008'4f21   0x22  Code  Gb  zf_driver_gpio.o [49]
gpio_init               0x1008'4f63   0x88  Code  Gb  zf_driver_gpio.o [49]
gpio_set_level          0x1008'4edd   0x44  Code  Gb  zf_driver_gpio.o [49]
gpio_toggle_level       0x1008'4f43   0x20  Code  Gb  zf_driver_gpio.o [49]
gps_gga_buffer          0x2802'0954   0x80  Data  Lc  zf_device_gnss.o [48]
gps_rmc_buffer          0x2802'09d4   0x80  Data  Lc  zf_device_gnss.o [48]
gps_ths_buffer          0x2802'0a54   0x80  Data  Lc  zf_device_gnss.o [48]
intFreqInitialized      0x2802'0d28    0x1  Data  Gb  cy_sysclk.o [33]
internalBaseFreqInfo    0x2802'0c60   0x18  Data  Gb  cy_sysclk.o [33]
interrupt_global_disable
                        0x1008'2ac5   0x14  Code  Gb  zf_common_interrupt.o [46]
interrupt_global_enable
                        0x1008'2ab5   0x10  Code  Gb  zf_common_interrupt.o [46]
interrupt_global_flag   0x2802'0d18    0x4  Data  Lc  zf_common_interrupt.o [46]
interrupt_init          0x1008'2b05   0x36  Code  Gb  zf_common_interrupt.o [46]
interrupt_set_priority  0x1008'2af9    0xc  Code  Gb  zf_common_interrupt.o [46]
ldexp                   0x1008'1231         Code  Gb  ldexp.o [51]
ldexpl                  0x1008'1231         Code  Gb  ldexp.o [51]
main                    0x1008'5689   0x68  Code  Gb  main_cm7_0.o [45]
memchr                  0x1008'1045         Code  Gb  memchr.o [52]
menc15a_get_speed_data  0x1008'5479   0x7c  Code  Gb  zf_device_menc15a.o [48]
menc15a_init            0x1008'54f5   0x52  Code  Gb  zf_device_menc15a.o [48]
menc15a_speed_data      0x2802'0d1c    0x4  Data  Gb  zf_device_menc15a.o [48]
pwm_all_channel_close   0x1008'2ff9   0x1a  Code  Gb  zf_driver_pwm.o [49]
scalbln                 0x1008'1231         Code  Gb  ldexp.o [51]
scalblnl                0x1008'1231         Code  Gb  ldexp.o [51]
scalbn                  0x1008'1231         Code  Gb  ldexp.o [51]
scalbnl                 0x1008'1231         Code  Gb  ldexp.o [51]
scale                   0x1008'0e61   0x46  Code  Lc  xprintffull_nomb.o [50]
scb_module              0x2802'0728   0x1c  Data  Gb  zf_driver_uart.o [49]
sec_hand                0x2802'0d24    0x4  Data  Lc  xfail_s.o [50]
set_wireless_type       0x1008'4ff3   0x32  Code  Gb  zf_device_type.o [48]
small_driver_control_callback
                        0x1008'51cd  0x166  Code  Gb  small_driver_uart_control.o [5]
small_driver_value      0x2802'0c34   0x2c  Data  Gb  small_driver_uart_control.o [5]
spi_get_clk_hsiom       0x1008'3db3   0x28  Code  Lc  zf_driver_spi.o [49]
spi_get_clk_pin         0x1008'3cf7   0x28  Code  Lc  zf_driver_spi.o [49]
spi_get_cs_hsiom        0x1008'3e2b   0x44  Code  Lc  zf_driver_spi.o [49]
spi_get_cs_pin          0x1008'3d6f   0x44  Code  Lc  zf_driver_spi.o [49]
spi_get_miso_hsiom      0x1008'3e03   0x28  Code  Lc  zf_driver_spi.o [49]
spi_get_miso_pin        0x1008'3d47   0x28  Code  Lc  zf_driver_spi.o [49]
spi_get_mosi_hsiom      0x1008'3ddb   0x28  Code  Lc  zf_driver_spi.o [49]
spi_get_mosi_pin        0x1008'3d1f   0x28  Code  Lc  zf_driver_spi.o [49]
spi_init                0x1008'40bd  0x2b2  Code  Gb  zf_driver_spi.o [49]
spi_module              0x2802'06fc   0x10  Data  Gb  zf_driver_spi.o [49]
spi_read_16bit_register
                        0x1008'3fb9  0x100  Code  Gb  zf_driver_spi.o [49]
sprintf                 0x1008'2b3d   0x40  Code  Gb  sprintf.o [50]
strchr                  0x1008'0fad         Code  Gb  strchr.o [52]
strlen                  0x1008'100d         Code  Gb  strlen.o [52]
strncmp                 0x1008'544d   0x2a  Code  Gb  strncmp.o [50]
strncpy                 0x1008'39ad         Code  Gb  strncpy.o [52]
switch_transition_length
                        0x1008'3e6f  0x13c  Code  Lc  zf_driver_spi.o [49]
system_clock            0x2802'0d14    0x4  Data  Gb  zf_common_clock.o [46]
system_delay_init       0x1008'473b   0xa6  Code  Gb  zf_driver_delay.o [49]
system_delay_ms         0x1008'46dd   0x5e  Code  Gb  zf_driver_delay.o [49]
timer_ch                0x2802'0748    0x1  Data  Lc  zf_driver_delay.o [49]
txt                     0x2802'08d4   0x80  Data  Gb  main_cm7_0.o [45]
type_default_callback   0x1008'4ff1    0x2  Code  Lc  zf_device_type.o [48]
uart0_isr               0x1008'5615   0x12  Code  Gb  cm7_0_isr.o [45]
uart1_isr               0x1008'5627   0x14  Code  Gb  cm7_0_isr.o [45]
uart2_isr               0x1008'563b   0x12  Code  Gb  cm7_0_isr.o [45]
uart3_isr               0x1008'564d    0xa  Code  Gb  cm7_0_isr.o [45]
uart4_isr               0x1008'5657   0x14  Code  Gb  cm7_0_isr.o [45]
uart5_isr               0x1008'5675    0xa  Code  Gb  cm7_0_isr.o [45]
uart6_isr               0x1008'567f    0xa  Code  Gb  cm7_0_isr.o [45]
uart_context            0x2802'074c  0x188  Data  Gb  zf_driver_uart.o [49]
uart_data_buffer        0x2802'0b44   0x70  Data  Lc  zf_driver_uart.o [49]
uart_data_buffer_count  0x2802'0cec    0x8  Data  Lc  zf_driver_uart.o [49]
uart_data_refresh       0x2802'0cf4    0x8  Data  Lc  zf_driver_uart.o [49]
uart_init               0x1008'1f21  0x1c0  Code  Gb  zf_driver_uart.o [49]
uart_isr_func           0x2802'070c   0x1c  Data  Gb  zf_driver_uart.o [49]
uart_isr_mask           0x1008'1825   0xfa  Code  Gb  zf_driver_uart.o [49]
uart_query_buffer       0x1008'1bff   0x56  Code  Gb  zf_driver_uart.o [49]
uart_query_byte         0x1008'1b8b   0x74  Code  Gb  zf_driver_uart.o [49]
uart_receiver_handler   0x2802'06f4    0x4  Data  Gb  zf_device_type.o [48]
uart_rx_interrupt       0x1008'1d71  0x1a8  Code  Gb  zf_driver_uart.o [49]
uart_tx_interrupt       0x1008'1c55  0x11c  Code  Gb  zf_driver_uart.o [49]
uart_write_buffer       0x1008'1b51   0x1e  Code  Gb  zf_driver_uart.o [49]
uart_write_byte         0x1008'1b29   0x28  Code  Gb  zf_driver_uart.o [49]
uart_write_string       0x1008'1b6f   0x1c  Code  Gb  zf_driver_uart.o [49]
wireless_auto_baud_data
                        0x2802'06f8    0x4  Data  Lc  zf_device_wireless_uart.o [48]
wireless_auto_baud_flag
                        0x2802'0747    0x1  Data  Lc  zf_device_wireless_uart.o [48]
wireless_module_uart_handler
                        0x2802'06f0    0x4  Data  Gb  zf_device_type.o [48]
wireless_type           0x2802'0d31    0x1  Data  Gb  zf_device_type.o [48]
wireless_uart_buffer    0x2802'0bf4   0x40  Data  Lc  zf_device_wireless_uart.o [48]
wireless_uart_callback  0x1008'4d6b   0x44  Code  Gb  zf_device_wireless_uart.o [48]
wireless_uart_data      0x2802'0d32    0x1  Data  Lc  zf_device_wireless_uart.o [48]
wireless_uart_fifo      0x2802'0cc0   0x18  Data  Lc  zf_device_wireless_uart.o [48]
wireless_uart_init      0x1008'4daf   0xea  Code  Gb  zf_device_wireless_uart.o [48]
wireless_uart_send_string
                        0x1008'4d01   0x6a  Code  Gb  zf_device_wireless_uart.o [48]
zf_debug_assert_enable  0x2802'0746    0x1  Data  Lc  zf_common_debug.o [46]
zf_debug_init_flag      0x2802'0d29    0x1  Data  Lc  zf_common_debug.o [46]


[1] = D:\desk\ygcz_demo\project\iar\Debug_m7_0\Obj\adc_11722776235721520015.dir
[2] = D:\desk\ygcz_demo\project\iar\Debug_m7_0\Obj\audioss_1346650047966882938.dir
[3] = D:\desk\ygcz_demo\project\iar\Debug_m7_0\Obj\button_4990804375159372270.dir
[4] = D:\desk\ygcz_demo\project\iar\Debug_m7_0\Obj\canfd_1800690984773873875.dir
[5] = D:\desk\ygcz_demo\project\iar\Debug_m7_0\Obj\code_17896468042025673432.dir
[6] = D:\desk\ygcz_demo\project\iar\Debug_m7_0\Obj\cpu_15938736945165268644.dir
[7] = D:\desk\ygcz_demo\project\iar\Debug_m7_0\Obj\crypto_1190170608956581615.dir
[8] = D:\desk\ygcz_demo\project\iar\Debug_m7_0\Obj\dma_12106025507578611576.dir
[9] = D:\desk\ygcz_demo\project\iar\Debug_m7_0\Obj\eth_phy_18133017486186456677.dir
[10] = D:\desk\ygcz_demo\project\iar\Debug_m7_0\Obj\ethernet_6029839089178797009.dir
[11] = D:\desk\ygcz_demo\project\iar\Debug_m7_0\Obj\evtgen_3404189088603873129.dir
[12] = D:\desk\ygcz_demo\project\iar\Debug_m7_0\Obj\flash_8529866181315662935.dir
[13] = D:\desk\ygcz_demo\project\iar\Debug_m7_0\Obj\flash_864493325053435817.dir
[14] = D:\desk\ygcz_demo\project\iar\Debug_m7_0\Obj\gpio_3999404635324069351.dir
[15] = D:\desk\ygcz_demo\project\iar\Debug_m7_0\Obj\ipc_10145506163450686023.dir
[16] = D:\desk\ygcz_demo\project\iar\Debug_m7_0\Obj\lin_18429031207028094880.dir
[17] = D:\desk\ygcz_demo\project\iar\Debug_m7_0\Obj\lvd_6353935867039560245.dir
[18] = D:\desk\ygcz_demo\project\iar\Debug_m7_0\Obj\mcwdt_4052485907822033969.dir
[19] = D:\desk\ygcz_demo\project\iar\Debug_m7_0\Obj\mpu_5663187252346826382.dir
[20] = D:\desk\ygcz_demo\project\iar\Debug_m7_0\Obj\power_14453085144426420577.dir
[21] = D:\desk\ygcz_demo\project\iar\Debug_m7_0\Obj\prot_10722960861768657883.dir
[22] = D:\desk\ygcz_demo\project\iar\Debug_m7_0\Obj\rev_b_4986922561640112550.dir
[23] = D:\desk\ygcz_demo\project\iar\Debug_m7_0\Obj\rev_b_6162237342861132223.dir
[24] = D:\desk\ygcz_demo\project\iar\Debug_m7_0\Obj\scb_15490842639181808494.dir
[25] = D:\desk\ygcz_demo\project\iar\Debug_m7_0\Obj\sd_host_2982766354293506895.dir
[26] = D:\desk\ygcz_demo\project\iar\Debug_m7_0\Obj\semihosting_143864889731838620.dir
[27] = D:\desk\ygcz_demo\project\iar\Debug_m7_0\Obj\smartio_5451710003740070188.dir
[28] = D:\desk\ygcz_demo\project\iar\Debug_m7_0\Obj\smif_427648126384146252.dir
[29] = D:\desk\ygcz_demo\project\iar\Debug_m7_0\Obj\smif_mem_6470536964353725183.dir
[30] = D:\desk\ygcz_demo\project\iar\Debug_m7_0\Obj\srom_13018798572330080582.dir
[31] = D:\desk\ygcz_demo\project\iar\Debug_m7_0\Obj\startup_479057977785470282.dir
[32] = D:\desk\ygcz_demo\project\iar\Debug_m7_0\Obj\sw_timer_4215635015939382130.dir
[33] = D:\desk\ygcz_demo\project\iar\Debug_m7_0\Obj\sysclk_16149231235676103872.dir
[34] = D:\desk\ygcz_demo\project\iar\Debug_m7_0\Obj\sysflt_12293435975120599261.dir
[35] = D:\desk\ygcz_demo\project\iar\Debug_m7_0\Obj\sysint_7435970359207984181.dir
[36] = D:\desk\ygcz_demo\project\iar\Debug_m7_0\Obj\syslib_16330585751512546975.dir
[37] = D:\desk\ygcz_demo\project\iar\Debug_m7_0\Obj\syspm_10887939769544754770.dir
[38] = D:\desk\ygcz_demo\project\iar\Debug_m7_0\Obj\sysreghc_17676636058511625587.dir
[39] = D:\desk\ygcz_demo\project\iar\Debug_m7_0\Obj\sysreset_14586141425677365288.dir
[40] = D:\desk\ygcz_demo\project\iar\Debug_m7_0\Obj\sysrtc_10747768817563771611.dir
[41] = D:\desk\ygcz_demo\project\iar\Debug_m7_0\Obj\systick_16016591671695740695.dir
[42] = D:\desk\ygcz_demo\project\iar\Debug_m7_0\Obj\syswdt_9118657615806274156.dir
[43] = D:\desk\ygcz_demo\project\iar\Debug_m7_0\Obj\tcpwm_422923530147891246.dir
[44] = D:\desk\ygcz_demo\project\iar\Debug_m7_0\Obj\trigmux_9729677290734583340.dir
[45] = D:\desk\ygcz_demo\project\iar\Debug_m7_0\Obj\user_8514941877209965082.dir
[46] = D:\desk\ygcz_demo\project\iar\Debug_m7_0\Obj\zf_common_1201165462030747823.dir
[47] = D:\desk\ygcz_demo\project\iar\Debug_m7_0\Obj\zf_components_14936052685886095442.dir
[48] = D:\desk\ygcz_demo\project\iar\Debug_m7_0\Obj\zf_device_6570275422786408770.dir
[49] = D:\desk\ygcz_demo\project\iar\Debug_m7_0\Obj\zf_driver_11922370083829174090.dir
[50] = dl7M_tln.a
[51] = m7M_tlv.a
[52] = rt7M_tl.a
[53] = shb_l.a
[54] = zf_device_config.a

  22'668 bytes of readonly  code memory
     899 bytes of readonly  data memory
  11'696 bytes of readwrite data memory

Errors: none
Warnings: none
